Component: ARM Compiler 5.06 update 7 (build 960) Tool: armlink [4d3601]

==============================================================================

Section Cross References

    startup_stm32f103xb.o(STACK) refers (Special) to heapauxi.o(.text) for __use_two_region_memory
    startup_stm32f103xb.o(HEAP) refers (Special) to heapauxi.o(.text) for __use_two_region_memory
    startup_stm32f103xb.o(RESET) refers (Special) to heapauxi.o(.text) for __use_two_region_memory
    startup_stm32f103xb.o(RESET) refers to startup_stm32f103xb.o(STACK) for __initial_sp
    startup_stm32f103xb.o(RESET) refers to startup_stm32f103xb.o(.text) for Reset_Handler
    startup_stm32f103xb.o(RESET) refers to stm32f1xx_it.o(i.NMI_Handler) for NMI_Handler
    startup_stm32f103xb.o(RESET) refers to stm32f1xx_it.o(i.HardFault_Handler) for HardFault_Handler
    startup_stm32f103xb.o(RESET) refers to stm32f1xx_it.o(i.MemManage_Handler) for MemManage_Handler
    startup_stm32f103xb.o(RESET) refers to stm32f1xx_it.o(i.BusFault_Handler) for BusFault_Handler
    startup_stm32f103xb.o(RESET) refers to stm32f1xx_it.o(i.UsageFault_Handler) for UsageFault_Handler
    startup_stm32f103xb.o(RESET) refers to stm32f1xx_it.o(i.SVC_Handler) for SVC_Handler
    startup_stm32f103xb.o(RESET) refers to stm32f1xx_it.o(i.DebugMon_Handler) for DebugMon_Handler
    startup_stm32f103xb.o(RESET) refers to stm32f1xx_it.o(i.PendSV_Handler) for PendSV_Handler
    startup_stm32f103xb.o(RESET) refers to stm32f1xx_it.o(i.SysTick_Handler) for SysTick_Handler
    startup_stm32f103xb.o(RESET) refers to stm32f1xx_it.o(i.USART1_IRQHandler) for USART1_IRQHandler
    startup_stm32f103xb.o(RESET) refers to stm32f1xx_it.o(i.USART2_IRQHandler) for USART2_IRQHandler
    startup_stm32f103xb.o(RESET) refers to stm32f1xx_it.o(i.USART3_IRQHandler) for USART3_IRQHandler
    startup_stm32f103xb.o(.text) refers (Special) to heapauxi.o(.text) for __use_two_region_memory
    startup_stm32f103xb.o(.text) refers to system_stm32f1xx.o(i.SystemInit) for SystemInit
    startup_stm32f103xb.o(.text) refers to __main.o(!!!main) for __main
    startup_stm32f103xb.o(.text) refers to startup_stm32f103xb.o(HEAP) for Heap_Mem
    startup_stm32f103xb.o(.text) refers to startup_stm32f103xb.o(STACK) for Stack_Mem
    main.o(i.HOOCH_PROTOCOL_AirConditioner_Process) refers to user_printf.o(i.Log_Printf) for Log_Printf
    main.o(i.HOOCH_PROTOCOL_AirConditioner_Process) refers to main.o(.conststring) for .conststring
    main.o(i.HOOCH_PROTOCOL_CodeMatchDispatch_Process) refers to user_printf.o(i.Log_Printf) for Log_Printf
    main.o(i.HOOCH_PROTOCOL_CodeMatchDispatch_Process) refers to main.o(.conststring) for .conststring
    main.o(i.HOOCH_PROTOCOL_Curtain_Process) refers to user_printf.o(i.Log_Printf) for Log_Printf
    main.o(i.HOOCH_PROTOCOL_Curtain_Process) refers to main.o(.conststring) for .conststring
    main.o(i.HOOCH_PROTOCOL_DimmerLight_Process) refers to user_printf.o(i.Log_Printf) for Log_Printf
    main.o(i.HOOCH_PROTOCOL_DimmerLight_Process) refers to main.o(.conststring) for .conststring
    main.o(i.HOOCH_PROTOCOL_FloorHeating_Process) refers to user_printf.o(i.Log_Printf) for Log_Printf
    main.o(i.HOOCH_PROTOCOL_FloorHeating_Process) refers to main.o(.conststring) for .conststring
    main.o(i.HOOCH_PROTOCOL_FreshAir_Process) refers to user_printf.o(i.Log_Printf) for Log_Printf
    main.o(i.HOOCH_PROTOCOL_FreshAir_Process) refers to main.o(.conststring) for .conststring
    main.o(i.HOOCH_PROTOCOL_KeyMode_Process) refers to user_printf.o(i.Log_Printf) for Log_Printf
    main.o(i.HOOCH_PROTOCOL_KeyMode_Process) refers to main.o(.conststring) for .conststring
    main.o(i.HOOCH_PROTOCOL_KeyName_Process) refers to user_printf.o(i.Log_Printf) for Log_Printf
    main.o(i.HOOCH_PROTOCOL_KeyName_Process) refers to main.o(.conststring) for .conststring
    main.o(i.HOOCH_PROTOCOL_KeyStatusReport_Process) refers to user_printf.o(i.Log_Printf) for Log_Printf
    main.o(i.HOOCH_PROTOCOL_KeyStatusReport_Process) refers to main.o(.conststring) for .conststring
    main.o(i.HOOCH_PROTOCOL_SceneDispatch_Process) refers to user_printf.o(i.Log_Printf) for Log_Printf
    main.o(i.HOOCH_PROTOCOL_SceneDispatch_Process) refers to main.o(.conststring) for .conststring
    main.o(i.HOOCH_PROTOCOL_Setting_Process) refers to user_printf.o(i.Log_Printf) for Log_Printf
    main.o(i.HOOCH_PROTOCOL_Setting_Process) refers to main.o(.conststring) for .conststring
    main.o(i.SystemClock_Config) refers to rt_memclr_w.o(.text) for __aeabi_memclr4
    main.o(i.SystemClock_Config) refers to stm32f1xx_hal_rcc.o(i.HAL_RCC_OscConfig) for HAL_RCC_OscConfig
    main.o(i.SystemClock_Config) refers to stm32f1xx_hal_rcc.o(i.HAL_RCC_ClockConfig) for HAL_RCC_ClockConfig
    main.o(i.main) refers to stm32f1xx_hal.o(i.HAL_Init) for HAL_Init
    main.o(i.main) refers to main.o(i.SystemClock_Config) for SystemClock_Config
    main.o(i.main) refers to gpio.o(i.MX_GPIO_Init) for MX_GPIO_Init
[...]
    __user_perthread_libspace                0x08000ca5   Thumb Code     0  libspace.o(.text)
    __rt_locale                              0x08000cad   Thumb Code     8  rt_locale_intlibspace.o(.text)
    _ll_udiv10                               0x08000cb5   Thumb Code   138  lludiv10.o(.text)
    __lib_sel_fp_printf                      0x08000d3f   Thumb Code     2  _printf_fp_dec.o(.text)
    _printf_fp_dec_real                      0x08000ef1   Thumb Code   620  _printf_fp_dec.o(.text)
    _printf_fp_hex_real                      0x0800115d   Thumb Code   756  _printf_fp_hex.o(.text)
    _printf_lcs_common                       0x08001459   Thumb Code    20  _printf_wchar.o(.text)
    _printf_wchar                            0x0800146d   Thumb Code    16  _printf_wchar.o(.text)
    _printf_wstring                          0x0800147d   Thumb Code     8  _printf_wchar.o(.text)
    _chval                                   0x08001485   Thumb Code    28  _chval.o(.text)
    _wcrtomb                                 0x080014a1   Thumb Code    64  _wcrtomb.o(.text)
    __user_setup_stackheap                   0x080014e1   Thumb Code    74  sys_stackheap_outer.o(.text)
    _printf_fp_infnan                        0x0800152d   Thumb Code   112  _printf_fp_infnan.o(.text)
    _btod_etento                             0x080015ad   Thumb Code   224  bigflt0.o(.text)
    exit                                     0x08001691   Thumb Code    18  exit.o(.text)
    _btod_d2e                                0x080016a3   Thumb Code    62  btod.o(CL$$btod_d2e)
    _d2e_denorm_low                          0x080016e1   Thumb Code    70  btod.o(CL$$btod_d2e_denorm_low)
    _d2e_norm_op1                            0x08001727   Thumb Code    96  btod.o(CL$$btod_d2e_norm_op1)
    __btod_div_common                        0x08001787   Thumb Code   696  btod.o(CL$$btod_div_common)
    _e2e                                     0x08001abf   Thumb Code   220  btod.o(CL$$btod_e2e)
    _btod_ediv                               0x08001b9b   Thumb Code    42  btod.o(CL$$btod_ediv)
    _btod_emul                               0x08001bc5   Thumb Code    42  btod.o(CL$$btod_emul)
    __btod_mult_common                       0x08001bef   Thumb Code   580  btod.o(CL$$btod_mult_common)
    BusFault_Handler                         0x08001e33   Thumb Code     2  stm32f1xx_it.o(i.BusFault_Handler)
    DebugMon_Handler                         0x08001e35   Thumb Code     2  stm32f1xx_it.o(i.DebugMon_Handler)
    Error_Handler                            0x08001e37   Thumb Code     4  main.o(i.Error_Handler)
    FrameParser_CalcChecksum                 0x08001e3b   Thumb Code    54  xiaomi_smart_screen_circular_buffer.o(i.FrameParser_CalcChecksum)
    FrameParser_Init                         0x08001e71   Thumb Code    24  xiaomi_smart_screen_circular_buffer.o(i.FrameParser_Init)
    FrameParser_ProcessByte                  0x08001e89   Thumb Code   250  xiaomi_smart_screen_circular_buffer.o(i.FrameParser_ProcessByte)
    FrameParser_VerifyChecksum               0x08001fa1   Thumb Code    24  xiaomi_smart_screen_circular_buffer.o(i.FrameParser_VerifyChecksum)
    HAL_DMA_Abort                            0x08001fb9   Thumb Code    70  stm32f1xx_hal_dma.o(i.HAL_DMA_Abort)
    HAL_DMA_Abort_IT                         0x08002001   Thumb Code   148  stm32f1xx_hal_dma.o(i.HAL_DMA_Abort_IT)
    HAL_Delay                                0x08002099   Thumb Code    32  stm32f1xx_hal.o(i.HAL_Delay)
    HAL_GPIO_Init                            0x080020bd   Thumb Code   446  stm32f1xx_hal_gpio.o(i.HAL_GPIO_Init)
    HAL_GetTick                              0x0800229d   Thumb Code     6  stm32f1xx_hal.o(i.HAL_GetTick)
    HAL_IncTick                              0x080022a9   Thumb Code    12  stm32f1xx_hal.o(i.HAL_IncTick)
    HAL_Init                                 0x080022b9   Thumb Code    32  stm32f1xx_hal.o(i.HAL_Init)
    HAL_InitTick                             0x080022dd   Thumb Code    54  stm32f1xx_hal.o(i.HAL_InitTick)
    HAL_MspInit                              0x0800231d   Thumb Code    52  stm32f1xx_hal_msp.o(i.HAL_MspInit)
    HAL_NVIC_EnableIRQ                       0x08002359   Thumb Code    26  stm32f1xx_hal_cortex.o(i.HAL_NVIC_EnableIRQ)
    HAL_NVIC_SetPriority                     0x08002375   Thumb Code    60  stm32f1xx_hal_cortex.o(i.HAL_NVIC_SetPriority)
    HAL_NVIC_SetPriorityGrouping             0x080023b5   Thumb Code    26  stm32f1xx_hal_cortex.o(i.HAL_NVIC_SetPriorityGrouping)
    HAL_RCC_ClockConfig                      0x080023d9   Thumb Code   280  stm32f1xx_hal_rcc.o(i.HAL_RCC_ClockConfig)
    HAL_RCC_GetPCLK1Freq                     0x08002505   Thumb Code    20  stm32f1xx_hal_rcc.o(i.HAL_RCC_GetPCLK1Freq)
    HAL_RCC_GetPCLK2Freq                     0x08002525   Thumb Code    20  stm32f1xx_hal_rcc.o(i.HAL_RCC_GetPCLK2Freq)
    HAL_RCC_GetSysClockFreq                  0x08002545   Thumb Code    58  stm32f1xx_hal_rcc.o(i.HAL_RCC_GetSysClockFreq)
    HAL_RCC_OscConfig                        0x08002591   Thumb Code   778  stm32f1xx_hal_rcc.o(i.HAL_RCC_OscConfig)
    HAL_SYSTICK_Config                       0x080028b1   Thumb Code    40  stm32f1xx_hal_cortex.o(i.HAL_SYSTICK_Config)
    HAL_UARTEx_RxEventCallback               0x080028d9   Thumb Code     2  stm32f1xx_hal_uart.o(i.HAL_UARTEx_RxEventCallback)
    HAL_UART_ErrorCallback                   0x080028db   Thumb Code     2  stm32f1xx_hal_uart.o(i.HAL_UART_ErrorCallback)
    HAL_UART_IRQHandler                      0x080028dd   Thumb Code   616  stm32f1xx_hal_uart.o(i.HAL_UART_IRQHandler)
    HAL_UART_Init                            0x08002b49   Thumb Code   100  stm32f1xx_hal_uart.o(i.HAL_UART_Init)
    HAL_UART_MspInit                         0x08002bad   Thumb Code   282  usart.o(i.HAL_UART_MspInit)
    HAL_UART_RxCpltCallback                  0x08002ce1   Thumb Code     2  stm32f1xx_hal_uart.o(i.HAL_UART_RxCpltCallback)
    HAL_UART_Transmit                        0x08002ce3   Thumb Code   160  stm32f1xx_hal_uart.o(i.HAL_UART_Transmit)
    HAL_UART_TxCpltCallback                  0x08002d83   Thumb Code     2  stm32f1xx_hal_uart.o(i.HAL_UART_TxCpltCallback)
    HOOCH_PROTOCOL_AirConditioner_Dispatch   0x08002da5   Thumb Code     4  hooch_air_conditioner_dispatch.o(i.HOOCH_PROTOCOL_AirConditioner_Dispatch)
    HOOCH_PROTOCOL_AirConditioner_IsValidFanSpeed 0x08002da9   Thumb Code    14  hooch_air_conditioner_report.o(i.HOOCH_PROTOCOL_AirConditioner_IsValidFanSpeed)
    HOOCH_PROTOCOL_AirConditioner_IsValidMode 0x08002db7   Thumb Code    14  hooch_air_conditioner_report.o(i.HOOCH_PROTOCOL_AirConditioner_IsValidMode)
    HOOCH_PROTOCOL_AirConditioner_IsValidPower 0x08002dc5   Thumb Code    14  hooch_air_conditioner_report.o(i.HOOCH_PROTOCOL_AirConditioner_IsValidPower)
    HOOCH_PROTOCOL_AirConditioner_Process    0x08002e1d   Thumb Code    64  main.o(i.HOOCH_PROTOCOL_AirConditioner_Process)
    HOOCH_PROTOCOL_AirConditioner_RegisterCallback 0x08002e9d   Thumb Code     6  hooch_air_conditioner_dispatch.o(i.HOOCH_PROTOCOL_AirConditioner_RegisterCallback)
    HOOCH_PROTOCOL_AirConditioner_RegisterReportCallback 0x08002ea9   Thumb Code     6  hooch_air_conditioner_report.o(i.HOOCH_PROTOCOL_AirConditioner_RegisterReportCallback)
    HOOCH_PROTOCOL_AirConditioner_SendFanSpeed 0x08002eb5   Thumb Code    50  hooch_air_conditioner_report.o(i.HOOCH_PROTOCOL_AirConditioner_SendFanSpeed)
    HOOCH_PROTOCOL_AirConditioner_SendFrame  0x08002eed   Thumb Code    74  hooch_air_conditioner_report.o(i.HOOCH_PROTOCOL_AirConditioner_SendFrame)
    HOOCH_PROTOCOL_AirConditioner_SendFrameAddr 0x08002f3d   Thumb Code    74  hooch_air_conditioner_report.o(i.HOOCH_PROTOCOL_AirConditioner_SendFrameAddr)
    HOOCH_PROTOCOL_AirConditioner_SendMode   0x08002f8d   Thumb Code    50  hooch_air_conditioner_report.o(i.HOOCH_PROTOCOL_AirConditioner_SendMode)
    HOOCH_PROTOCOL_AirConditioner_SendPower  0x08002fc5   Thumb Code    50  hooch_air_conditioner_report.o(i.HOOCH_PROTOCOL_AirConditioner_SendPower)
    HOOCH_PROTOCOL_AirConditioner_SendTemperature 0x08002ffd   Thumb Code    50  hooch_air_conditioner_report.o(i.HOOCH_PROTOCOL_AirConditioner_SendTemperature)
    HOOCH_PROTOCOL_CodeMatchDispatch_Dispatch 0x08003161   Thumb Code     4  hooch_code_match_dispatch_dispatch.o(i.HOOCH_PROTOCOL_CodeMatchDispatch_Dispatch)
    HOOCH_PROTOCOL_CodeMatchDispatch_Process 0x08003179   Thumb Code   128  main.o(i.HOOCH_PROTOCOL_CodeMatchDispatch_Process)
    HOOCH_PROTOCOL_CodeMatchDispatch_RegisterCallback 0x08003269   Thumb Code     6  hooch_code_match_dispatch_dispatch.o(i.HOOCH_PROTOCOL_CodeMatchDispatch_RegisterCallback)
    HOOCH_PROTOCOL_CodeMatchDispatch_Set     0x08003275   Thumb Code    28  hooch_code_match_dispatch_dispatch.o(i.HOOCH_PROTOCOL_CodeMatchDispatch_Set)
    HOOCH_PROTOCOL_CodeMatchReport_RegisterCallback 0x080032a9   Thumb Code     6  hooch_code_match_dispatch_report.o(i.HOOCH_PROTOCOL_CodeMatchReport_RegisterCallback)
    HOOCH_PROTOCOL_CodeMatchReport_RegisterSwitchCallback 0x080032b5   Thumb Code     6  hooch_code_match_dispatch_report.o(i.HOOCH_PROTOCOL_CodeMatchReport_RegisterSwitchCallback)
    HOOCH_PROTOCOL_CodeMatchReport_Send      0x080032c1   Thumb Code     4  hooch_code_match_dispatch_report.o(i.HOOCH_PROTOCOL_CodeMatchReport_Send)
    HOOCH_PROTOCOL_CodeMatchReport_SendSwitch 0x080032c5   Thumb Code    28  hooch_code_match_dispatch_report.o(i.HOOCH_PROTOCOL_CodeMatchReport_SendSwitch)
    HOOCH_PROTOCOL_CodeMatchReport_Set       0x080032e5   Thumb Code    28  hooch_code_match_dispatch_report.o(i.HOOCH_PROTOCOL_CodeMatchReport_Set)
    HOOCH_PROTOCOL_Curtain_Process           0x08003335   Thumb Code    44  main.o(i.HOOCH_PROTOCOL_Curtain_Process)
    HOOCH_PROTOCOL_Curtain_RegisterCallback  0x08003399   Thumb Code     6  hooch_curtain_dispatch.o(i.HOOCH_PROTOCOL_Curtain_RegisterCallback)
    HOOCH_PROTOCOL_Curtain_RegisterReportCallback 0x080033a5   Thumb Code     6  hooch_curtain_report.o(i.HOOCH_PROTOCOL_Curtain_RegisterReportCallback)
    HOOCH_PROTOCOL_Curtain_RegisterReportCallback2 0x080033b1   Thumb Code     6  hooch_curtain_report.o(i.HOOCH_PROTOCOL_Curtain_RegisterReportCallback2)
    HOOCH_PROTOCOL_Curtain_SendAngle         0x080033bd   Thumb Code     4  hooch_curtain_report.o(i.HOOCH_PROTOCOL_Curtain_SendAngle)
    HOOCH_PROTOCOL_Curtain_SendAnglePage     0x080033c1   Thumb Code    50  hooch_curtain_report.o(i.HOOCH_PROTOCOL_Curtain_SendAnglePage)
    HOOCH_PROTOCOL_Curtain_SendPercent       0x080033f9   Thumb Code     4  hooch_curtain_report.o(i.HOOCH_PROTOCOL_Curtain_SendPercent)
    HOOCH_PROTOCOL_Curtain_SendPercentPage   0x080033fd   Thumb Code    50  hooch_curtain_report.o(i.HOOCH_PROTOCOL_Curtain_SendPercentPage)
    HOOCH_PROTOCOL_Curtain_SendStop          0x08003435   Thumb Code     4  hooch_curtain_report.o(i.HOOCH_PROTOCOL_Curtain_SendStop)
    HOOCH_PROTOCOL_Curtain_SendStopPage      0x08003439   Thumb Code    50  hooch_curtain_report.o(i.HOOCH_PROTOCOL_Curtain_SendStopPage)
    HOOCH_PROTOCOL_Curtain_SendSwitch        0x08003471   Thumb Code     4  hooch_curtain_report.o(i.HOOCH_PROTOCOL_Curtain_SendSwitch)
    HOOCH_PROTOCOL_Curtain_SendSwitchPage    0x08003475   Thumb Code    50  hooch_curtain_report.o(i.HOOCH_PROTOCOL_Curtain_SendSwitchPage)
    HOOCH_PROTOCOL_Curtain_SetAngle          0x080034ad   Thumb Code    20  hooch_curtain_report.o(i.HOOCH_PROTOCOL_Curtain_SetAngle)
    HOOCH_PROTOCOL_Curtain_SetPercent        0x080034f1   Thumb Code    20  hooch_curtain_report.o(i.HOOCH_PROTOCOL_Curtain_SetPercent)
    HOOCH_PROTOCOL_Curtain_SetStop           0x08003509   Thumb Code    18  hooch_curtain_report.o(i.HOOCH_PROTOCOL_Curtain_SetStop)
    HOOCH_PROTOCOL_Curtain_SetValue          0x08003521   Thumb Code    18  hooch_curtain_report.o(i.HOOCH_PROTOCOL_Curtain_SetValue)
    HOOCH_PROTOCOL_DimmerLight_Process       0x08003585   Thumb Code    44  main.o(i.HOOCH_PROTOCOL_DimmerLight_Process)
    HOOCH_PROTOCOL_DimmerLight_RegisterCallback 0x080035ed   Thumb Code     6  hooch_dimmer_light_dispatch.o(i.HOOCH_PROTOCOL_DimmerLight_RegisterCallback)
    HOOCH_PROTOCOL_DimmerLight_RegisterReportCallback 0x080035f9   Thumb Code     6  hooch_dimmer_light_report.o(i.HOOCH_PROTOCOL_DimmerLight_RegisterReportCallback)
    HOOCH_PROTOCOL_DimmerLight_RegisterReportCallback2 0x08003605   Thumb Code     6  hooch_dimmer_light_report.o(i.HOOCH_PROTOCOL_DimmerLight_RegisterReportCallback2)
    HOOCH_PROTOCOL_DimmerLight_SendBrightness 0x08003611   Thumb Code    40  hooch_dimmer_light_report.o(i.HOOCH_PROTOCOL_DimmerLight_SendBrightness)
    HOOCH_PROTOCOL_DimmerLight_SendBrightnessPage 0x0800363d   Thumb Code    42  hooch_dimmer_light_report.o(i.HOOCH_PROTOCOL_DimmerLight_SendBrightnessPage)
    HOOCH_PROTOCOL_DimmerLight_SendColorTemperature 0x0800366d   Thumb Code    40  hooch_dimmer_light_report.o(i.HOOCH_PROTOCOL_DimmerLight_SendColorTemperature)
    HOOCH_PROTOCOL_DimmerLight_SendColorTemperaturePage 0x08003699   Thumb Code    42  hooch_dimmer_light_report.o(i.HOOCH_PROTOCOL_DimmerLight_SendColorTemperaturePage)
    HOOCH_PROTOCOL_DimmerLight_SendSwitch    0x080036c9   Thumb Code    52  hooch_dimmer_light_report.o(i.HOOCH_PROTOCOL_DimmerLight_SendSwitch)
    HOOCH_PROTOCOL_DimmerLight_SendSwitchPage 0x08003701   Thumb Code    58  hooch_dimmer_light_report.o(i.HOOCH_PROTOCOL_DimmerLight_SendSwitchPage)
    HOOCH_PROTOCOL_FloorHeating_Process      0x08003741   Thumb Code    64  main.o(i.HOOCH_PROTOCOL_FloorHeating_Process)
    HOOCH_PROTOCOL_FloorHeating_RegisterCallback 0x080037bd   Thumb Code     6  hooch_floor_heating_dispatch.o(i.HOOCH_PROTOCOL_FloorHeating_RegisterCallback)
    HOOCH_PROTOCOL_FreshAir_Process          0x080037c9   Thumb Code    60  main.o(i.HOOCH_PROTOCOL_FreshAir_Process)
    HOOCH_PROTOCOL_FreshAir_RegisterCallback 0x0800383d   Thumb Code     6  hooch_fresh_air_dispatch.o(i.HOOCH_PROTOCOL_FreshAir_RegisterCallback)
    HOOCH_PROTOCOL_KeyClickReport_IsValidKey 0x08003857   Thumb Code    14  hooch_key_click_report.o(i.HOOCH_PROTOCOL_KeyClickReport_IsValidKey)
    HOOCH_PROTOCOL_KeyClickReport_RegisterCallback 0x08003889   Thumb Code     6  hooch_key_click_report.o(i.HOOCH_PROTOCOL_KeyClickReport_RegisterCallback)
    HOOCH_PROTOCOL_KeyClickReport_Send       0x08003895   Thumb Code     4  hooch_key_click_report.o(i.HOOCH_PROTOCOL_KeyClickReport_Send)
    HOOCH_PROTOCOL_KeyClickReport_Set        0x08003899   Thumb Code    60  hooch_key_click_report.o(i.HOOCH_PROTOCOL_KeyClickReport_Set)
    HOOCH_PROTOCOL_KeyMode_IsValidKey        0x080038d9   Thumb Code    14  hooch_key_mode.o(i.HOOCH_PROTOCOL_KeyMode_IsValidKey)
    HOOCH_PROTOCOL_KeyMode_IsValidPowerOnStatus 0x080038e7   Thumb Code    18  hooch_key_mode.o(i.HOOCH_PROTOCOL_KeyMode_IsValidPowerOnStatus)
    HOOCH_PROTOCOL_KeyMode_Process           0x0800390d   Thumb Code    42  main.o(i.HOOCH_PROTOCOL_KeyMode_Process)
    HOOCH_PROTOCOL_KeyMode_RegisterCallback  0x08003971   Thumb Code     6  hooch_key_mode.o(i.HOOCH_PROTOCOL_KeyMode_RegisterCallback)
    HOOCH_PROTOCOL_KeyMode_Send              0x0800397d   Thumb Code     4  hooch_key_mode.o(i.HOOCH_PROTOCOL_KeyMode_Send)
    HOOCH_PROTOCOL_KeyMode_Set               0x08003981   Thumb Code    60  hooch_key_mode.o(i.HOOCH_PROTOCOL_KeyMode_Set)
    HOOCH_PROTOCOL_KeyName_Process           0x080039f5   Thumb Code    60  main.o(i.HOOCH_PROTOCOL_KeyName_Process)
    HOOCH_PROTOCOL_KeyName_RegisterCallback  0x08003a69   Thumb Code     6  hooch_key_name.o(i.HOOCH_PROTOCOL_KeyName_RegisterCallback)
    HOOCH_PROTOCOL_KeyName_SetFrame          0x08003a75   Thumb Code    62  hooch_key_name.o(i.HOOCH_PROTOCOL_KeyName_SetFrame)
    HOOCH_PROTOCOL_KeyStatusDispatch_IsValidKey 0x08003ab9   Thumb Code    14  hooch_key_status_dispatch.o(i.HOOCH_PROTOCOL_KeyStatusDispatch_IsValidKey)
    HOOCH_PROTOCOL_KeyStatusDispatch_RegisterCallback 0x08003ae5   Thumb Code     6  hooch_key_status_dispatch.o(i.HOOCH_PROTOCOL_KeyStatusDispatch_RegisterCallback)
    HOOCH_PROTOCOL_KeyStatusDispatch_SetFrame 0x08003af1   Thumb Code    46  hooch_key_status_dispatch.o(i.HOOCH_PROTOCOL_KeyStatusDispatch_SetFrame)
    HOOCH_PROTOCOL_KeyStatusReport_IsValidKey 0x08003b25   Thumb Code    14  hooch_key_status_report.o(i.HOOCH_PROTOCOL_KeyStatusReport_IsValidKey)
    HOOCH_PROTOCOL_KeyStatusReport_Process   0x08003b51   Thumb Code    38  main.o(i.HOOCH_PROTOCOL_KeyStatusReport_Process)
    HOOCH_PROTOCOL_KeyStatusReport_RegisterCallback 0x08003bb1   Thumb Code     6  hooch_key_status_report.o(i.HOOCH_PROTOCOL_KeyStatusReport_RegisterCallback)
    HOOCH_PROTOCOL_KeyStatusReport_Send      0x08003bbd   Thumb Code     4  hooch_key_status_report.o(i.HOOCH_PROTOCOL_KeyStatusReport_Send)
    HOOCH_PROTOCOL_KeyStatusReport_Set       0x08003bc1   Thumb Code    48  hooch_key_status_report.o(i.HOOCH_PROTOCOL_KeyStatusReport_Set)
    HOOCH_PROTOCOL_SceneDispatch_Process     0x08003bf5   Thumb Code    42  main.o(i.HOOCH_PROTOCOL_SceneDispatch_Process)
    HOOCH_PROTOCOL_SceneDispatch_RegisterCallback 0x08003c5d   Thumb Code     6  hooch_scene_dispatch.o(i.HOOCH_PROTOCOL_SceneDispatch_RegisterCallback)
    HOOCH_PROTOCOL_SceneReport_Send          0x08003c91   Thumb Code     4  hooch_scene_report.o(i.HOOCH_PROTOCOL_SceneReport_Send)
    HOOCH_PROTOCOL_SceneReport_Set           0x08003c95   Thumb Code    38  hooch_scene_report.o(i.HOOCH_PROTOCOL_SceneReport_Set)
    HOOCH_PROTOCOL_SettingReport_RegisterCallback 0x08003cc1   Thumb Code     6  hooch_setting_report.o(i.HOOCH_PROTOCOL_SettingReport_RegisterCallback)
    HOOCH_PROTOCOL_SettingReport_Send        0x08003ccd   Thumb Code     4  hooch_setting_report.o(i.HOOCH_PROTOCOL_SettingReport_Send)
    HOOCH_PROTOCOL_SettingReport_SetEvent    0x08003cd1   Thumb Code    34  hooch_setting_report.o(i.HOOCH_PROTOCOL_SettingReport_SetEvent)
    HOOCH_PROTOCOL_Setting_Process           0x08003d11   Thumb Code   138  main.o(i.HOOCH_PROTOCOL_Setting_Process)
    HOOCH_PROTOCOL_Setting_RegisterCallback  0x08003e89   Thumb Code     6  hooch_setting.o(i.HOOCH_PROTOCOL_Setting_RegisterCallback)
    HOOCH_PROTOCOL_Setting_SetFrame          0x08003e95   Thumb Code    32  hooch_setting.o(i.HOOCH_PROTOCOL_Setting_SetFrame)
    HardFault_Handler                        0x08003eb9   Thumb Code     2  stm32f1xx_it.o(i.HardFault_Handler)
    Hooch_CLI_Init                           0x08003ebd   Thumb Code    78  hooch_cli_driver.o(i.Hooch_CLI_Init)
    Hooch_CLI_Process                        0x08003f85   Thumb Code   288  hooch_cli_driver.o(i.Hooch_CLI_Process)
    Hooch_CLI_RxCallback                     0x080040f1   Thumb Code    28  hooch_cli_driver.o(i.Hooch_CLI_RxCallback)
    Log_Init                                 0x08004115   Thumb Code     8  user_printf.o(i.Log_Init)
    Log_Printf                               0x08004159   Thumb Code    34  user_printf.o(i.Log_Printf)
    MX_GPIO_Init                             0x08004181   Thumb Code    54  gpio.o(i.MX_GPIO_Init)
    MX_USART1_UART_Init                      0x080041bd   Thumb Code    48  usart.o(i.MX_USART1_UART_Init)
    MX_USART2_UART_Init                      0x080041f5   Thumb Code    48  usart.o(i.MX_USART2_UART_Init)
    MX_USART3_UART_Init                      0x0800422d   Thumb Code    48  usart.o(i.MX_USART3_UART_Init)
    MemManage_Handler                        0x08004265   Thumb Code     2  stm32f1xx_it.o(i.MemManage_Handler)
    NMI_Handler                              0x08004267   Thumb Code     2  stm32f1xx_it.o(i.NMI_Handler)
    PendSV_Handler                           0x08004269   Thumb Code     2  stm32f1xx_it.o(i.PendSV_Handler)
    RingBuffer_Init                          0x0800426b   Thumb Code    22  xiaomi_smart_screen_circular_buffer.o(i.RingBuffer_Init)
    RingBuffer_Pop                           0x08004281   Thumb Code    64  xiaomi_smart_screen_circular_buffer.o(i.RingBuffer_Pop)
    RingBuffer_Push                          0x080042d1   Thumb Code    44  xiaomi_smart_screen_circular_buffer.o(i.RingBuffer_Push)
    SVC_Handler                              0x080042fd   Thumb Code     2  stm32f1xx_it.o(i.SVC_Handler)
    SysTick_Handler                          0x080042ff   Thumb Code     4  stm32f1xx_it.o(i.SysTick_Handler)
    SystemClock_Config                       0x08004303   Thumb Code    94  main.o(i.SystemClock_Config)
    SystemInit                               0x08004361   Thumb Code     2  system_stm32f1xx.o(i.SystemInit)
    UART1_SendChar                           0x08004365   Thumb Code    16  user_printf.o(i.UART1_SendChar)
    UART1_SendString                         0x08004379   Thumb Code    32  user_printf.o(i.UART1_SendString)
    USART1_IRQHandler                        0x080045e9   Thumb Code    52  stm32f1xx_it.o(i.USART1_IRQHandler)
    USART2_IRQHandler                        0x08004621   Thumb Code    48  stm32f1xx_it.o(i.USART2_IRQHandler)
    USART3_IRQHandler                        0x08004655   Thumb Code     6  stm32f1xx_it.o(i.USART3_IRQHandler)
    UsageFault_Handler                       0x08004661   Thumb Code     2  stm32f1xx_it.o(i.UsageFault_Handler)
    __ARM_fpclassify                         0x08004663   Thumb Code    40  fpclassify.o(i.__ARM_fpclassify)
    _is_digit                                0x080046ab   Thumb Code    14  __printf_wp.o(i._is_digit)
    _sys_exit                                0x080046b9   Thumb Code     2  user_printf.o(i._sys_exit)
    hooch_cpu1_set_detected_protocol         0x08007575   Thumb Code     2  hooch_protocol_common.o(i.hooch_cpu1_set_detected_protocol)
    main                                     0x08007579   Thumb Code   204  main.o(i.main)
    xiaomi_smart_screen_handle_frame         0x080089e9   Thumb Code    94  xiaomi_smart_screen_handle.o(i.xiaomi_smart_screen_handle_frame)
    xiaomi_smart_screen_reply_no_param_frame 0x08008ab5   Thumb Code    64  xiaomi_smart_screen_handle.o(i.xiaomi_smart_screen_reply_no_param_frame)
    xiaomi_smart_screen_report_frame         0x08008b45   Thumb Code    90  xiaomi_smart_screen_handle.o(i.xiaomi_smart_screen_report_frame)
    xiaomi_smart_screen_report_frame_v2      0x08008c01   Thumb Code    96  xiaomi_smart_screen_handle.o(i.xiaomi_smart_screen_report_frame_v2)
    xiaoni_smart_screen_get_version          0x080093d9   Thumb Code     6  xiaomi_smart_screen_circular_buffer.o(i.xiaoni_smart_screen_get_version)
    xiaoni_smart_screen_send_report_status   0x08009561   Thumb Code    60  xiaomi_smart_screen_handle.o(i.xiaoni_smart_screen_send_report_status)
    xiaoni_smart_screen_switch_control_update 0x08009865   Thumb Code     6  xiaomi_smart_screen_circular_buffer.o(i.xiaoni_smart_screen_switch_control_update)
    xiaoni_smart_screen_uart_init            0x08009871   Thumb Code    92  xiaomi_smart_screen_circular_buffer.o(i.xiaoni_smart_screen_uart_init)
    xiaoni_smart_screen_uart_process         0x08009929   Thumb Code   156  xiaomi_smart_screen_circular_buffer.o(i.xiaoni_smart_screen_uart_process)
    xiaoni_smart_screen_uart_rxcallback      0x08009a09   Thumb Code    28  xiaomi_smart_screen_circular_buffer.o(i.xiaoni_smart_screen_uart_rxcallback)
    xiaoni_smart_screen_uart_sendframe       0x08009a49   Thumb Code   186  xiaomi_smart_screen_circular_buffer.o(i.xiaoni_smart_screen_uart_sendframe)
    _get_lc_ctype                            0x08009b95   Thumb Code    44  lc_ctype_c.o(locale$$code)
    _get_lc_numeric                          0x08009bc1   Thumb Code    44  lc_numeric_c.o(locale$$code)
    _printf_fp_dec                           0x08009bed   Thumb Code     4  printf1.o(x$fpl$printf1)
    _printf_fp_hex                           0x08009bf1   Thumb Code     4  printf2.o(x$fpl$printf2)
    __I$use$fp                               0x08009bf4   Number         0  usenofp.o(x$fpl$usenofp)
    AHBPrescTable                            0x08009db0   Data          16  system_stm32f1xx.o(.constdata)
    APBPrescTable                            0x08009dc0   Data           8  system_stm32f1xx.o(.constdata)
    Region$$Table$$Base                      0x0800b360   Number         0  anon$$obj.o(Region$$Table)
    Region$$Table$$Limit                     0x0800b380   Number         0  anon$$obj.o(Region$$Table)
    __ctype                                  0x0800b38d   Data           0  lc_ctype_c.o(locale$$data)
    SystemCoreClock                          0x20000008   Data           4  system_stm32f1xx.o(.data)
    uwTickFreq                               0x2000000c   Data           1  stm32f1xx_hal.o(.data)
    uwTickPrio                               0x20000010   Data           4  stm32f1xx_hal.o(.data)
    uwTick                                   0x20000014   Data           4  stm32f1xx_hal.o(.data)
    huart1                                   0x200000d4   Data          72  usart.o(.bss)
    huart2                                   0x2000011c   Data          72  usart.o(.bss)
    huart3                                   0x20000164   Data          72  usart.o(.bss)
    __libspace_start                         0x200005e0   Data          96  libspace.o(.bss)
    __temporary_stack_top$libspace           0x20000640   Data           0  libspace.o(.bss)



==============================================================================

Memory Map of the image

  Image Entry point : 0x080000ed

  Load Region LR_IROM1 (Base: 0x08000000, Size: 0x0000b580, Max: 0x00010000, ABSOLUTE)

    Execution Region ER_IROM1 (Exec base: 0x08000000, Load base: 0x08000000, Size: 0x0000b4ac, Max: 0x00010000, ABSOLUTE)

    Exec Addr    Load Addr    Size         Type   Attr      Idx    E Section Name        Object

    0x08000000   0x08000000   0x000000ec   Data   RO            3    RESET               startup_stm32f103xb.o
    0x080000ec   0x080000ec   0x00000008   Code   RO         6274  * !!!main             c_w.l(__main.o)
    0x080000f4   0x080000f4   0x00000034   Code   RO         6550    !!!scatter          c_w.l(__scatter.o)
    0x08000128   0x08000128   0x0000001a   Code   RO         6552    !!handler_copy      c_w.l(__scatter_copy.o)
    0x08000142   0x08000142   0x00000002   PAD
    0x08000144   0x08000144   0x0000001c   Code   RO         6554    !!handler_zi        c_w.l(__scatter_zi.o)
    0x08000160   0x08000160   0x00000000   Code   RO         6257    .ARM.Collect$$_printf_percent$$00000000  c_w.l(_printf_percent.o)
    0x08000160   0x08000160   0x00000006   Code   RO         6310    .ARM.Collect$$_printf_percent$$00000001  c_w.l(_printf_n.o)
    0x08000166   0x08000166   0x00000006   Code   RO         6311    .ARM.Collect$$_printf_percent$$00000002  c_w.l(_printf_p.o)
    0x0800016c   0x0800016c   0x00000006   Code   RO         6314    .ARM.Collect$$_printf_percent$$00000003  c_w.l(_printf_f.o)
    0x08000172   0x08000172   0x00000006   Code   RO         6315    .ARM.Collect$$_printf_percent$$00000004  c_w.l(_printf_e.o)
    0x08000178   0x08000178   0x00000006   Code   RO         6316    .ARM.Collect$$_printf_percent$$00000005  c_w.l(_printf_g.o)
    0x0800017e   0x0800017e   0x00000006   Code   RO         6317    .ARM.Collect$$_printf_percent$$00000006  c_w.l(_printf_a.o)
    0x08000184   0x08000184   0x0000000a   Code   RO         6322    .ARM.Collect$$_printf_percent$$00000007  c_w.l(_printf_ll.o)
    0x0800018e   0x0800018e   0x00000006   Code   RO         6313    .ARM.Collect$$_printf_percent$$00000008  c_w.l(_printf_i.o)
    0x08000194   0x08000194   0x00000006   Code   RO         6255    .ARM.Collect$$_printf_percent$$00000009  c_w.l(_printf_d.o)
    0x0800019a   0x0800019a   0x00000006   Code   RO         6256    .ARM.Collect$$_printf_percent$$0000000A  c_w.l(_printf_u.o)
    0x080001a0   0x080001a0   0x00000006   Code   RO         6312    .ARM.Collect$$_printf_percent$$0000000B  c_w.l(_printf_o.o)
    0x080001a6   0x080001a6   0x00000006   Code   RO         6254    .ARM.Collect$$_printf_percent$$0000000C  c_w.l(_printf_x.o)
    0x080001ac   0x080001ac   0x00000006   Code   RO         6319    .ARM.Collect$$_printf_percent$$0000000D  c_w.l(_printf_lli.o)
    0x080001b2   0x080001b2   0x00000006   Code   RO         6320    .ARM.Collect$$_printf_percent$$0000000E  c_w.l(_printf_lld.o)
    0x080001b8   0x080001b8   0x00000006   Code   RO         6321    .ARM.Collect$$_printf_percent$$0000000F  c_w.l(_printf_llu.o)
    0x080001be   0x080001be   0x00000006   Code   RO         6326    .ARM.Collect$$_printf_percent$$00000010  c_w.l(_printf_llo.o)
    0x080001c4   0x080001c4   0x00000006   Code   RO         6327    .ARM.Collect$$_printf_percent$$00000011  c_w.l(_printf_llx.o)
    0x080001ca   0x080001ca   0x0000000a   Code   RO         6323    .ARM.Collect$$_printf_percent$$00000012  c_w.l(_printf_l.o)
    0x080001d4   0x080001d4   0x00000006   Code   RO         6309    .ARM.Collect$$_printf_percent$$00000013  c_w.l(_printf_c.o)
    0x080001da   0x080001da   0x00000006   Code   RO         6253    .ARM.Collect$$_printf_percent$$00000014  c_w.l(_printf_s.o)
    0x080001e0   0x080001e0   0x00000006   Code   RO         6324    .ARM.Collect$$_printf_percent$$00000015  c_w.l(_printf_lc.o)
    0x080001e6   0x080001e6   0x00000006   Code   RO         6325    .ARM.Collect$$_printf_percent$$00000016  c_w.l(_printf_ls.o)
    0x080001ec   0x080001ec   0x00000004   Code   RO         6318    .ARM.Collect$$_printf_percent$$00000017  c_w.l(_printf_percent_end.o)
    0x080001f0   0x080001f0   0x00000002   Code   RO         6418    .ARM.Collect$$libinit$$00000000  c_w.l(libinit.o)
    0x080001f2   0x080001f2   0x00000000   Code   RO         6420    .ARM.Collect$$libinit$$00000002  c_w.l(libinit2.o)
    0x080001f2   0x080001f2   0x00000000   Code   RO         6422    .ARM.Collect$$libinit$$00000004  c_w.l(libinit2.o)
    0x080001f2   0x080001f2   0x00000000   Code   RO         6425    .ARM.Collect$$libinit$$0000000A  c_w.l(libinit2.o)
    0x080001f2   0x080001f2   0x00000000   Code   RO         6427    .ARM.Collect$$libinit$$0000000C  c_w.l(libinit2.o)
    0x080001f2   0x080001f2   0x00000000   Code   RO         6429    .ARM.Collect$$libinit$$0000000E  c_w.l(libinit2.o)
    0x080001f2   0x080001f2   0x00000006   Code   RO         6430    .ARM.Collect$$libinit$$0000000F  c_w.l(libinit2.o)
    0x080001f8   0x080001f8   0x00000000   Code   RO         6432    .ARM.Collect$$libinit$$00000011  c_w.l(libinit2.o)
    0x080001f8   0x080001f8   0x0000000c   Code   RO         6433    .ARM.Collect$$libinit$$00000012  c_w.l(libinit2.o)
    0x08000204   0x08000204   0x00000000   Code   RO         6434    .ARM.Collect$$libinit$$00000013  c_w.l(libinit2.o)
    0x08000204   0x08000204   0x00000000   Code   RO         6436    .ARM.Collect$$libinit$$00000015  c_w.l(libinit2.o)
    0x08000204   0x08000204   0x0000000a   Code   RO         6437    .ARM.Collect$$libinit$$00000016  c_w.l(libinit2.o)
    0x0800020e   0x0800020e   0x00000000   Code   RO         6438    .ARM.Collect$$libinit$$00000017  c_w.l(libinit2.o)
    0x0800020e   0x0800020e   0x00000000   Code   RO         6440    .ARM.Collect$$libinit$$00000019  c_w.l(libinit2.o)
    0x0800020e   0x0800020e   0x00000000   Code   RO         6442    .ARM.Collect$$libinit$$0000001B  c_w.l(libinit2.o)
    0x0800020e   0x0800020e   0x00000000   Code   RO         6444    .ARM.Collect$$libinit$$0000001D  c_w.l(libinit2.o)
    0x0800020e   0x0800020e   0x00000000   Code   RO         6446    .ARM.Collect$$libinit$$0000001F  c_w.l(libinit2.o)
    0x0800020e   0x0800020e   0x00000000   Code   RO         6448    .ARM.Collect$$libinit$$00000021  c_w.l(libinit2.o)
    0x0800020e   0x0800020e   0x00000000   Code   RO         6450    .ARM.Collect$$libinit$$00000023  c_w.l(libinit2.o)
    0x0800020e   0x0800020e   0x00000000   Code   RO         6452    .ARM.Collect$$libinit$$00000025  c_w.l(libinit2.o)
    0x0800020e   0x0800020e   0x00000000   Code   RO         6456    .ARM.Collect$$libinit$$0000002C  c_w.l(libinit2.o)
    0x0800020e   0x0800020e   0x00000000   Code   RO         6458    .ARM.Collect$$libinit$$0000002E  c_w.l(libinit2.o)
    0x0800020e   0x0800020e   0x00000000   Code   RO         6460    .ARM.Collect$$libinit$$00000030  c_w.l(libinit2.o)
    0x0800020e   0x0800020e   0x00000000   Code   RO         6462    .ARM.Collect$$libinit$$00000032  c_w.l(libinit2.o)
    0x0800020e   0x0800020e   0x00000002   Code   RO         6463    .ARM.Collect$$libinit$$00000033  c_w.l(libinit2.o)
    0x08000210   0x08000210   0x00000002   Code   RO         6496    .ARM.Collect$$libshutdown$$00000000  c_w.l(libshutdown.o)
    0x08000212   0x08000212   0x00000000   Code   RO         6507    .ARM.Collect$$libshutdown$$00000002  c_w.l(libshutdown2.o)
    0x08000212   0x08000212   0x00000000   Code   RO         6509    .ARM.Collect$$libshutdown$$00000004  c_w.l(libshutdown2.o)
    0x08000212   0x08000212   0x00000000   Code   RO         6511    .ARM.Collect$$libshutdown$$00000006  c_w.l(libshutdown2.o)
    0x08000212   0x08000212   0x00000000   Code   RO         6514    .ARM.Collect$$libshutdown$$00000009  c_w.l(libshutdown2.o)
    0x08000212   0x08000212   0x00000000   Code   RO         6517    .ARM.Collect$$libshutdown$$0000000C  c_w.l(libshutdown2.o)
    0x08000212   0x08000212   0x00000000   Code   RO         6519    .ARM.Collect$$libshutdown$$0000000E  c_w.l(libshutdown2.o)
    0x08000212   0x08000212   0x00000000   Code   RO         6522    .ARM.Collect$$libshutdown$$00000011  c_w.l(libshutdown2.o)
    0x08000212   0x08000212   0x00000002   Code   RO         6523    .ARM.Collect$$libshutdown$$00000012  c_w.l(libshutdown2.o)
    0x08000214   0x08000214   0x00000000   Code   RO         6276    .ARM.Collect$$rtentry$$00000000  c_w.l(__rtentry.o)
    0x08000214   0x08000214   0x00000000   Code   RO         6342    .ARM.Collect$$rtentry$$00000002  c_w.l(__rtentry2.o)
    0x08000214   0x08000214   0x00000006   Code   RO         6354    .ARM.Collect$$rtentry$$00000004  c_w.l(__rtentry4.o)
    0x0800021a   0x0800021a   0x00000000   Code   RO         6344    .ARM.Collect$$rtentry$$00000009  c_w.l(__rtentry2.o)
    0x0800021a   0x0800021a   0x00000004   Code   RO         6345    .ARM.Collect$$rtentry$$0000000A  c_w.l(__rtentry2.o)
    0x0800021e   0x0800021e   0x00000000   Code   RO         6347    .ARM.Collect$$rtentry$$0000000C  c_w.l(__rtentry2.o)
    0x0800021e   0x0800021e   0x00000008   Code   RO         6348    .ARM.Collect$$rtentry$$0000000D  c_w.l(__rtentry2.o)
    0x08000226   0x08000226   0x00000002   Code   RO         6469    .ARM.Collect$$rtexit$$00000000  c_w.l(rtexit.o)
    0x08000228   0x08000228   0x00000000   Code   RO         6476    .ARM.Collect$$rtexit$$00000002  c_w.l(rtexit2.o)
    0x08000228   0x08000228   0x00000004   Code   RO         6477    .ARM.Collect$$rtexit$$00000003  c_w.l(rtexit2.o)
    0x0800022c   0x0800022c   0x00000006   Code   RO         6478    .ARM.Collect$$rtexit$$00000004  c_w.l(rtexit2.o)
    0x08000232   0x08000232   0x00000002   PAD
    0x08000234   0x08000234   0x00000040   Code   RO            4    .text               startup_stm32f103xb.o
    0x08000274   0x08000274   0x00000034   Code   RO         6198    .text               c_w.l(vsnprintf.o)
    0x080002a8   0x080002a8   0x00000038   Code   RO         6200    .text               c_w.l(__2snprintf.o)
    0x080002e0   0x080002e0   0x0000004e   Code   RO         6206    .text               c_w.l(_printf_pad.o)
    0x0800032e   0x0800032e   0x00000052   Code   RO         6208    .text               c_w.l(_printf_str.o)
    0x08000380   0x08000380   0x00000078   Code   RO         6210    .text               c_w.l(_printf_dec.o)
    0x080003f8   0x080003f8   0x00000094   Code   RO         6230    .text               c_w.l(_printf_hex_int_ll_ptr.o)
    0x0800048c   0x0800048c   0x00000188   Code   RO         6250    .text               c_w.l(__printf_flags_ss_wp.o)
    0x08000614   0x08000614   0x00000072   Code   RO         6258    .text               c_w.l(strtoul.o)
    0x08000686   0x08000686   0x0000003e   Code   RO         6260    .text               c_w.l(strlen.o)
    0x080006c4   0x080006c4   0x0000008a   Code   RO         6262    .text               c_w.l(rt_memcpy_v6.o)
    0x0800074e   0x0800074e   0x00000064   Code   RO         6264    .text               c_w.l(rt_memcpy_w.o)
    0x080007b2   0x080007b2   0x00000044   Code   RO         6266    .text               c_w.l(rt_memclr.o)
    0x080007f6   0x080007f6   0x0000004e   Code   RO         6268    .text               c_w.l(rt_memclr_w.o)
    0x08000844   0x08000844   0x00000080   Code   RO         6270    .text               c_w.l(strcmpv7m.o)
    0x080008c4   0x080008c4   0x00000006   Code   RO         6272    .text               c_w.l(heapauxi.o)
    0x080008ca   0x080008ca   0x00000002   PAD
    0x080008cc   0x080008cc   0x00000010   Code   RO         6277    .text               c_w.l(rt_ctype_table.o)
    0x080008dc   0x080008dc   0x00000008   Code   RO         6282    .text               c_w.l(rt_errno_addr_intlibspace.o)
    0x080008e4   0x080008e4   0x00000024   Code   RO         6284    .text               c_w.l(_printf_truncate.o)
    0x08000908   0x08000908   0x000000b2   Code   RO         6286    .text               c_w.l(_printf_intcommon.o)
    0x080009ba   0x080009ba   0x00000028   Code   RO         6288    .text               c_w.l(_printf_charcount.o)
    0x080009e2   0x080009e2   0x00000002   PAD
    0x080009e4   0x080009e4   0x00000030   Code   RO         6290    .text               c_w.l(_printf_char_common.o)
    0x08000a14   0x08000a14   0x0000000a   Code   RO         6292    .text               c_w.l(_sputc.o)
    0x08000a1e   0x08000a1e   0x00000010   Code   RO         6294    .text               c_w.l(_snputc.o)
    0x08000a2e   0x08000a2e   0x0000002c   Code   RO         6296    .text               c_w.l(_printf_char.o)
    0x08000a5a   0x08000a5a   0x00000002   PAD
    0x08000a5c   0x08000a5c   0x000000bc   Code   RO         6298    .text               c_w.l(_printf_wctomb.o)
    0x08000b18   0x08000b18   0x0000007c   Code   RO         6301    .text               c_w.l(_printf_longlong_dec.o)
    0x08000b94   0x08000b94   0x00000070   Code   RO         6307    .text               c_w.l(_printf_oct_int_ll.o)
    0x08000c04   0x08000c04   0x0000009e   Code   RO         6328    .text               c_w.l(_strtoul.o)
    0x08000ca2   0x08000ca2   0x00000002   PAD
    0x08000ca4   0x08000ca4   0x00000008   Code   RO         6338    .text               c_w.l(libspace.o)
    0x08000cac   0x08000cac   0x00000008   Code   RO         6359    .text               c_w.l(rt_locale_intlibspace.o)
    0x08000cb4   0x08000cb4   0x0000008a   Code   RO         6361    .text               c_w.l(lludiv10.o)
    0x08000d3e   0x08000d3e   0x0000041e   Code   RO         6363    .text               c_w.l(_printf_fp_dec.o)
    0x0800115c   0x0800115c   0x000002fc   Code   RO         6365    .text               c_w.l(_printf_fp_hex.o)
    0x08001458   0x08001458   0x0000002c   Code   RO         6370    .text               c_w.l(_printf_wchar.o)
    0x08001484   0x08001484   0x0000001c   Code   RO         6372    .text               c_w.l(_chval.o)
    0x080014a0   0x080014a0   0x00000040   Code   RO         6374    .text               c_w.l(_wcrtomb.o)
    0x080014e0   0x080014e0   0x0000004a   Code   RO         6379    .text               c_w.l(sys_stackheap_outer.o)
    0x0800152a   0x0800152a   0x00000002   PAD
    0x0800152c   0x0800152c   0x00000080   Code   RO         6381    .text               c_w.l(_printf_fp_infnan.o)
    0x080015ac   0x080015ac   0x000000e4   Code   RO         6383    .text               c_w.l(bigflt0.o)
    0x08001690   0x08001690   0x00000012   Code   RO         6411    .text               c_w.l(exit.o)
    0x080016a2   0x080016a2   0x0000003e   Code   RO         6386    CL$$btod_d2e        c_w.l(btod.o)
    0x080016e0   0x080016e0   0x00000046   Code   RO         6388    CL$$btod_d2e_denorm_low  c_w.l(btod.o)
    0x08001726   0x08001726   0x00000060   Code   RO         6387    CL$$btod_d2e_norm_op1  c_w.l(btod.o)
    0x08001786   0x08001786   0x00000338   Code   RO         6396    CL$$btod_div_common  c_w.l(btod.o)
    0x08001abe   0x08001abe   0x000000dc   Code   RO         6393    CL$$btod_e2e        c_w.l(btod.o)
    0x08001b9a   0x08001b9a   0x0000002a   Code   RO         6390    CL$$btod_ediv       c_w.l(btod.o)
    0x08001bc4   0x08001bc4   0x0000002a   Code   RO         6389    CL$$btod_emul       c_w.l(btod.o)
    0x08001bee   0x08001bee   0x00000244   Code   RO         6395    CL$$btod_mult_common  c_w.l(btod.o)
    0x08001e32   0x08001e32   0x00000002   Code   RO          365    i.BusFault_Handler  stm32f1xx_it.o
    0x08001e34   0x08001e34   0x00000002   Code   RO          366    i.DebugMon_Handler  stm32f1xx_it.o
    0x08001e36   0x08001e36   0x00000004   Code   RO           13    i.Error_Handler     main.o
    0x08001e3a   0x08001e3a   0x00000036   Code   RO         5930    i.FrameParser_CalcChecksum  xiaomi_smart_screen_circular_buffer.o
    0x08001e70   0x08001e70   0x00000018   Code   RO         5931    i.FrameParser_Init  xiaomi_smart_screen_circular_buffer.o
    0x08001e88   0x08001e88   0x00000118   Code   RO         5932    i.FrameParser_ProcessByte  xiaomi_smart_screen_circular_buffer.o
    0x08001fa0   0x08001fa0   0x00000018   Code   RO         5933    i.FrameParser_VerifyChecksum  xiaomi_smart_screen_circular_buffer.o
    0x08001fb8   0x08001fb8   0x00000046   Code   RO         1747    i.HAL_DMA_Abort     stm32f1xx_hal_dma.o
    0x08001ffe   0x08001ffe   0x00000002   PAD
    0x08002000   0x08002000   0x00000098   Code   RO         1748    i.HAL_DMA_Abort_IT  stm32f1xx_hal_dma.o
    0x08002098   0x08002098   0x00000024   Code   RO         1373    i.HAL_Delay         stm32f1xx_hal.o
    0x080020bc   0x080020bc   0x000001e0   Code   RO         1683    i.HAL_GPIO_Init     stm32f1xx_hal_gpio.o
    0x0800229c   0x0800229c   0x0000000c   Code   RO         1377    i.HAL_GetTick       stm32f1xx_hal.o
    0x080022a8   0x080022a8   0x00000010   Code   RO         1383    i.HAL_IncTick       stm32f1xx_hal.o
    0x080022b8   0x080022b8   0x00000024   Code   RO         1384    i.HAL_Init          stm32f1xx_hal.o
    0x080022dc   0x080022dc   0x00000040   Code   RO         1385    i.HAL_InitTick      stm32f1xx_hal.o
    0x0800231c   0x0800231c   0x0000003c   Code   RO          465    i.HAL_MspInit       stm32f1xx_hal_msp.o
    0x08002358   0x08002358   0x0000001a   Code   RO         1843    i.HAL_NVIC_EnableIRQ  stm32f1xx_hal_cortex.o
    0x08002372   0x08002372   0x00000002   PAD
    0x08002374   0x08002374   0x00000040   Code   RO         1849    i.HAL_NVIC_SetPriority  stm32f1xx_hal_cortex.o
    0x080023b4   0x080023b4   0x00000024   Code   RO         1850    i.HAL_NVIC_SetPriorityGrouping  stm32f1xx_hal_cortex.o
    0x080023d8   0x080023d8   0x0000012c   Code   RO         1541    i.HAL_RCC_ClockConfig  stm32f1xx_hal_rcc.o
    0x08002504   0x08002504   0x00000020   Code   RO         1548    i.HAL_RCC_GetPCLK1Freq  stm32f1xx_hal_rcc.o
    0x08002524   0x08002524   0x00000020   Code   RO         1549    i.HAL_RCC_GetPCLK2Freq  stm32f1xx_hal_rcc.o
    0x08002544   0x08002544   0x0000004c   Code   RO         1550    i.HAL_RCC_GetSysClockFreq  stm32f1xx_hal_rcc.o
    0x08002590   0x08002590   0x00000320   Code   RO         1553    i.HAL_RCC_OscConfig  stm32f1xx_hal_rcc.o
    0x080028b0   0x080028b0   0x00000028   Code   RO         1854    i.HAL_SYSTICK_Config  stm32f1xx_hal_cortex.o
    0x080028d8   0x080028d8   0x00000002   Code   RO         1015    i.HAL_UARTEx_RxEventCallback  stm32f1xx_hal_uart.o
    0x080028da   0x080028da   0x00000002   Code   RO         1029    i.HAL_UART_ErrorCallback  stm32f1xx_hal_uart.o
    0x080028dc   0x080028dc   0x0000026c   Code   RO         1032    i.HAL_UART_IRQHandler  stm32f1xx_hal_uart.o
    0x08002b48   0x08002b48   0x00000064   Code   RO         1033    i.HAL_UART_Init     stm32f1xx_hal_uart.o
    0x08002bac   0x08002bac   0x00000134   Code   RO          312    i.HAL_UART_MspInit  usart.o
    0x08002ce0   0x08002ce0   0x00000002   Code   RO         1039    i.HAL_UART_RxCpltCallback  stm32f1xx_hal_uart.o
    0x08002ce2   0x08002ce2   0x000000a0   Code   RO         1041    i.HAL_UART_Transmit  stm32f1xx_hal_uart.o
    0x08002d82   0x08002d82   0x00000002   Code   RO         1044    i.HAL_UART_TxCpltCallback  stm32f1xx_hal_uart.o
    0x08002d84   0x08002d84   0x00000020   Code   RO         3899    i.HOOCH_PROTOCOL_AirConditioner_ClearFrame  hooch_air_conditioner_report.o
    0x08002da4   0x08002da4   0x00000004   Code   RO         3844    i.HOOCH_PROTOCOL_AirConditioner_Dispatch  hooch_air_conditioner_dispatch.o
    0x08002da8   0x08002da8   0x0000000e   Code   RO         3902    i.HOOCH_PROTOCOL_AirConditioner_IsValidFanSpeed  hooch_air_conditioner_report.o
    0x08002db6   0x08002db6   0x0000000e   Code   RO         3903    i.HOOCH_PROTOCOL_AirConditioner_IsValidMode  hooch_air_conditioner_report.o
    0x08002dc4   0x08002dc4   0x0000000e   Code   RO         3904    i.HOOCH_PROTOCOL_AirConditioner_IsValidPower  hooch_air_conditioner_report.o
    0x08002dd2   0x08002dd2   0x0000000c   Code   RO         3846    i.HOOCH_PROTOCOL_AirConditioner_IsValidTemperature  hooch_air_conditioner_dispatch.o
    0x08002dde   0x08002dde   0x0000000c   Code   RO         3905    i.HOOCH_PROTOCOL_AirConditioner_IsValidTemperature  hooch_air_conditioner_report.o
    0x08002dea   0x08002dea   0x00000002   PAD
    0x08002dec   0x08002dec   0x00000018   Code   RO         3847    i.HOOCH_PROTOCOL_AirConditioner_NotifyDispatchCallback  hooch_air_conditioner_dispatch.o
    0x08002e04   0x08002e04   0x00000018   Code   RO         3906    i.HOOCH_PROTOCOL_AirConditioner_NotifyReportCallback  hooch_air_conditioner_report.o
    0x08002e1c   0x08002e1c   0x00000080   Code   RO           14    i.HOOCH_PROTOCOL_AirConditioner_Process  main.o
    0x08002e9c   0x08002e9c   0x0000000c   Code   RO         3848    i.HOOCH_PROTOCOL_AirConditioner_RegisterCallback  hooch_air_conditioner_dispatch.o
    0x08002ea8   0x08002ea8   0x0000000c   Code   RO         3907    i.HOOCH_PROTOCOL_AirConditioner_RegisterReportCallback  hooch_air_conditioner_report.o
    0x08002eb4   0x08002eb4   0x00000038   Code   RO         3910    i.HOOCH_PROTOCOL_AirConditioner_SendFanSpeed  hooch_air_conditioner_report.o
    0x08002eec   0x08002eec   0x00000050   Code   RO         3912    i.HOOCH_PROTOCOL_AirConditioner_SendFrame  hooch_air_conditioner_report.o
    0x08002f3c   0x08002f3c   0x00000050   Code   RO         3913    i.HOOCH_PROTOCOL_AirConditioner_SendFrameAddr  hooch_air_conditioner_report.o
    0x08002f8c   0x08002f8c   0x00000038   Code   RO         3914    i.HOOCH_PROTOCOL_AirConditioner_SendMode  hooch_air_conditioner_report.o
    0x08002fc4   0x08002fc4   0x00000038   Code   RO         3916    i.HOOCH_PROTOCOL_AirConditioner_SendPower  hooch_air_conditioner_report.o
    0x08002ffc   0x08002ffc   0x00000038   Code   RO         3918    i.HOOCH_PROTOCOL_AirConditioner_SendTemperature  hooch_air_conditioner_report.o
    0x08003034   0x08003034   0x0000005c   Code   RO         3850    i.HOOCH_PROTOCOL_AirConditioner_SetDispatchState  hooch_air_conditioner_dispatch.o
    0x08003090   0x08003090   0x000000d0   Code   RO         3922    i.HOOCH_PROTOCOL_AirConditioner_SetReportFrame  hooch_air_conditioner_report.o
    0x08003160   0x08003160   0x00000004   Code   RO         4335    i.HOOCH_PROTOCOL_CodeMatchDispatch_Dispatch  hooch_code_match_dispatch_dispatch.o
    0x08003164   0x08003164   0x00000014   Code   RO         4338    i.HOOCH_PROTOCOL_CodeMatchDispatch_NotifyCallback  hooch_code_match_dispatch_dispatch.o
    0x08003178   0x08003178   0x000000f0   Code   RO           15    i.HOOCH_PROTOCOL_CodeMatchDispatch_Process  main.o
    0x08003268   0x08003268   0x0000000c   Code   RO         4339    i.HOOCH_PROTOCOL_CodeMatchDispatch_RegisterCallback  hooch_code_match_dispatch_dispatch.o
    0x08003274   0x08003274   0x00000020   Code   RO         4340    i.HOOCH_PROTOCOL_CodeMatchDispatch_Set  hooch_code_match_dispatch_dispatch.o
    0x08003294   0x08003294   0x00000014   Code   RO         4402    i.HOOCH_PROTOCOL_CodeMatchReport_NotifyCallback  hooch_code_match_dispatch_report.o
    0x080032a8   0x080032a8   0x0000000c   Code   RO         4403    i.HOOCH_PROTOCOL_CodeMatchReport_RegisterCallback  hooch_code_match_dispatch_report.o
    0x080032b4   0x080032b4   0x0000000c   Code   RO         4404    i.HOOCH_PROTOCOL_CodeMatchReport_RegisterSwitchCallback  hooch_code_match_dispatch_report.o
    0x080032c0   0x080032c0   0x00000004   Code   RO         4405    i.HOOCH_PROTOCOL_CodeMatchReport_Send  hooch_code_match_dispatch_report.o
    0x080032c4   0x080032c4   0x00000020   Code   RO         4406    i.HOOCH_PROTOCOL_CodeMatchReport_SendSwitch  hooch_code_match_dispatch_report.o
    0x080032e4   0x080032e4   0x00000020   Code   RO         4407    i.HOOCH_PROTOCOL_CodeMatchReport_Set  hooch_code_match_dispatch_report.o
    0x08003304   0x08003304   0x00000018   Code   RO         4139    i.HOOCH_PROTOCOL_Curtain_NotifyReportCallback1  hooch_curtain_report.o
    0x0800331c   0x0800331c   0x00000018   Code   RO         4140    i.HOOCH_PROTOCOL_Curtain_NotifyReportCallback2  hooch_curtain_report.o
    0x08003334   0x08003334   0x00000064   Code   RO           16    i.HOOCH_PROTOCOL_Curtain_Process  main.o
    0x08003398   0x08003398   0x0000000c   Code   RO         4076    i.HOOCH_PROTOCOL_Curtain_RegisterCallback  hooch_curtain_dispatch.o
    0x080033a4   0x080033a4   0x0000000c   Code   RO         4142    i.HOOCH_PROTOCOL_Curtain_RegisterReportCallback  hooch_curtain_report.o
    0x080033b0   0x080033b0   0x0000000c   Code   RO         4143    i.HOOCH_PROTOCOL_Curtain_RegisterReportCallback2  hooch_curtain_report.o
    0x080033bc   0x080033bc   0x00000004   Code   RO         4147    i.HOOCH_PROTOCOL_Curtain_SendAngle  hooch_curtain_report.o
    0x080033c0   0x080033c0   0x00000038   Code   RO         4149    i.HOOCH_PROTOCOL_Curtain_SendAnglePage  hooch_curtain_report.o
    0x080033f8   0x080033f8   0x00000004   Code   RO         4150    i.HOOCH_PROTOCOL_Curtain_SendPercent  hooch_curtain_report.o
    0x080033fc   0x080033fc   0x00000038   Code   RO         4152    i.HOOCH_PROTOCOL_Curtain_SendPercentPage  hooch_curtain_report.o
    0x08003434   0x08003434   0x00000004   Code   RO         4153    i.HOOCH_PROTOCOL_Curtain_SendStop  hooch_curtain_report.o
    0x08003438   0x08003438   0x00000038   Code   RO         4155    i.HOOCH_PROTOCOL_Curtain_SendStopPage  hooch_curtain_report.o
    0x08003470   0x08003470   0x00000004   Code   RO         4156    i.HOOCH_PROTOCOL_Curtain_SendSwitch  hooch_curtain_report.o
    0x08003474   0x08003474   0x00000038   Code   RO         4158    i.HOOCH_PROTOCOL_Curtain_SendSwitchPage  hooch_curtain_report.o
    0x080034ac   0x080034ac   0x00000018   Code   RO         4159    i.HOOCH_PROTOCOL_Curtain_SetAngle  hooch_curtain_report.o
    0x080034c4   0x080034c4   0x0000002c   Code   RO         4161    i.HOOCH_PROTOCOL_Curtain_SetItem  hooch_curtain_report.o
    0x080034f0   0x080034f0   0x00000018   Code   RO         4162    i.HOOCH_PROTOCOL_Curtain_SetPercent  hooch_curtain_report.o
    0x08003508   0x08003508   0x00000018   Code   RO         4164    i.HOOCH_PROTOCOL_Curtain_SetStop  hooch_curtain_report.o
    0x08003520   0x08003520   0x00000018   Code   RO         4165    i.HOOCH_PROTOCOL_Curtain_SetValue  hooch_curtain_report.o
    0x08003538   0x08003538   0x0000000e   Code   RO         2411    i.HOOCH_PROTOCOL_DimmerLight_IsValidKey  hooch_dimmer_light_report.o
    0x08003546   0x08003546   0x0000000e   Code   RO         2412    i.HOOCH_PROTOCOL_DimmerLight_IsValidSwitchState  hooch_dimmer_light_report.o
    0x08003554   0x08003554   0x00000018   Code   RO         2413    i.HOOCH_PROTOCOL_DimmerLight_NotifyReportCallback1  hooch_dimmer_light_report.o
    0x0800356c   0x0800356c   0x00000018   Code   RO         2414    i.HOOCH_PROTOCOL_DimmerLight_NotifyReportCallback2  hooch_dimmer_light_report.o
    0x08003584   0x08003584   0x00000068   Code   RO           17    i.HOOCH_PROTOCOL_DimmerLight_Process  main.o
    0x080035ec   0x080035ec   0x0000000c   Code   RO         2360    i.HOOCH_PROTOCOL_DimmerLight_RegisterCallback  hooch_dimmer_light_dispatch.o
    0x080035f8   0x080035f8   0x0000000c   Code   RO         2416    i.HOOCH_PROTOCOL_DimmerLight_RegisterReportCallback  hooch_dimmer_light_report.o
    0x08003604   0x08003604   0x0000000c   Code   RO         2417    i.HOOCH_PROTOCOL_DimmerLight_RegisterReportCallback2  hooch_dimmer_light_report.o
    0x08003610   0x08003610   0x0000002c   Code   RO         2420    i.HOOCH_PROTOCOL_DimmerLight_SendBrightness  hooch_dimmer_light_report.o
    0x0800363c   0x0800363c   0x00000030   Code   RO         2422    i.HOOCH_PROTOCOL_DimmerLight_SendBrightnessPage  hooch_dimmer_light_report.o
    0x0800366c   0x0800366c   0x0000002c   Code   RO         2423    i.HOOCH_PROTOCOL_DimmerLight_SendColorTemperature  hooch_dimmer_light_report.o
    0x08003698   0x08003698   0x00000030   Code   RO         2425    i.HOOCH_PROTOCOL_DimmerLight_SendColorTemperaturePage  hooch_dimmer_light_report.o
    0x080036c8   0x080036c8   0x00000038   Code   RO         2426    i.HOOCH_PROTOCOL_DimmerLight_SendSwitch  hooch_dimmer_light_report.o
    0x08003700   0x08003700   0x00000040   Code   RO         2428    i.HOOCH_PROTOCOL_DimmerLight_SendSwitchPage  hooch_dimmer_light_report.o
    0x08003740   0x08003740   0x0000007c   Code   RO           18    i.HOOCH_PROTOCOL_FloorHeating_Process  main.o
    0x080037bc   0x080037bc   0x0000000c   Code   RO         2572    i.HOOCH_PROTOCOL_FloorHeating_RegisterCallback  hooch_floor_heating_dispatch.o
    0x080037c8   0x080037c8   0x00000074   Code   RO           19    i.HOOCH_PROTOCOL_FreshAir_Process  main.o
    0x0800383c   0x0800383c   0x0000000c   Code   RO         2792    i.HOOCH_PROTOCOL_FreshAir_RegisterCallback  hooch_fresh_air_dispatch.o
    0x08003848   0x08003848   0x0000000e   Code   RO         3072    i.HOOCH_PROTOCOL_KeyClickReport_IsValidEvent  hooch_key_click_report.o
    0x08003856   0x08003856   0x0000000e   Code   RO         3073    i.HOOCH_PROTOCOL_KeyClickReport_IsValidKey  hooch_key_click_report.o
    0x08003864   0x08003864   0x0000000e   Code   RO         3074    i.HOOCH_PROTOCOL_KeyClickReport_IsValidState  hooch_key_click_report.o
    0x08003872   0x08003872   0x00000002   PAD
    0x08003874   0x08003874   0x00000014   Code   RO         3075    i.HOOCH_PROTOCOL_KeyClickReport_NotifyCallback  hooch_key_click_report.o
    0x08003888   0x08003888   0x0000000c   Code   RO         3076    i.HOOCH_PROTOCOL_KeyClickReport_RegisterCallback  hooch_key_click_report.o
    0x08003894   0x08003894   0x00000004   Code   RO         3077    i.HOOCH_PROTOCOL_KeyClickReport_Send  hooch_key_click_report.o
    0x08003898   0x08003898   0x00000040   Code   RO         3078    i.HOOCH_PROTOCOL_KeyClickReport_Set  hooch_key_click_report.o
    0x080038d8   0x080038d8   0x0000000e   Code   RO         3754    i.HOOCH_PROTOCOL_KeyMode_IsValidKey  hooch_key_mode.o
    0x080038e6   0x080038e6   0x00000012   Code   RO         3755    i.HOOCH_PROTOCOL_KeyMode_IsValidPowerOnStatus  hooch_key_mode.o
    0x080038f8   0x080038f8   0x00000014   Code   RO         3757    i.HOOCH_PROTOCOL_KeyMode_NotifyCallback  hooch_key_mode.o
    0x0800390c   0x0800390c   0x00000064   Code   RO           20    i.HOOCH_PROTOCOL_KeyMode_Process  main.o
    0x08003970   0x08003970   0x0000000c   Code   RO         3758    i.HOOCH_PROTOCOL_KeyMode_RegisterCallback  hooch_key_mode.o
    0x0800397c   0x0800397c   0x00000004   Code   RO         3759    i.HOOCH_PROTOCOL_KeyMode_Send  hooch_key_mode.o
    0x08003980   0x08003980   0x00000040   Code   RO         3760    i.HOOCH_PROTOCOL_KeyMode_Set  hooch_key_mode.o
    0x080039c0   0x080039c0   0x0000001a   Code   RO         3147    i.HOOCH_PROTOCOL_KeyName_CopyName  hooch_key_name.o
    0x080039da   0x080039da   0x00000002   PAD
    0x080039dc   0x080039dc   0x00000018   Code   RO         3151    i.HOOCH_PROTOCOL_KeyName_NotifyCallback  hooch_key_name.o
    0x080039f4   0x080039f4   0x00000074   Code   RO           21    i.HOOCH_PROTOCOL_KeyName_Process  main.o
    0x08003a68   0x08003a68   0x0000000c   Code   RO         3152    i.HOOCH_PROTOCOL_KeyName_RegisterCallback  hooch_key_name.o
    0x08003a74   0x08003a74   0x00000044   Code   RO         3153    i.HOOCH_PROTOCOL_KeyName_SetFrame  hooch_key_name.o
    0x08003ab8   0x08003ab8   0x0000000e   Code   RO         3221    i.HOOCH_PROTOCOL_KeyStatusDispatch_IsValidKey  hooch_key_status_dispatch.o
    0x08003ac6   0x08003ac6   0x0000000e   Code   RO         3222    i.HOOCH_PROTOCOL_KeyStatusDispatch_IsValidState  hooch_key_status_dispatch.o
    0x08003ad4   0x08003ad4   0x00000010   Code   RO         3223    i.HOOCH_PROTOCOL_KeyStatusDispatch_NotifyCallback  hooch_key_status_dispatch.o
    0x08003ae4   0x08003ae4   0x0000000c   Code   RO         3224    i.HOOCH_PROTOCOL_KeyStatusDispatch_RegisterCallback  hooch_key_status_dispatch.o
    0x08003af0   0x08003af0   0x00000034   Code   RO         3227    i.HOOCH_PROTOCOL_KeyStatusDispatch_SetFrame  hooch_key_status_dispatch.o
    0x08003b24   0x08003b24   0x0000000e   Code   RO         3292    i.HOOCH_PROTOCOL_KeyStatusReport_IsValidKey  hooch_key_status_report.o
    0x08003b32   0x08003b32   0x0000000e   Code   RO         3293    i.HOOCH_PROTOCOL_KeyStatusReport_IsValidState  hooch_key_status_report.o
    0x08003b40   0x08003b40   0x00000010   Code   RO         3294    i.HOOCH_PROTOCOL_KeyStatusReport_NotifyCallback  hooch_key_status_report.o
    0x08003b50   0x08003b50   0x00000060   Code   RO           22    i.HOOCH_PROTOCOL_KeyStatusReport_Process  main.o
    0x08003bb0   0x08003bb0   0x0000000c   Code   RO         3295    i.HOOCH_PROTOCOL_KeyStatusReport_RegisterCallback  hooch_key_status_report.o
    0x08003bbc   0x08003bbc   0x00000004   Code   RO         3296    i.HOOCH_PROTOCOL_KeyStatusReport_Send  hooch_key_status_report.o
    0x08003bc0   0x08003bc0   0x00000034   Code   RO         3297    i.HOOCH_PROTOCOL_KeyStatusReport_Set  hooch_key_status_report.o
    0x08003bf4   0x08003bf4   0x00000068   Code   RO           23    i.HOOCH_PROTOCOL_SceneDispatch_Process  main.o
    0x08003c5c   0x08003c5c   0x0000000c   Code   RO         3431    i.HOOCH_PROTOCOL_SceneDispatch_RegisterCallback  hooch_scene_dispatch.o
    0x08003c68   0x08003c68   0x00000014   Code   RO         3508    i.HOOCH_PROTOCOL_SceneReport_NotifyCallback  hooch_scene_report.o
    0x08003c7c   0x08003c7c   0x00000014   Code   RO         3509    i.HOOCH_PROTOCOL_SceneReport_NotifyReportCallback1  hooch_scene_report.o
    0x08003c90   0x08003c90   0x00000004   Code   RO         3514    i.HOOCH_PROTOCOL_SceneReport_Send  hooch_scene_report.o
    0x08003c94   0x08003c94   0x0000002c   Code   RO         3517    i.HOOCH_PROTOCOL_SceneReport_Set  hooch_scene_report.o
    0x08003cc0   0x08003cc0   0x0000000c   Code   RO         3691    i.HOOCH_PROTOCOL_SettingReport_RegisterCallback  hooch_setting_report.o
    0x08003ccc   0x08003ccc   0x00000004   Code   RO         3692    i.HOOCH_PROTOCOL_SettingReport_Send  hooch_setting_report.o
    0x08003cd0   0x08003cd0   0x00000028   Code   RO         3693    i.HOOCH_PROTOCOL_SettingReport_SetEvent  hooch_setting_report.o
    0x08003cf8   0x08003cf8   0x00000018   Code   RO         3627    i.HOOCH_PROTOCOL_Setting_NotifyCallback  hooch_setting.o
    0x08003d10   0x08003d10   0x00000178   Code   RO           24    i.HOOCH_PROTOCOL_Setting_Process  main.o
    0x08003e88   0x08003e88   0x0000000c   Code   RO         3628    i.HOOCH_PROTOCOL_Setting_RegisterCallback  hooch_setting.o
    0x08003e94   0x08003e94   0x00000024   Code   RO         3630    i.HOOCH_PROTOCOL_Setting_SetFrame  hooch_setting.o
    0x08003eb8   0x08003eb8   0x00000002   Code   RO          367    i.HardFault_Handler  stm32f1xx_it.o
    0x08003eba   0x08003eba   0x00000002   PAD
    0x08003ebc   0x08003ebc   0x000000c8   Code   RO          557    i.Hooch_CLI_Init    hooch_cli_driver.o
    0x08003f84   0x08003f84   0x0000016c   Code   RO          558    i.Hooch_CLI_Process  hooch_cli_driver.o
    0x080040f0   0x080040f0   0x00000024   Code   RO          559    i.Hooch_CLI_RxCallback  hooch_cli_driver.o
    0x08004114   0x08004114   0x00000044   Code   RO          492    i.Log_Init          user_printf.o
    0x08004158   0x08004158   0x00000028   Code   RO          493    i.Log_Printf        user_printf.o
    0x08004180   0x08004180   0x0000003c   Code   RO          287    i.MX_GPIO_Init      gpio.o
    0x080041bc   0x080041bc   0x00000038   Code   RO          313    i.MX_USART1_UART_Init  usart.o
    0x080041f4   0x080041f4   0x00000038   Code   RO          314    i.MX_USART2_UART_Init  usart.o
    0x0800422c   0x0800422c   0x00000038   Code   RO          315    i.MX_USART3_UART_Init  usart.o
    0x08004264   0x08004264   0x00000002   Code   RO          368    i.MemManage_Handler  stm32f1xx_it.o
    0x08004266   0x08004266   0x00000002   Code   RO          369    i.NMI_Handler       stm32f1xx_it.o
    0x08004268   0x08004268   0x00000002   Code   RO          370    i.PendSV_Handler    stm32f1xx_it.o
    0x0800426a   0x0800426a   0x00000016   Code   RO         5935    i.RingBuffer_Init   xiaomi_smart_screen_circular_buffer.o
    0x08004280   0x08004280   0x00000050   Code   RO         5938    i.RingBuffer_Pop    xiaomi_smart_screen_circular_buffer.o
    0x080042d0   0x080042d0   0x0000002c   Code   RO         5939    i.RingBuffer_Push   xiaomi_smart_screen_circular_buffer.o
    0x080042fc   0x080042fc   0x00000002   Code   RO          371    i.SVC_Handler       stm32f1xx_it.o
    0x080042fe   0x080042fe   0x00000004   Code   RO          372    i.SysTick_Handler   stm32f1xx_it.o
    0x08004302   0x08004302   0x0000005e   Code   RO           25    i.SystemClock_Config  main.o
    0x08004360   0x08004360   0x00000002   Code   RO          894    i.SystemInit        system_stm32f1xx.o
    0x08004362   0x08004362   0x00000002   PAD
    0x08004364   0x08004364   0x00000014   Code   RO          494    i.UART1_SendChar    user_printf.o
    0x08004378   0x08004378   0x00000024   Code   RO          496    i.UART1_SendString  user_printf.o
    0x0800439c   0x0800439c   0x00000010   Code   RO         1046    i.UART_DMAAbortOnError  stm32f1xx_hal_uart.o
    0x080043ac   0x080043ac   0x0000004e   Code   RO         1056    i.UART_EndRxTransfer  stm32f1xx_hal_uart.o
    0x080043fa   0x080043fa   0x000000c2   Code   RO         1058    i.UART_Receive_IT   stm32f1xx_hal_uart.o
    0x080044bc   0x080044bc   0x000000b8   Code   RO         1059    i.UART_SetConfig    stm32f1xx_hal_uart.o
    0x08004574   0x08004574   0x00000072   Code   RO         1062    i.UART_WaitOnFlagUntilTimeout  stm32f1xx_hal_uart.o
    0x080045e6   0x080045e6   0x00000002   PAD
    0x080045e8   0x080045e8   0x00000038   Code   RO          373    i.USART1_IRQHandler  stm32f1xx_it.o
    0x08004620   0x08004620   0x00000034   Code   RO          374    i.USART2_IRQHandler  stm32f1xx_it.o
    0x08004654   0x08004654   0x0000000c   Code   RO          375    i.USART3_IRQHandler  stm32f1xx_it.o
    0x08004660   0x08004660   0x00000002   Code   RO          376    i.UsageFault_Handler  stm32f1xx_it.o
    0x08004662   0x08004662   0x00000028   Code   RO         6467    i.__ARM_fpclassify  m_ws.l(fpclassify.o)
    0x0800468a   0x0800468a   0x00000020   Code   RO         1856    i.__NVIC_SetPriority  stm32f1xx_hal_cortex.o
    0x080046aa   0x080046aa   0x0000000e   Code   RO         6243    i._is_digit         c_w.l(__printf_wp.o)
    0x080046b8   0x080046b8   0x00000002   Code   RO          497    i._sys_exit         user_printf.o
    0x080046ba   0x080046ba   0x00000002   PAD
    0x080046bc   0x080046bc   0x000000a0   Code   RO          560    i.cli_cmd_help      hooch_cli_driver.o
    0x0800475c   0x0800475c   0x000000fc   Code   RO          561    i.cli_cmd_join      hooch_cli_driver.o
    0x08004858   0x08004858   0x00000100   Code   RO          562    i.cli_cmd_leave     hooch_cli_driver.o
    0x08004958   0x08004958   0x00000144   Code   RO          563    i.cli_cmd_mi_air_fan_speed  hooch_cli_driver.o
    0x08004a9c   0x08004a9c   0x000001a8   Code   RO          564    i.cli_cmd_mi_air_frame  hooch_cli_driver.o
    0x08004c44   0x08004c44   0x000001d0   Code   RO          565    i.cli_cmd_mi_air_frame_addr  hooch_cli_driver.o
    0x08004e14   0x08004e14   0x0000012c   Code   RO          566    i.cli_cmd_mi_air_mode  hooch_cli_driver.o
    0x08004f40   0x08004f40   0x000000f8   Code   RO          567    i.cli_cmd_mi_air_power  hooch_cli_driver.o
    0x08005038   0x08005038   0x0000010c   Code   RO          568    i.cli_cmd_mi_air_temperature  hooch_cli_driver.o
    0x08005144   0x08005144   0x000000f0   Code   RO          569    i.cli_cmd_mi_brightness  hooch_cli_driver.o
    0x08005234   0x08005234   0x00000158   Code   RO          570    i.cli_cmd_mi_code_page  hooch_cli_driver.o
    0x0800538c   0x0800538c   0x00000168   Code   RO          571    i.cli_cmd_mi_code_switch  hooch_cli_driver.o
    0x080054f4   0x080054f4   0x000000f0   Code   RO          572    i.cli_cmd_mi_color_temp  hooch_cli_driver.o
    0x080055e4   0x080055e4   0x000000f4   Code   RO          573    i.cli_cmd_mi_curtain_angle  hooch_cli_driver.o
    0x080056d8   0x080056d8   0x00000168   Code   RO          574    i.cli_cmd_mi_curtain_angle_page  hooch_cli_driver.o
    0x08005840   0x08005840   0x000000fc   Code   RO          575    i.cli_cmd_mi_curtain_percent  hooch_cli_driver.o
    0x0800593c   0x0800593c   0x00000170   Code   RO          576    i.cli_cmd_mi_curtain_percent_page  hooch_cli_driver.o
    0x08005aac   0x08005aac   0x000000f0   Code   RO          577    i.cli_cmd_mi_curtain_stop  hooch_cli_driver.o
    0x08005b9c   0x08005b9c   0x00000170   Code   RO          578    i.cli_cmd_mi_curtain_stop_page  hooch_cli_driver.o
    0x08005d0c   0x08005d0c   0x000000f4   Code   RO          579    i.cli_cmd_mi_curtain_switch  hooch_cli_driver.o
    0x08005e00   0x08005e00   0x0000017c   Code   RO          580    i.cli_cmd_mi_curtain_switch_page  hooch_cli_driver.o
    0x08005f7c   0x08005f7c   0x0000002c   Code   RO          581    i.cli_cmd_mi_get_weather  hooch_cli_driver.o
    0x08005fa8   0x08005fa8   0x00000098   Code   RO          582    i.cli_cmd_mi_human_presence  hooch_cli_driver.o
    0x08006040   0x08006040   0x00000190   Code   RO          583    i.cli_cmd_mi_key_click  hooch_cli_driver.o
    0x080061d0   0x080061d0   0x00000100   Code   RO          584    i.cli_cmd_mi_key_status  hooch_cli_driver.o
    0x080062d0   0x080062d0   0x0000016c   Code   RO          585    i.cli_cmd_mi_light_brightness  hooch_cli_driver.o
    0x0800643c   0x0800643c   0x0000016c   Code   RO          586    i.cli_cmd_mi_light_color_temp  hooch_cli_driver.o
    0x080065a8   0x080065a8   0x00000160   Code   RO          587    i.cli_cmd_mi_light_switch  hooch_cli_driver.o
    0x08006708   0x08006708   0x000000a8   Code   RO          588    i.cli_cmd_mi_scene_report  hooch_cli_driver.o
    0x080067b0   0x080067b0   0x000000b0   Code   RO          589    i.cli_cmd_mi_screen_read  hooch_cli_driver.o
    0x08006860   0x08006860   0x0000013c   Code   RO          590    i.cli_cmd_mi_setting_report  hooch_cli_driver.o
    0x0800699c   0x0800699c   0x000000e4   Code   RO          591    i.cli_cmd_mi_switch  hooch_cli_driver.o
    0x08006a80   0x08006a80   0x0000004c   Code   RO          592    i.cli_cmd_reboot    hooch_cli_driver.o
    0x08006acc   0x08006acc   0x00000184   Code   RO          593    i.cli_cmd_report    hooch_cli_driver.o
    0x08006c50   0x08006c50   0x000000fc   Code   RO          594    i.cli_cmd_reset     hooch_cli_driver.o
    0x08006d4c   0x08006d4c   0x000000f8   Code   RO          595    i.cli_cmd_status    hooch_cli_driver.o
    0x08006e44   0x08006e44   0x0000003c   Code   RO          596    i.cli_cmd_version   hooch_cli_driver.o
    0x08006e80   0x08006e80   0x0000002c   Code   RO          597    i.cli_hex_char_to_nibble  hooch_cli_driver.o
    0x08006eac   0x08006eac   0x00000004   Code   RO          598    i.cli_parse_air_channel  hooch_cli_driver.o
    0x08006eb0   0x08006eb0   0x00000022   Code   RO          599    i.cli_parse_air_fan_speed  hooch_cli_driver.o
    0x08006ed2   0x08006ed2   0x00000022   Code   RO          600    i.cli_parse_air_mode  hooch_cli_driver.o
    0x08006ef4   0x08006ef4   0x00000020   Code   RO          601    i.cli_parse_air_power  hooch_cli_driver.o
    0x08006f14   0x08006f14   0x00000024   Code   RO          602    i.cli_parse_air_temperature  hooch_cli_driver.o
    0x08006f38   0x08006f38   0x00000022   Code   RO          603    i.cli_parse_curtain_key  hooch_cli_driver.o
    0x08006f5a   0x08006f5a   0x00000022   Code   RO          604    i.cli_parse_dimmer_key  hooch_cli_driver.o
    0x08006f7c   0x08006f7c   0x00000020   Code   RO          605    i.cli_parse_dimmer_switch_state  hooch_cli_driver.o
    0x08006f9c   0x08006f9c   0x00000068   Code   RO          606    i.cli_parse_hex_data  hooch_cli_driver.o
    0x08007004   0x08007004   0x0000002c   Code   RO          607    i.cli_parse_u8_arg  hooch_cli_driver.o
    0x08007030   0x08007030   0x000000b4   Code   RO          608    i.cli_print_air_send_result  hooch_cli_driver.o
    0x080070e4   0x080070e4   0x000000ac   Code   RO          609    i.cli_print_code_match_send_result  hooch_cli_driver.o
    0x08007190   0x08007190   0x00000098   Code   RO          610    i.cli_print_curtain_send_result  hooch_cli_driver.o
    0x08007228   0x08007228   0x000000a0   Code   RO          611    i.cli_print_dimmer_send_result  hooch_cli_driver.o
    0x080072c8   0x080072c8   0x00000094   Code   RO          612    i.cli_print_key_click_send_result  hooch_cli_driver.o
    0x0800735c   0x0800735c   0x000000ac   Code   RO          613    i.cli_print_key_status_send_result  hooch_cli_driver.o
    0x08007408   0x08007408   0x0000008c   Code   RO          614    i.cli_print_scene_send_result  hooch_cli_driver.o
    0x08007494   0x08007494   0x000000a4   Code   RO          615    i.cli_print_setting_report_send_result  hooch_cli_driver.o
    0x08007538   0x08007538   0x0000003c   Code   RO          616    i.cli_send_net_cmd  hooch_cli_driver.o
    0x08007574   0x08007574   0x00000002   Code   RO         2340    i.hooch_cpu1_set_detected_protocol  hooch_protocol_common.o
    0x08007576   0x08007576   0x00000002   PAD
    0x08007578   0x08007578   0x000001f8   Code   RO           26    i.main              main.o
    0x08007770   0x08007770   0x000001b0   Code   RO         6127    i.xiaomi_smart_screen_handle_custom_config  xiaomi_smart_screen_handle.o
    0x08007920   0x08007920   0x000010c8   Code   RO         6128    i.xiaomi_smart_screen_handle_custom_config_3  xiaomi_smart_screen_handle.o
    0x080089e8   0x080089e8   0x000000cc   Code   RO         6129    i.xiaomi_smart_screen_handle_frame  xiaomi_smart_screen_handle.o
    0x08008ab4   0x08008ab4   0x00000090   Code   RO         6131    i.xiaomi_smart_screen_reply_no_param_frame  xiaomi_smart_screen_handle.o
    0x08008b44   0x08008b44   0x000000bc   Code   RO         6132    i.xiaomi_smart_screen_report_frame  xiaomi_smart_screen_handle.o
    0x08008c00   0x08008c00   0x000000c0   Code   RO         6133    i.xiaomi_smart_screen_report_frame_v2  xiaomi_smart_screen_handle.o
    0x08008cc0   0x08008cc0   0x0000001e   Code   RO         6134    i.xiaomi_smart_screen_setting_frame_reset  xiaomi_smart_screen_handle.o
    0x08008cde   0x08008cde   0x00000002   PAD
    0x08008ce0   0x08008ce0   0x00000158   Code   RO         5940    i.xiaoni_smart_screen_air_conditioner_report_callback  xiaomi_smart_screen_circular_buffer.o
    0x08008e38   0x08008e38   0x000000ac   Code   RO         5941    i.xiaoni_smart_screen_code_match_report_callback  xiaomi_smart_screen_circular_buffer.o
    0x08008ee4   0x08008ee4   0x00000084   Code   RO         5942    i.xiaoni_smart_screen_code_match_switch_callback  xiaomi_smart_screen_circular_buffer.o
    0x08008f68   0x08008f68   0x0000010c   Code   RO         5943    i.xiaoni_smart_screen_curtain_report_callback  xiaomi_smart_screen_circular_buffer.o
    0x08009074   0x08009074   0x0000010c   Code   RO         5944    i.xiaoni_smart_screen_curtain_report_callback2  xiaomi_smart_screen_circular_buffer.o
    0x08009180   0x08009180   0x00000104   Code   RO         5945    i.xiaoni_smart_screen_dimmer_light_callback  xiaomi_smart_screen_circular_buffer.o
    0x08009284   0x08009284   0x00000154   Code   RO         5946    i.xiaoni_smart_screen_dimmer_light_callback2  xiaomi_smart_screen_circular_buffer.o
    0x080093d8   0x080093d8   0x0000000c   Code   RO         5947    i.xiaoni_smart_screen_get_version  xiaomi_smart_screen_circular_buffer.o
    0x080093e4   0x080093e4   0x000000e4   Code   RO         5948    i.xiaoni_smart_screen_key_click_report_callback  xiaomi_smart_screen_circular_buffer.o
    0x080094c8   0x080094c8   0x00000098   Code   RO         5949    i.xiaoni_smart_screen_key_status_report_callback  xiaomi_smart_screen_circular_buffer.o
    0x08009560   0x08009560   0x0000003c   Code   RO         6135    i.xiaoni_smart_screen_send_report_status  xiaomi_smart_screen_handle.o
    0x0800959c   0x0800959c   0x00000044   Code   RO         5950    i.xiaoni_smart_screen_send_setting_report  xiaomi_smart_screen_circular_buffer.o
    0x080095e0   0x080095e0   0x00000054   Code   RO         5951    i.xiaoni_smart_screen_send_x88_curtain_page_travel_report  xiaomi_smart_screen_circular_buffer.o
    0x08009634   0x08009634   0x00000064   Code   RO         5952    i.xiaoni_smart_screen_send_x88_curtain_switch_report  xiaomi_smart_screen_circular_buffer.o
    0x08009698   0x08009698   0x00000050   Code   RO         5953    i.xiaoni_smart_screen_send_x88_curtain_travel_report  xiaomi_smart_screen_circular_buffer.o
    0x080096e8   0x080096e8   0x00000044   Code   RO         5954    i.xiaoni_smart_screen_send_x88_switch_control_report  xiaomi_smart_screen_circular_buffer.o
    0x0800972c   0x0800972c   0x00000048   Code   RO         5955    i.xiaoni_smart_screen_send_x88_switch_curtain_switch_report  xiaomi_smart_screen_circular_buffer.o
    0x08009774   0x08009774   0x000000f0   Code   RO         5956    i.xiaoni_smart_screen_setting_report_callback  xiaomi_smart_screen_circular_buffer.o
    0x08009864   0x08009864   0x0000000c   Code   RO         5957    i.xiaoni_smart_screen_switch_control_update  xiaomi_smart_screen_circular_buffer.o
    0x08009870   0x08009870   0x000000b8   Code   RO         5958    i.xiaoni_smart_screen_uart_init  xiaomi_smart_screen_circular_buffer.o
    0x08009928   0x08009928   0x000000e0   Code   RO         5959    i.xiaoni_smart_screen_uart_process  xiaomi_smart_screen_circular_buffer.o
    0x08009a08   0x08009a08   0x00000040   Code   RO         5960    i.xiaoni_smart_screen_uart_rxcallback  xiaomi_smart_screen_circular_buffer.o
    0x08009a48   0x08009a48   0x0000014c   Code   RO         5961    i.xiaoni_smart_screen_uart_sendframe  xiaomi_smart_screen_circular_buffer.o
    0x08009b94   0x08009b94   0x0000002c   Code   RO         6377    locale$$code        c_w.l(lc_ctype_c.o)
    0x08009bc0   0x08009bc0   0x0000002c   Code   RO         6409    locale$$code        c_w.l(lc_numeric_c.o)
    0x08009bec   0x08009bec   0x00000004   Code   RO         6330    x$fpl$printf1       fz_ws.l(printf1.o)
    0x08009bf0   0x08009bf0   0x00000004   Code   RO         6332    x$fpl$printf2       fz_ws.l(printf2.o)
    0x08009bf4   0x08009bf4   0x00000000   Code   RO         6466    x$fpl$usenofp       fz_ws.l(usenofp.o)
    0x08009bf4   0x08009bf4   0x000001bc   Data   RO          618    .constdata          hooch_cli_driver.o
    0x08009db0   0x08009db0   0x00000010   Data   RO          895    .constdata          system_stm32f1xx.o
    0x08009dc0   0x08009dc0   0x00000008   Data   RO          896    .constdata          system_stm32f1xx.o
    0x08009dc8   0x08009dc8   0x00000012   Data   RO         1554    .constdata          stm32f1xx_hal_rcc.o
    0x08009dda   0x08009dda   0x00000028   Data   RO         6231    .constdata          c_w.l(_printf_hex_int_ll_ptr.o)
    0x08009e02   0x08009e02   0x00000011   Data   RO         6251    .constdata          c_w.l(__printf_flags_ss_wp.o)
    0x08009e13   0x08009e13   0x00000001   PAD
    0x08009e14   0x08009e14   0x00000008   Data   RO         6299    .constdata          c_w.l(_printf_wctomb.o)
    0x08009e1c   0x08009e1c   0x00000026   Data   RO         6366    .constdata          c_w.l(_printf_fp_hex.o)
    0x08009e42   0x08009e42   0x00000002   PAD
    0x08009e44   0x08009e44   0x00000094   Data   RO         6384    .constdata          c_w.l(bigflt0.o)
    0x08009ed8   0x08009ed8   0x000004c2   Data   RO           27    .conststring        main.o
    0x0800a39a   0x0800a39a   0x00000002   PAD
    0x0800a39c   0x0800a39c   0x000009e8   Data   RO          619    .conststring        hooch_cli_driver.o
    0x0800ad84   0x0800ad84   0x000003fa   Data   RO         5963    .conststring        xiaomi_smart_screen_circular_buffer.o
    0x0800b17e   0x0800b17e   0x00000002   PAD
    0x0800b180   0x0800b180   0x000001de   Data   RO         6136    .conststring        xiaomi_smart_screen_handle.o
    0x0800b35e   0x0800b35e   0x00000002   PAD
    0x0800b360   0x0800b360   0x00000020   Data   RO         6548    Region$$Table       anon$$obj.o
    0x0800b380   0x0800b380   0x00000110   Data   RO         6376    locale$$data        c_w.l(lc_ctype_c.o)
    0x0800b490   0x0800b490   0x0000001c   Data   RO         6408    locale$$data        c_w.l(lc_numeric_c.o)


    Execution Region RW_IRAM1 (Exec base: 0x20000000, Load base: 0x0800b4ac, Size: 0x00000c40, Max: 0x00005000, ABSOLUTE)

    Exec Addr    Load Addr    Size         Type   Attr      Idx    E Section Name        Object

    0x20000000   0x0800b4ac   0x00000006   Data   RW          620    .data               hooch_cli_driver.o
    0x20000006   0x0800b4b2   0x00000002   PAD
    0x20000008   0x0800b4b4   0x00000004   Data   RW          897    .data               system_stm32f1xx.o
    0x2000000c   0x0800b4b8   0x0000000c   Data   RW         1391    .data               stm32f1xx_hal.o
    0x20000018   0x0800b4c4   0x00000004   Data   RW         2363    .data               hooch_dimmer_light_dispatch.o
    0x2000001c   0x0800b4c8   0x0000000c   Data   RW         2435    .data               hooch_dimmer_light_report.o
    0x20000028   0x0800b4d4   0x00000004   Data   RW         2577    .data               hooch_floor_heating_dispatch.o
    0x2000002c   0x0800b4d8   0x00000004   Data   RW         2797    .data               hooch_fresh_air_dispatch.o
    0x20000030   0x0800b4dc   0x00000009   Data   RW         3081    .data               hooch_key_click_report.o
    0x20000039   0x0800b4e5   0x00000003   PAD
    0x2000003c   0x0800b4e8   0x00000004   Data   RW         3157    .data               hooch_key_name.o
    0x20000040   0x0800b4ec   0x00000008   Data   RW         3229    .data               hooch_key_status_dispatch.o
    0x20000048   0x0800b4f4   0x00000008   Data   RW         3300    .data               hooch_key_status_report.o
    0x20000050   0x0800b4fc   0x00000004   Data   RW         3439    .data               hooch_scene_dispatch.o
    0x20000054   0x0800b500   0x00000016   Data   RW         3524    .data               hooch_scene_report.o
    0x2000006a   0x0800b516   0x00000002   PAD
    0x2000006c   0x0800b518   0x00000004   Data   RW         3635    .data               hooch_setting.o
    0x20000070   0x0800b51c   0x0000000c   Data   RW         3696    .data               hooch_setting_report.o
    0x2000007c   0x0800b528   0x00000019   Data   RW         3764    .data               hooch_key_mode.o
    0x20000095   0x0800b541   0x00000003   PAD
    0x20000098   0x0800b544   0x00000004   Data   RW         3853    .data               hooch_air_conditioner_dispatch.o
    0x2000009c   0x0800b548   0x00000008   Data   RW         3927    .data               hooch_air_conditioner_report.o
    0x200000a4   0x0800b550   0x00000004   Data   RW         4081    .data               hooch_curtain_dispatch.o
    0x200000a8   0x0800b554   0x0000000c   Data   RW         4170    .data               hooch_curtain_report.o
    0x200000b4   0x0800b560   0x00000009   Data   RW         4343    .data               hooch_code_match_dispatch_dispatch.o
    0x200000bd   0x0800b569   0x00000003   PAD
    0x200000c0   0x0800b56c   0x0000000d   Data   RW         4411    .data               hooch_code_match_dispatch_report.o
    0x200000cd   0x0800b579   0x00000004   Data   RW         5964    .data               xiaomi_smart_screen_circular_buffer.o
    0x200000d1   0x0800b57d   0x00000003   PAD
    0x200000d4        -       0x000000d8   Zero   RW          316    .bss                usart.o
    0x200001ac        -       0x00000100   Zero   RW          498    .bss                user_printf.o
    0x200002ac        -       0x000000c0   Zero   RW          617    .bss                hooch_cli_driver.o
    0x2000036c        -       0x00000024   Zero   RW         2434    .bss                hooch_dimmer_light_report.o
    0x20000390        -       0x00000028   Zero   RW         3156    .bss                hooch_key_name.o
    0x200003b8        -       0x0000001c   Zero   RW         3634    .bss                hooch_setting.o
    0x200003d4        -       0x00000026   Zero   RW         3852    .bss                hooch_air_conditioner_dispatch.o
    0x200003fa        -       0x00000026   Zero   RW         3926    .bss                hooch_air_conditioner_report.o
    0x20000420        -       0x0000002c   Zero   RW         4169    .bss                hooch_curtain_report.o
    0x2000044c        -       0x00000194   Zero   RW         5962    .bss                xiaomi_smart_screen_circular_buffer.o
    0x200005e0        -       0x00000060   Zero   RW         6339    .bss                c_w.l(libspace.o)
    0x20000640        -       0x00000200   Zero   RW            2    HEAP                startup_stm32f103xb.o
    0x20000840        -       0x00000400   Zero   RW            1    STACK               startup_stm32f103xb.o


==============================================================================

Image component sizes


      Code (inc. data)   RO Data    RW Data    ZI Data      Debug   Object Name

        60          6          0          0          0        783   gpio.o
       144         22          0          4         38       3918   hooch_air_conditioner_dispatch.o
       714         60          0          8         38      10963   hooch_air_conditioner_report.o
     12560       8288       2980          6        192      70267   hooch_cli_driver.o
        68         16          0          9          0       3414   hooch_code_match_dispatch_dispatch.o
       112         26          0         13          0       4668   hooch_code_match_dispatch_report.o
        12          6          0          4          0        838   hooch_curtain_dispatch.o
       452         76          0         12         44      11664   hooch_curtain_report.o
        12          6          0          4          0        866   hooch_dimmer_light_dispatch.o
       404         62          0         12         36       8869   hooch_dimmer_light_report.o
        12          6          0          4          0        875   hooch_floor_heating_dispatch.o
        12          6          0          4          0        847   hooch_fresh_air_dispatch.o
       142         16          0          9          0       4941   hooch_key_click_report.o
       132         16          0         25          0       4536   hooch_key_mode.o
       130         22          0          4         40       2812   hooch_key_name.o
       108         16          0          8          0       3729   hooch_key_status_dispatch.o
       112         14          0          8          0       4306   hooch_key_status_report.o
         2          0          0          0          0        531   hooch_protocol_common.o
        12          6          0          4          0        836   hooch_scene_dispatch.o
        88         18          0         22          0       3110   hooch_scene_report.o
        72         20          0          4         28       2180   hooch_setting.o
        56         12          0         12          0       2957   hooch_setting_report.o
      2206       1180       1218          0          0     437952   main.o
        64         26        236          0       1536        792   startup_stm32f103xb.o
       164         28          0         12          0       5761   stm32f1xx_hal.o
       198         14          0          0          0      28839   stm32f1xx_hal_cortex.o
       222          4          0          0          0       1719   stm32f1xx_hal_dma.o
       480         34          0          0          0       2228   stm32f1xx_hal_gpio.o
        60          8          0          0          0        834   stm32f1xx_hal_msp.o
      1240         84         18          0          0       5016   stm32f1xx_hal_rcc.o
      1474         10          0          0          0       9860   stm32f1xx_hal_uart.o
       140         14          0          0          0       7614   stm32f1xx_it.o
         2          0         24          4          0       1067   system_stm32f1xx.o
       476         50          0          0        216       2948   usart.o
       166         74          0          0        256       4788   user_printf.o
      4232       1248       1018          4        404      33497   xiaomi_smart_screen_circular_buffer.o
      5546       3492        478          0          0      10106   xiaomi_smart_screen_handle.o

    ----------------------------------------------------------------------
     32108      14986       6010        212       2828     700931   Object Totals
         0          0         32          0          0          0   (incl. Generated)
        22          0          6         16          0          0   (incl. Padding)

    ----------------------------------------------------------------------

      Code (inc. data)   RO Data    RW Data    ZI Data      Debug   Library Member Name

        56          6          0          0          0         88   __2snprintf.o
         8          0          0          0          0         68   __main.o
       392          4         17          0          0         92   __printf_flags_ss_wp.o
        14          0          0          0          0         68   __printf_wp.o
         0          0          0          0          0          0   __rtentry.o
        12          0          0          0          0          0   __rtentry2.o
         6          0          0          0          0          0   __rtentry4.o
        52          8          0          0          0          0   __scatter.o
        26          0          0          0          0          0   __scatter_copy.o
        28          0          0          0          0          0   __scatter_zi.o
        28          0          0          0          0         68   _chval.o
         6          0          0          0          0          0   _printf_a.o
         6          0          0          0          0          0   _printf_c.o
        44          0          0          0          0        108   _printf_char.o
        48          6          0          0          0         96   _printf_char_common.o
        40          0          0          0          0         68   _printf_charcount.o
         6          0          0          0          0          0   _printf_d.o
       120         16          0          0          0         92   _printf_dec.o
         6          0          0          0          0          0   _printf_e.o
         6          0          0          0          0          0   _printf_f.o
      1054          0          0          0          0        216   _printf_fp_dec.o
       764          8         38          0          0        100   _printf_fp_hex.o
       128         16          0          0          0         84   _printf_fp_infnan.o
         6          0          0          0          0          0   _printf_g.o
       148          4         40          0          0        160   _printf_hex_int_ll_ptr.o
         6          0          0          0          0          0   _printf_i.o
       178          0          0          0          0         88   _printf_intcommon.o
        10          0          0          0          0          0   _printf_l.o
         6          0          0          0          0          0   _printf_lc.o
        10          0          0          0          0          0   _printf_ll.o
         6          0          0          0          0          0   _printf_lld.o
         6          0          0          0          0          0   _printf_lli.o
         6          0          0          0          0          0   _printf_llo.o
         6          0          0          0          0          0   _printf_llu.o
         6          0          0          0          0          0   _printf_llx.o
       124         16          0          0          0         92   _printf_longlong_dec.o
         6          0          0          0          0          0   _printf_ls.o
         6          0          0          0          0          0   _printf_n.o
         6          0          0          0          0          0   _printf_o.o
       112         10          0          0          0        124   _printf_oct_int_ll.o
         6          0          0          0          0          0   _printf_p.o
        78          0          0          0          0        108   _printf_pad.o
         0          0          0          0          0          0   _printf_percent.o
         4          0          0          0          0          0   _printf_percent_end.o
         6          0          0          0          0          0   _printf_s.o
        82          0          0          0          0         80   _printf_str.o
        36          0          0          0          0         84   _printf_truncate.o
         6          0          0          0          0          0   _printf_u.o
        44          0          0          0          0        108   _printf_wchar.o
       188          6          8          0          0         92   _printf_wctomb.o
         6          0          0          0          0          0   _printf_x.o
        16          0          0          0          0         68   _snputc.o
        10          0          0          0          0         68   _sputc.o
       158          0          0          0          0         92   _strtoul.o
        64          0          0          0          0         92   _wcrtomb.o
       228          4        148          0          0         96   bigflt0.o
      1936        128          0          0          0        672   btod.o
        18          0          0          0          0         80   exit.o
         6          0          0          0          0        152   heapauxi.o
        44         10        272          0          0         76   lc_ctype_c.o
        44         10         28          0          0         76   lc_numeric_c.o
         2          0          0          0          0          0   libinit.o
        30          0          0          0          0          0   libinit2.o
         2          0          0          0          0          0   libshutdown.o
         2          0          0          0          0          0   libshutdown2.o
         8          4          0          0         96         68   libspace.o
       138          0          0          0          0         80   lludiv10.o
        16          4          0          0          0         76   rt_ctype_table.o
         8          4          0          0          0         68   rt_errno_addr_intlibspace.o
         8          4          0          0          0         68   rt_locale_intlibspace.o
        68          0          0          0          0         68   rt_memclr.o
        78          0          0          0          0         80   rt_memclr_w.o
       138          0          0          0          0         68   rt_memcpy_v6.o
       100          0          0          0          0         80   rt_memcpy_w.o
         2          0          0          0          0          0   rtexit.o
        10          0          0          0          0          0   rtexit2.o
       128          0          0          0          0         68   strcmpv7m.o
        62          0          0          0          0         76   strlen.o
       114          0          0          0          0         92   strtoul.o
        74          0          0          0          0         80   sys_stackheap_outer.o
        52          4          0          0          0         80   vsnprintf.o
         4          0          0          0          0         68   printf1.o
         4          0          0          0          0         68   printf2.o
         0          0          0          0          0          0   usenofp.o
        40          0          0          0          0         68   fpclassify.o

    ----------------------------------------------------------------------
      7580        272        554          0         96       4812   Library Totals
        14          0          3          0          0          0   (incl. Padding)

    ----------------------------------------------------------------------

      Code (inc. data)   RO Data    RW Data    ZI Data      Debug   Library Name

      7518        272        551          0         96       4608   c_w.l
         8          0          0          0          0        136   fz_ws.l
        40          0          0          0          0         68   m_ws.l

    ----------------------------------------------------------------------
      7580        272        554          0         96       4812   Library Totals

    ----------------------------------------------------------------------

==============================================================================


      Code (inc. data)   RO Data    RW Data    ZI Data      Debug   

     39688      15258       6564        212       2924     689463   Grand Totals
     39688      15258       6564        212       2924     689463   ELF Image Totals
     39688      15258       6564        212          0          0   ROM Totals

==============================================================================

    Total RO  Size (Code + RO Data)                46252 (  45.17kB)
    Total RW  Size (RW Data + ZI Data)              3136 (   3.06kB)
    Total ROM Size (Code + RO Data + RW Data)      46464 (  45.38kB)

==============================================================================

