<html>
<body>
<pre>
<h1>µVision Build Log</h1>
<h2>Tool Versions:</h2>
IDE-Version: ¦ÌVision V5.38.0.0
Copyright (C) 2022 ARM Ltd and ARM Germany GmbH. All rights reserved.
License Information: 1 huchenh, HP Inc., LIC=UJWP0-B6BET-Y8YFK-ZDNJV-WFZ8Z-WRIWA
 
Tool Versions:
Toolchain:       MDK-ARM Plus  Version: 5.38.0.0
Toolchain Path:  C:\Keil_v5\ARM\ARMCC\Bin
C Compiler:      Armcc.exe V5.06 update 7 (build 960)
Assembler:       Armasm.exe V5.06 update 7 (build 960)
Linker/Locator:  ArmLink.exe V5.06 update 7 (build 960)
Library Manager: ArmAr.exe V5.06 update 7 (build 960)
Hex Converter:   FromElf.exe V5.06 update 7 (build 960)
CPU DLL:         SARMCM3.DLL V5.38.0.0
Dialog DLL:      DCM.DLL V1.17.5.0
Target DLL:      STLink\ST-LINKIII-KEIL_SWO.dll V3.1.0.0
Dialog DLL:      TCM.DLL V1.56.4.0
 
<h2>Project:</h2>
C:\Users\huche\Desktop\XiaoMi_F103\MDK-ARM\XiaoMi_F103.uvprojx
Project File Date:  08/13/2026

<h2>Output:</h2>
*** Using Compiler 'V5.06 update 7 (build 960)', folder: 'C:\Keil_v5\ARM\ARMCC\Bin'
Build target 'XiaoMi_F103'
compiling tuya_device_air.c...
compiling tuya_device_switch.c...
compiling hooch_key_status_dispatch.c...
compiling hooch_key_status_report.c...
compiling hooch_air_conditioner_dispatch.c...
compiling hooch_floor_heating_dispatch.c...
compiling tuya_device_floor.c...
compiling hooch_floor_heating_report.c...
compiling hooch_air_conditioner_report.c...
compiling knx_circular_buffer.c...
compiling tuya_report_callbacks.c...
compiling knx_device_scene.c...
compiling main.c...
compiling knx_device_curtain.c...
compiling knx_handle.c...
compiling knx_basic_setting.c...
compiling knx_device_floor_heating.c...
compiling knx_basic_function.c...
compiling knx_device_key.c...
compiling knx_device_fresh_air.c...
compiling knx_device_dimming.c...
compiling hooch_cli_driver.c...
..\Core\Src\hooch_cli_driver.c(816): warning:  #177-D: function "cli_cmd_mi_switch"  was declared but never referenced
  static void cli_cmd_mi_switch(int argc, char *argv[])
..\Core\Src\hooch_cli_driver.c(842): warning:  #177-D: function "cli_cmd_mi_brightness"  was declared but never referenced
  static void cli_cmd_mi_brightness(int argc, char *argv[])
..\Core\Src\hooch_cli_driver.c(868): warning:  #177-D: function "cli_cmd_mi_color_temp"  was declared but never referenced
  static void cli_cmd_mi_color_temp(int argc, char *argv[])
..\Core\Src\hooch_cli_driver.c(894): warning:  #177-D: function "cli_cmd_mi_curtain_switch"  was declared but never referenced
  static void cli_cmd_mi_curtain_switch(int argc, char *argv[])
..\Core\Src\hooch_cli_driver.c(920): warning:  #177-D: function "cli_cmd_mi_curtain_stop"  was declared but never referenced
  static void cli_cmd_mi_curtain_stop(int argc, char *argv[])
..\Core\Src\hooch_cli_driver.c(946): warning:  #177-D: function "cli_cmd_mi_curtain_percent"  was declared but never referenced
  static void cli_cmd_mi_curtain_percent(int argc, char *argv[])
..\Core\Src\hooch_cli_driver.c(972): warning:  #177-D: function "cli_cmd_mi_curtain_angle"  was declared but never referenced
  static void cli_cmd_mi_curtain_angle(int argc, char *argv[])
..\Core\Src\hooch_cli_driver.c(998): warning:  #177-D: function "cli_cmd_mi_key_status"  was declared but never referenced
  static void cli_cmd_mi_key_status(int argc, char *argv[])
..\Core\Src\hooch_cli_driver.c(1024): warning:  #177-D: function "cli_cmd_mi_key_click"  was declared but never referenced
  static void cli_cmd_mi_key_click(int argc, char *argv[])
..\Core\Src\hooch_cli_driver.c(1094): warning:  #177-D: function "cli_cmd_mi_human_presence"  was declared but never referenced
  static void cli_cmd_mi_human_presence(int argc, char *argv[])
..\Core\Src\hooch_cli_driver.c(1116): warning:  #177-D: function "cli_cmd_mi_get_weather"  was declared but never referenced
  static void cli_cmd_mi_get_weather(int argc, char *argv[])
..\Core\Src\hooch_cli_driver.c(1130): warning:  #177-D: function "cli_cmd_mi_air_power"  was declared but never referenced
  static void cli_cmd_mi_air_power(int argc, char *argv[])
..\Core\Src\hooch_cli_driver.c(1156): warning:  #177-D: function "cli_cmd_mi_air_mode"  was declared but never referenced
  static void cli_cmd_mi_air_mode(int argc, char *argv[])
..\Core\Src\hooch_cli_driver.c(1183): warning:  #177-D: function "cli_cmd_mi_air_fan_speed"  was declared but never referenced
  static void cli_cmd_mi_air_fan_speed(int argc, char *argv[])
..\Core\Src\hooch_cli_driver.c(1210): warning:  #177-D: function "cli_cmd_mi_air_temperature"  was declared but never referenced
  static void cli_cmd_mi_air_temperature(int argc, char *argv[])
..\Core\Src\hooch_cli_driver.c(1236): warning:  #177-D: function "cli_cmd_mi_air_frame"  was declared but never referenced
  static void cli_cmd_mi_air_frame(int argc, char *argv[])
..\Core\Src\hooch_cli_driver.c(1281): warning:  #177-D: function "cli_cmd_mi_air_frame_addr"  was declared but never referenced
  static void cli_cmd_mi_air_frame_addr(int argc, char *argv[])
..\Core\Src\hooch_cli_driver.c(1561): warning:  #177-D: function "cli_cmd_mi_code_switch"  was declared but never referenced
  static void cli_cmd_mi_code_switch(int argc, char *argv[])
..\Core\Src\hooch_cli_driver.c(1599): warning:  #177-D: function "cli_cmd_mi_code_page"  was declared but never referenced
  static void cli_cmd_mi_code_page(int argc, char *argv[])
..\Core\Src\hooch_cli_driver.c(1653): warning:  #177-D: function "cli_cmd_mi_scene_report"  was declared but never referenced
  static void cli_cmd_mi_scene_report(int argc, char *argv[])
..\Core\Src\hooch_cli_driver.c(1328): warning:  #177-D: function "cli_cmd_mi_light_switch"  was declared but never referenced
  static void cli_cmd_mi_light_switch(int argc, char *argv[])
..\Core\Src\hooch_cli_driver.c(1361): warning:  #177-D: function "cli_cmd_mi_light_brightness"  was declared but never referenced
  static void cli_cmd_mi_light_brightness(int argc, char *argv[])
..\Core\Src\hooch_cli_driver.c(1394): warning:  #177-D: function "cli_cmd_mi_light_color_temp"  was declared but never referenced
  static void cli_cmd_mi_light_color_temp(int argc, char *argv[])
..\Core\Src\hooch_cli_driver.c(1429): warning:  #177-D: function "cli_cmd_mi_curtain_switch_page"  was declared but never referenced
  static void cli_cmd_mi_curtain_switch_page(int argc, char *argv[])
..\Core\Src\hooch_cli_driver.c(1462): warning:  #177-D: function "cli_cmd_mi_curtain_stop_page"  was declared but never referenced
  static void cli_cmd_mi_curtain_stop_page(int argc, char *argv[])
..\Core\Src\hooch_cli_driver.c(1495): warning:  #177-D: function "cli_cmd_mi_curtain_percent_page"  was declared but never referenced
  static void cli_cmd_mi_curtain_percent_page(int argc, char *argv[])
..\Core\Src\hooch_cli_driver.c(1528): warning:  #177-D: function "cli_cmd_mi_curtain_angle_page"  was declared but never referenced
  static void cli_cmd_mi_curtain_angle_page(int argc, char *argv[])
..\Core\Src\hooch_cli_driver.c(1714): warning:  #177-D: function "cli_cmd_mi_screen_read"  was declared but never referenced
  static void cli_cmd_mi_screen_read(int argc, char *argv[])
..\Core\Src\hooch_cli_driver.c: 28 warnings, 0 errors
compiling knx_device_air.c...
compiling xiaomi_smart_screen_circular_buffer.c...
..\Core\hooch_protocol\xiaomi_smart_screen\xiaomi_smart_screen_circular_buffer.c(496): warning:  #550-D: variable "send_result"  was set but never used
      uint8_t send_result = 0U;
..\Core\hooch_protocol\xiaomi_smart_screen\xiaomi_smart_screen_circular_buffer.c: 1 warning, 0 errors
compiling xiaomi_smart_screen_handle.c...
linking...
Program Size: Code=27332 RO-data=2616 RW-data=208 ZI-data=3600  
FromELF: creating hex file...
"XiaoMi_F103\XiaoMi_F103.axf" - 0 Error(s), 29 Warning(s).

<h2>Software Packages used:</h2>

Package Vendor: ARM
                http://www.keil.com/pack/ARM.CMSIS.5.9.0.pack
                ARM.CMSIS.5.9.0
                CMSIS (Common Microcontroller Software Interface Standard)
   * Component: CORE Version: 5.6.0

Package Vendor: Keil
                http://www.keil.com/pack/Keil.STM32F1xx_DFP.2.1.0.pack
                Keil.STM32F1xx_DFP.2.1.0
                STMicroelectronics STM32F1 Series Device Support, Drivers and Examples

<h2>Collection of Component include folders:</h2>
  ./RTE/_XiaoMi_F103
  C:/Users/huche/AppData/Local/Arm/Packs/ARM/CMSIS/5.9.0/CMSIS/Core/Include
  C:/Users/huche/AppData/Local/Arm/Packs/Keil/STM32F1xx_DFP/2.1.0/Device/Include

<h2>Collection of Component Files used:</h2>

   * Component: ARM::CMSIS:CORE:5.6.0
Build Time Elapsed:  00:00:05
</pre>
</body>
</html>
