Component: ARM Compiler 5.06 update 7 (build 960) Tool: armlink [4d3601]

==============================================================================

Section Cross References

    startup_stm32f103xb.o(STACK) refers (Special) to heapauxi.o(.text) for __use_two_region_memory
    startup_stm32f103xb.o(HEAP) refers (Special) to heapauxi.o(.text) for __use_two_region_memory
    startup_stm32f103xb.o(RESET) refers (Special) to heapauxi.o(.text) for __use_two_region_memory
    startup_stm32f103xb.o(RESET) refers to startup_stm32f103xb.o(STACK) for __initial_sp
    startup_stm32f103xb.o(RESET) refers to startup_stm32f103xb.o(.text) for Reset_Handler
    startup_stm32f103xb.o(RESET) refers to stm32f1xx_it.o(i.NMI_Handler) for NMI_Handler
    startup_stm32f103xb.o(RESET) refers to stm32f1xx_it.o(i.HardFault_Handler) for HardFault_Handler
    startup_stm32f103xb.o(RESET) refers to stm32f1xx_it.o(i.MemManage_Handler) for MemManage_Handler
    startup_stm32f103xb.o(RESET) refers to stm32f1xx_it.o(i.BusFault_Handler) for BusFault_Handler
    startup_stm32f103xb.o(RESET) refers to stm32f1xx_it.o(i.UsageFault_Handler) for UsageFault_Handler
    startup_stm32f103xb.o(RESET) refers to stm32f1xx_it.o(i.SVC_Handler) for SVC_Handler
    startup_stm32f103xb.o(RESET) refers to stm32f1xx_it.o(i.DebugMon_Handler) for DebugMon_Handler
    startup_stm32f103xb.o(RESET) refers to stm32f1xx_it.o(i.PendSV_Handler) for PendSV_Handler
    startup_stm32f103xb.o(RESET) refers to stm32f1xx_it.o(i.SysTick_Handler) for SysTick_Handler
    startup_stm32f103xb.o(RESET) refers to stm32f1xx_it.o(i.USART1_IRQHandler) for USART1_IRQHandler
    startup_stm32f103xb.o(RESET) refers to stm32f1xx_it.o(i.USART2_IRQHandler) for USART2_IRQHandler
    startup_stm32f103xb.o(RESET) refers to stm32f1xx_it.o(i.USART3_IRQHandler) for USART3_IRQHandler
    startup_stm32f103xb.o(.text) refers (Special) to heapauxi.o(.text) for __use_two_region_memory
    startup_stm32f103xb.o(.text) refers to system_stm32f1xx.o(i.SystemInit) for SystemInit
    startup_stm32f103xb.o(.text) refers to __main.o(!!!main) for __main
    startup_stm32f103xb.o(.text) refers to startup_stm32f103xb.o(HEAP) for Heap_Mem
    startup_stm32f103xb.o(.text) refers to startup_stm32f103xb.o(STACK) for Stack_Mem
    main.o(i.HOOCH_PROTOCOL_AirConditioner_Process) refers to user_printf.o(i.Log_Printf) for Log_Printf
    main.o(i.HOOCH_PROTOCOL_AirConditioner_Process) refers to main.o(.conststring) for .conststring
    main.o(i.HOOCH_PROTOCOL_CodeMatchDispatch_Process) refers to user_printf.o(i.Log_Printf) for Log_Printf
    main.o(i.HOOCH_PROTOCOL_CodeMatchDispatch_Process) refers to main.o(.conststring) for .conststring
    main.o(i.HOOCH_PROTOCOL_Curtain_Process) refers to user_printf.o(i.Log_Printf) for Log_Printf
    main.o(i.HOOCH_PROTOCOL_Curtain_Process) refers to main.o(.conststring) for .conststring
    main.o(i.HOOCH_PROTOCOL_DimmerLight_Process) refers to user_printf.o(i.Log_Printf) for Log_Printf
    main.o(i.HOOCH_PROTOCOL_DimmerLight_Process) refers to main.o(.conststring) for .conststring
    main.o(i.HOOCH_PROTOCOL_FloorHeating_Process) refers to user_printf.o(i.Log_Printf) for Log_Printf
    main.o(i.HOOCH_PROTOCOL_FloorHeating_Process) refers to main.o(.conststring) for .conststring
    main.o(i.HOOCH_PROTOCOL_FreshAir_Process) refers to user_printf.o(i.Log_Printf) for Log_Printf
    main.o(i.HOOCH_PROTOCOL_FreshAir_Process) refers to main.o(.conststring) for .conststring
    main.o(i.HOOCH_PROTOCOL_KeyMode_Process) refers to user_printf.o(i.Log_Printf) for Log_Printf
    main.o(i.HOOCH_PROTOCOL_KeyMode_Process) refers to main.o(.conststring) for .conststring
    main.o(i.HOOCH_PROTOCOL_KeyName_Process) refers to user_printf.o(i.Log_Printf) for Log_Printf
    main.o(i.HOOCH_PROTOCOL_KeyName_Process) refers to main.o(.conststring) for .conststring
    main.o(i.HOOCH_PROTOCOL_KeyStatusReport_Process) refers to user_printf.o(i.Log_Printf) for Log_Printf
    main.o(i.HOOCH_PROTOCOL_KeyStatusReport_Process) refers to main.o(.conststring) for .conststring
    main.o(i.HOOCH_PROTOCOL_SceneDispatch_Process) refers to user_printf.o(i.Log_Printf) for Log_Printf
    main.o(i.HOOCH_PROTOCOL_SceneDispatch_Process) refers to main.o(.conststring) for .conststring
    main.o(i.HOOCH_PROTOCOL_Setting_Process) refers to user_printf.o(i.Log_Printf) for Log_Printf
    main.o(i.HOOCH_PROTOCOL_Setting_Process) refers to main.o(.conststring) for .conststring
    main.o(i.SystemClock_Config) refers to rt_memclr_w.o(.text) for __aeabi_memclr4
    main.o(i.SystemClock_Config) refers to stm32f1xx_hal_rcc.o(i.HAL_RCC_OscConfig) for HAL_RCC_OscConfig
    main.o(i.SystemClock_Config) refers to stm32f1xx_hal_rcc.o(i.HAL_RCC_ClockConfig) for HAL_RCC_ClockConfig
    main.o(i.main) refers to stm32f1xx_hal.o(i.HAL_Init) for HAL_Init
    main.o(i.main) refers to main.o(i.SystemClock_Config) for SystemClock_Config
    main.o(i.main) refers to gpio.o(i.MX_GPIO_Init) for MX_GPIO_Init
[...]
    HOOCH_PROTOCOL_AirConditioner_RegisterReportCallback 0x08002ccd   Thumb Code     6  hooch_air_conditioner_report.o(i.HOOCH_PROTOCOL_AirConditioner_RegisterReportCallback)
    HOOCH_PROTOCOL_AirConditioner_RegisterReportCallback2 0x08002cd9   Thumb Code     6  hooch_air_conditioner_report.o(i.HOOCH_PROTOCOL_AirConditioner_RegisterReportCallback2)
    HOOCH_PROTOCOL_CodeMatchDispatch_Process 0x08002db5   Thumb Code   128  main.o(i.HOOCH_PROTOCOL_CodeMatchDispatch_Process)
    HOOCH_PROTOCOL_CodeMatchDispatch_RegisterCallback 0x08002ea5   Thumb Code     6  hooch_code_match_dispatch_dispatch.o(i.HOOCH_PROTOCOL_CodeMatchDispatch_RegisterCallback)
    HOOCH_PROTOCOL_Curtain_Process           0x08002ec9   Thumb Code    44  main.o(i.HOOCH_PROTOCOL_Curtain_Process)
    HOOCH_PROTOCOL_Curtain_RegisterCallback  0x08002f2d   Thumb Code     6  hooch_curtain_dispatch.o(i.HOOCH_PROTOCOL_Curtain_RegisterCallback)
    HOOCH_PROTOCOL_Curtain_RegisterReportCallback3 0x08002f39   Thumb Code     6  hooch_curtain_report.o(i.HOOCH_PROTOCOL_Curtain_RegisterReportCallback3)
    HOOCH_PROTOCOL_Curtain_SendAngle         0x08002f45   Thumb Code     4  hooch_curtain_report.o(i.HOOCH_PROTOCOL_Curtain_SendAngle)
    HOOCH_PROTOCOL_Curtain_SendPercent       0x08002f49   Thumb Code     4  hooch_curtain_report.o(i.HOOCH_PROTOCOL_Curtain_SendPercent)
    HOOCH_PROTOCOL_Curtain_SendStop          0x08002f4d   Thumb Code     4  hooch_curtain_report.o(i.HOOCH_PROTOCOL_Curtain_SendStop)
    HOOCH_PROTOCOL_Curtain_SendSwitch        0x08002f51   Thumb Code     4  hooch_curtain_report.o(i.HOOCH_PROTOCOL_Curtain_SendSwitch)
    HOOCH_PROTOCOL_Curtain_SetAngle          0x08002f55   Thumb Code    20  hooch_curtain_report.o(i.HOOCH_PROTOCOL_Curtain_SetAngle)
    HOOCH_PROTOCOL_Curtain_SetPercent        0x08002f99   Thumb Code    20  hooch_curtain_report.o(i.HOOCH_PROTOCOL_Curtain_SetPercent)
    HOOCH_PROTOCOL_Curtain_SetStop           0x08002fb1   Thumb Code    20  hooch_curtain_report.o(i.HOOCH_PROTOCOL_Curtain_SetStop)
    HOOCH_PROTOCOL_Curtain_SetValue          0x08002fc9   Thumb Code    18  hooch_curtain_report.o(i.HOOCH_PROTOCOL_Curtain_SetValue)
    HOOCH_PROTOCOL_DimmerLight_GetFrame      0x08002fe1   Thumb Code     4  hooch_dimmer_light_report.o(i.HOOCH_PROTOCOL_DimmerLight_GetFrame)
    HOOCH_PROTOCOL_DimmerLight_Process       0x0800301d   Thumb Code    44  main.o(i.HOOCH_PROTOCOL_DimmerLight_Process)
    HOOCH_PROTOCOL_DimmerLight_RegisterCallback 0x08003085   Thumb Code     6  hooch_dimmer_light_dispatch.o(i.HOOCH_PROTOCOL_DimmerLight_RegisterCallback)
    HOOCH_PROTOCOL_DimmerLight_RegisterReportCallback3 0x08003091   Thumb Code     6  hooch_dimmer_light_report.o(i.HOOCH_PROTOCOL_DimmerLight_RegisterReportCallback3)
    HOOCH_PROTOCOL_DimmerLight_SendBrightness 0x0800309d   Thumb Code    40  hooch_dimmer_light_report.o(i.HOOCH_PROTOCOL_DimmerLight_SendBrightness)
    HOOCH_PROTOCOL_DimmerLight_SendColorTemperature 0x080030c9   Thumb Code    40  hooch_dimmer_light_report.o(i.HOOCH_PROTOCOL_DimmerLight_SendColorTemperature)
    HOOCH_PROTOCOL_DimmerLight_SendSwitch    0x080030f5   Thumb Code    52  hooch_dimmer_light_report.o(i.HOOCH_PROTOCOL_DimmerLight_SendSwitch)
    HOOCH_PROTOCOL_FloorHeating_DispatchFrame 0x0800312d   Thumb Code     4  hooch_floor_heating_dispatch.o(i.HOOCH_PROTOCOL_FloorHeating_DispatchFrame)
    HOOCH_PROTOCOL_FloorHeating_IsValidControlItem 0x08003131   Thumb Code    14  hooch_floor_heating_report.o(i.HOOCH_PROTOCOL_FloorHeating_IsValidControlItem)
    HOOCH_PROTOCOL_FloorHeating_IsValidMode  0x0800313f   Thumb Code    14  hooch_floor_heating_report.o(i.HOOCH_PROTOCOL_FloorHeating_IsValidMode)
    HOOCH_PROTOCOL_FloorHeating_IsValidPower 0x0800314d   Thumb Code    14  hooch_floor_heating_report.o(i.HOOCH_PROTOCOL_FloorHeating_IsValidPower)
    HOOCH_PROTOCOL_FloorHeating_Process      0x08003175   Thumb Code    64  main.o(i.HOOCH_PROTOCOL_FloorHeating_Process)
    HOOCH_PROTOCOL_FloorHeating_RegisterCallback 0x080031f1   Thumb Code     6  hooch_floor_heating_dispatch.o(i.HOOCH_PROTOCOL_FloorHeating_RegisterCallback)
    HOOCH_PROTOCOL_FloorHeating_RegisterReportCallback 0x080031fd   Thumb Code     6  hooch_floor_heating_report.o(i.HOOCH_PROTOCOL_FloorHeating_RegisterReportCallback)
    HOOCH_PROTOCOL_FreshAir_DispatchFrame    0x080032b5   Thumb Code     4  hooch_fresh_air_dispatch.o(i.HOOCH_PROTOCOL_FreshAir_DispatchFrame)
    HOOCH_PROTOCOL_FreshAir_IsValidControlItem 0x080032b9   Thumb Code    14  hooch_fresh_air_report.o(i.HOOCH_PROTOCOL_FreshAir_IsValidControlItem)
    HOOCH_PROTOCOL_FreshAir_IsValidFanSpeed  0x080032c7   Thumb Code    14  hooch_fresh_air_report.o(i.HOOCH_PROTOCOL_FreshAir_IsValidFanSpeed)
    HOOCH_PROTOCOL_FreshAir_IsValidMode      0x080032d5   Thumb Code    14  hooch_fresh_air_report.o(i.HOOCH_PROTOCOL_FreshAir_IsValidMode)
    HOOCH_PROTOCOL_FreshAir_IsValidPower     0x080032e3   Thumb Code    14  hooch_fresh_air_report.o(i.HOOCH_PROTOCOL_FreshAir_IsValidPower)
    HOOCH_PROTOCOL_FreshAir_Process          0x08003309   Thumb Code    60  main.o(i.HOOCH_PROTOCOL_FreshAir_Process)
    HOOCH_PROTOCOL_FreshAir_RegisterCallback 0x0800337d   Thumb Code     6  hooch_fresh_air_dispatch.o(i.HOOCH_PROTOCOL_FreshAir_RegisterCallback)
    HOOCH_PROTOCOL_FreshAir_RegisterReportCallback 0x08003389   Thumb Code     6  hooch_fresh_air_report.o(i.HOOCH_PROTOCOL_FreshAir_RegisterReportCallback)
    HOOCH_PROTOCOL_KeyMode_IsValidKey        0x0800344d   Thumb Code    14  hooch_key_mode.o(i.HOOCH_PROTOCOL_KeyMode_IsValidKey)
    HOOCH_PROTOCOL_KeyMode_IsValidPowerOnStatus 0x0800345b   Thumb Code    18  hooch_key_mode.o(i.HOOCH_PROTOCOL_KeyMode_IsValidPowerOnStatus)
    HOOCH_PROTOCOL_KeyMode_Process           0x08003481   Thumb Code    42  main.o(i.HOOCH_PROTOCOL_KeyMode_Process)
    HOOCH_PROTOCOL_KeyMode_RegisterCallback  0x080034e5   Thumb Code     6  hooch_key_mode.o(i.HOOCH_PROTOCOL_KeyMode_RegisterCallback)
    HOOCH_PROTOCOL_KeyMode_Send              0x080034f1   Thumb Code     4  hooch_key_mode.o(i.HOOCH_PROTOCOL_KeyMode_Send)
    HOOCH_PROTOCOL_KeyMode_Set               0x080034f5   Thumb Code    60  hooch_key_mode.o(i.HOOCH_PROTOCOL_KeyMode_Set)
    HOOCH_PROTOCOL_KeyName_Process           0x0800356d   Thumb Code    60  main.o(i.HOOCH_PROTOCOL_KeyName_Process)
    HOOCH_PROTOCOL_KeyName_RegisterCallback  0x080035e1   Thumb Code     6  hooch_key_name.o(i.HOOCH_PROTOCOL_KeyName_RegisterCallback)
    HOOCH_PROTOCOL_KeyName_SetFrame          0x080035ed   Thumb Code    62  hooch_key_name.o(i.HOOCH_PROTOCOL_KeyName_SetFrame)
    HOOCH_PROTOCOL_KeyStatusReport_Process   0x08003631   Thumb Code    42  main.o(i.HOOCH_PROTOCOL_KeyStatusReport_Process)
    HOOCH_PROTOCOL_KeyStatus_DispatchFrame   0x08003695   Thumb Code    74  hooch_key_status_dispatch.o(i.HOOCH_PROTOCOL_KeyStatus_DispatchFrame)
    HOOCH_PROTOCOL_KeyStatus_RegisterCallback 0x08003715   Thumb Code     6  hooch_key_status_dispatch.o(i.HOOCH_PROTOCOL_KeyStatus_RegisterCallback)
    HOOCH_PROTOCOL_KeyStatus_RegisterReportCallback 0x08003721   Thumb Code     6  hooch_key_status_report.o(i.HOOCH_PROTOCOL_KeyStatus_RegisterReportCallback)
    HOOCH_PROTOCOL_KeyStatus_ReportState     0x0800372d   Thumb Code    46  hooch_key_status_report.o(i.HOOCH_PROTOCOL_KeyStatus_ReportState)
    HOOCH_PROTOCOL_SceneDispatch_Process     0x08003779   Thumb Code    42  main.o(i.HOOCH_PROTOCOL_SceneDispatch_Process)
    HOOCH_PROTOCOL_SceneDispatch_RegisterCallback 0x080037e1   Thumb Code     6  hooch_scene_dispatch.o(i.HOOCH_PROTOCOL_SceneDispatch_RegisterCallback)
    HOOCH_PROTOCOL_SceneDispatch_Send        0x080037ed   Thumb Code     4  hooch_scene_dispatch.o(i.HOOCH_PROTOCOL_SceneDispatch_Send)
    HOOCH_PROTOCOL_SceneDispatch_Set         0x080037f1   Thumb Code    36  hooch_scene_dispatch.o(i.HOOCH_PROTOCOL_SceneDispatch_Set)
    HOOCH_PROTOCOL_SceneReport_RegisterReportCallback 0x08003849   Thumb Code     6  hooch_scene_report.o(i.HOOCH_PROTOCOL_SceneReport_RegisterReportCallback)
    HOOCH_PROTOCOL_SceneReport_Send          0x08003855   Thumb Code     6  hooch_scene_report.o(i.HOOCH_PROTOCOL_SceneReport_Send)
    HOOCH_PROTOCOL_SettingReport_RegisterCallback 0x08003889   Thumb Code     6  hooch_setting_report.o(i.HOOCH_PROTOCOL_SettingReport_RegisterCallback)
    HOOCH_PROTOCOL_SettingReport_Send        0x08003895   Thumb Code     4  hooch_setting_report.o(i.HOOCH_PROTOCOL_SettingReport_Send)
    HOOCH_PROTOCOL_SettingReport_SetEvent    0x08003899   Thumb Code    34  hooch_setting_report.o(i.HOOCH_PROTOCOL_SettingReport_SetEvent)
    HOOCH_PROTOCOL_Setting_Process           0x080038d9   Thumb Code   138  main.o(i.HOOCH_PROTOCOL_Setting_Process)
    HOOCH_PROTOCOL_Setting_RegisterCallback  0x08003a51   Thumb Code     6  hooch_setting.o(i.HOOCH_PROTOCOL_Setting_RegisterCallback)
    HOOCH_PROTOCOL_Setting_SetFrame          0x08003a5d   Thumb Code    32  hooch_setting.o(i.HOOCH_PROTOCOL_Setting_SetFrame)
    HardFault_Handler                        0x08003a81   Thumb Code     2  stm32f1xx_it.o(i.HardFault_Handler)
    Hooch_CLI_Init                           0x08003a85   Thumb Code    78  hooch_cli_driver.o(i.Hooch_CLI_Init)
    Hooch_CLI_Process                        0x08003b4d   Thumb Code   288  hooch_cli_driver.o(i.Hooch_CLI_Process)
    Hooch_CLI_RxCallback                     0x08003cb9   Thumb Code    28  hooch_cli_driver.o(i.Hooch_CLI_RxCallback)
    Log_Init                                 0x08003cdd   Thumb Code     8  user_printf.o(i.Log_Init)
    Log_Printf                               0x08003d21   Thumb Code    34  user_printf.o(i.Log_Printf)
    MX_GPIO_Init                             0x08003d49   Thumb Code    54  gpio.o(i.MX_GPIO_Init)
    MX_USART1_UART_Init                      0x08003d85   Thumb Code    48  usart.o(i.MX_USART1_UART_Init)
    MX_USART2_UART_Init                      0x08003dbd   Thumb Code    48  usart.o(i.MX_USART2_UART_Init)
    MX_USART3_UART_Init                      0x08003df5   Thumb Code    48  usart.o(i.MX_USART3_UART_Init)
    MemManage_Handler                        0x08003e2d   Thumb Code     2  stm32f1xx_it.o(i.MemManage_Handler)
    NMI_Handler                              0x08003e2f   Thumb Code     2  stm32f1xx_it.o(i.NMI_Handler)
    PendSV_Handler                           0x08003e31   Thumb Code     2  stm32f1xx_it.o(i.PendSV_Handler)
    SVC_Handler                              0x08003e33   Thumb Code     2  stm32f1xx_it.o(i.SVC_Handler)
    SysTick_Handler                          0x08003e35   Thumb Code     4  stm32f1xx_it.o(i.SysTick_Handler)
    SystemClock_Config                       0x08003e39   Thumb Code    94  main.o(i.SystemClock_Config)
    SystemInit                               0x08003e97   Thumb Code     2  system_stm32f1xx.o(i.SystemInit)
    UART1_SendChar                           0x08003e99   Thumb Code    16  user_printf.o(i.UART1_SendChar)
    UART1_SendString                         0x08003ead   Thumb Code    32  user_printf.o(i.UART1_SendString)
    USART1_IRQHandler                        0x0800411d   Thumb Code    52  stm32f1xx_it.o(i.USART1_IRQHandler)
    USART2_IRQHandler                        0x08004155   Thumb Code    48  stm32f1xx_it.o(i.USART2_IRQHandler)
    USART3_IRQHandler                        0x08004189   Thumb Code     6  stm32f1xx_it.o(i.USART3_IRQHandler)
    UsageFault_Handler                       0x08004195   Thumb Code     2  stm32f1xx_it.o(i.UsageFault_Handler)
    __ARM_fpclassify                         0x08004197   Thumb Code    40  fpclassify.o(i.__ARM_fpclassify)
    _is_digit                                0x0800440d   Thumb Code    14  __printf_wp.o(i._is_digit)
    _sys_exit                                0x0800441b   Thumb Code     2  user_printf.o(i._sys_exit)
    ascii_to_hex                             0x0800441d   Thumb Code    24  system.o(i.ascii_to_hex)
    byte_to_int                              0x08004435   Thumb Code    26  system.o(i.byte_to_int)
    dp_info_check                            0x08005415   Thumb Code    42  protocol.o(i.dp_info_check)
    frame_rx_handle                          0x08005c95   Thumb Code   950  protocol.o(i.frame_rx_handle)
    get_seq_num                              0x0800608d   Thumb Code    26  system.o(i.get_seq_num)
    get_u8_checksum                          0x080060ad   Thumb Code    36  system.o(i.get_u8_checksum)
    hooch_cpu1_set_detected_protocol         0x0800640b   Thumb Code     2  hooch_protocol_common.o(i.hooch_cpu1_set_detected_protocol)
    main                                     0x08006429   Thumb Code   204  main.o(i.main)
    mcu_dp_bool_update                       0x08006693   Thumb Code    68  protocol.o(i.mcu_dp_bool_update)
    mcu_dp_enum_update                       0x080066d7   Thumb Code    62  protocol.o(i.mcu_dp_enum_update)
    mcu_dp_raw_update                        0x08006715   Thumb Code    66  protocol.o(i.mcu_dp_raw_update)
    mcu_dp_value_update                      0x08006757   Thumb Code    90  protocol.o(i.mcu_dp_value_update)
    mcu_get_dp_download_bool                 0x080067b1   Thumb Code     8  protocol.o(i.mcu_get_dp_download_bool)
    mcu_get_dp_download_enum                 0x080067b9   Thumb Code     8  protocol.o(i.mcu_get_dp_download_enum)
    mcu_get_dp_download_value                0x080067c1   Thumb Code    10  protocol.o(i.mcu_get_dp_download_value)
    mcu_recv_beacon_notify_cb                0x080067cb   Thumb Code     4  mcu_api.o(i.mcu_recv_beacon_notify_cb)
    mcu_recv_city_response_cb                0x080067cf   Thumb Code   102  mcu_api.o(i.mcu_recv_city_response_cb)
    mcu_recv_double_dongle_test_data_cb      0x08006835   Thumb Code     2  mcu_api.o(i.mcu_recv_double_dongle_test_data_cb)
    mcu_recv_double_dongle_test_notify_cb    0x08006837   Thumb Code     2  mcu_api.o(i.mcu_recv_double_dongle_test_notify_cb)
    mcu_recv_factory_recovery_cb             0x08006839   Thumb Code    46  mcu_api.o(i.mcu_recv_factory_recovery_cb)
    mcu_recv_gpio_config_result_cb           0x08006867   Thumb Code     2  mcu_api.o(i.mcu_recv_gpio_config_result_cb)
    mcu_recv_gpio_irq_cb                     0x08006869   Thumb Code     2  mcu_api.o(i.mcu_recv_gpio_irq_cb)
    mcu_recv_gpio_read_result_cb             0x0800686b   Thumb Code     2  mcu_api.o(i.mcu_recv_gpio_read_result_cb)
    mcu_recv_gpio_write_result_cb            0x0800686d   Thumb Code     2  mcu_api.o(i.mcu_recv_gpio_write_result_cb)
    mcu_recv_gw_nwk_status_cb                0x0800686f   Thumb Code     2  mcu_api.o(i.mcu_recv_gw_nwk_status_cb)
    mcu_recv_ota_data_cb                     0x08006871   Thumb Code     2  mcu_api.o(i.mcu_recv_ota_data_cb)
    mcu_recv_ota_notify_cb                   0x08006873   Thumb Code     2  mcu_api.o(i.mcu_recv_ota_notify_cb)
    mcu_recv_rf_test_result_cb               0x08006875   Thumb Code     2  mcu_api.o(i.mcu_recv_rf_test_result_cb)
    mcu_recv_scene_config_cb                 0x08006877   Thumb Code    68  mcu_api.o(i.mcu_recv_scene_config_cb)
    mcu_recv_time_sync_cb                    0x080068bd   Thumb Code   100  mcu_api.o(i.mcu_recv_time_sync_cb)
    mcu_recv_weather_area_cb                 0x08006925   Thumb Code    16  mcu_api.o(i.mcu_recv_weather_area_cb)
    mcu_recv_weather_city_cb                 0x08006959   Thumb Code    16  mcu_api.o(i.mcu_recv_weather_city_cb)
    mcu_recv_weather_forecast_cb             0x0800698d   Thumb Code    54  mcu_api.o(i.mcu_recv_weather_forecast_cb)
    mcu_recv_weather_response_cb             0x080069c9   Thumb Code   140  mcu_api.o(i.mcu_recv_weather_response_cb)
    mcu_recv_weather_wind_cb                 0x08006a55   Thumb Code    24  mcu_api.o(i.mcu_recv_weather_wind_cb)
    mcu_recv_zg_auth_cb                      0x08006aa9   Thumb Code     2  mcu_api.o(i.mcu_recv_zg_auth_cb)
    mcu_recv_zg_mac_addr_cb                  0x08006aab   Thumb Code     2  mcu_api.o(i.mcu_recv_zg_mac_addr_cb)
    mcu_recv_zg_nwk_status_notify_cb         0x08006aad   Thumb Code    48  mcu_api.o(i.mcu_recv_zg_nwk_status_notify_cb)
    mcu_recv_zg_nwk_status_response_cb       0x08006add   Thumb Code     2  mcu_api.o(i.mcu_recv_zg_nwk_status_response_cb)
    mcu_recv_zg_sw_ver_cb                    0x08006adf   Thumb Code     2  mcu_api.o(i.mcu_recv_zg_sw_ver_cb)
    mcu_send_dp_msg_cb                       0x08006f5d   Thumb Code   166  mcu_api.o(i.mcu_send_dp_msg_cb)
    mcu_tx_let_zigbee_start_join             0x08007065   Thumb Code    38  protocol.o(i.mcu_tx_let_zigbee_start_join)
    mcu_tx_ota_result                        0x0800708d   Thumb Code    64  protocol.o(i.mcu_tx_ota_result)
    mcu_tx_request_time_sync                 0x080070d1   Thumb Code    24  protocol.o(i.mcu_tx_request_time_sync)
    mcu_weather_code_to_hooch                0x080070e9   Thumb Code   152  mcu_api.o(i.mcu_weather_code_to_hooch)
    my_memcpy                                0x08007181   Thumb Code    60  system.o(i.my_memcpy)
    my_memset                                0x080071bd   Thumb Code    22  system.o(i.my_memset)
    my_strlen                                0x080071d3   Thumb Code    22  system.o(i.my_strlen)
    my_strncmp                               0x080071e9   Thumb Code    50  system.o(i.my_strncmp)
    queue_dequeue_byte                       0x0800721d   Thumb Code    44  system.o(i.queue_dequeue_byte)
    queue_enqueue_byte                       0x08007251   Thumb Code    50  system.o(i.queue_enqueue_byte)
    tuya_air_conditioner_control             0x0800728d   Thumb Code   250  tuya_report_callbacks.o(i.tuya_air_conditioner_control)
    tuya_curtain_adjust                      0x08007577   Thumb Code   114  tuya_report_callbacks.o(i.tuya_curtain_adjust)
    tuya_curtain_pause                       0x080075e9   Thumb Code    88  tuya_report_callbacks.o(i.tuya_curtain_pause)
    tuya_curtain_switch                      0x08007689   Thumb Code    96  tuya_report_callbacks.o(i.tuya_curtain_switch)
    tuya_dimmer_light_adjust                 0x080076e9   Thumb Code    98  tuya_report_callbacks.o(i.tuya_dimmer_light_adjust)
    tuya_dimmer_light_color_temp             0x08007795   Thumb Code   134  tuya_report_callbacks.o(i.tuya_dimmer_light_color_temp)
    tuya_dimmer_light_switch                 0x08007821   Thumb Code    80  tuya_report_callbacks.o(i.tuya_dimmer_light_switch)
    tuya_dp_dispatch_air                     0x08007871   Thumb Code   238  tuya_device_air.o(i.tuya_dp_dispatch_air)
    tuya_dp_dispatch_floor                   0x0800795f   Thumb Code   120  tuya_device_floor.o(i.tuya_dp_dispatch_floor)
    tuya_dp_dispatch_freshair                0x080079d7   Thumb Code   162  tuya_device_freshair.o(i.tuya_dp_dispatch_freshair)
    tuya_dp_dispatch_key                     0x08007a79   Thumb Code    26  tuya_device_key.o(i.tuya_dp_dispatch_key)
    tuya_dp_dispatch_scene                   0x08007a93   Thumb Code    62  tuya_device_scene.o(i.tuya_dp_dispatch_scene)
    tuya_dp_dispatch_setting                 0x08007ad1   Thumb Code   330  tuya_basic_setting.o(i.tuya_dp_dispatch_setting)
    tuya_dp_dispatch_switch                  0x08007c21   Thumb Code   128  tuya_device_switch.o(i.tuya_dp_dispatch_switch)
    tuya_query_weather                       0x08008521   Thumb Code   284  tuya_report_callbacks.o(i.tuya_query_weather)
    tuya_uart_init                           0x0800888d   Thumb Code    60  tuya_report_callbacks.o(i.tuya_uart_init)
    uart_framing_fill_payload_add_group_id   0x080088ed   Thumb Code    70  system.o(i.uart_framing_fill_payload_add_group_id)
    uart_framing_fill_payload_buff           0x0800893d   Thumb Code    42  system.o(i.uart_framing_fill_payload_buff)
    uart_framing_fill_payload_byte           0x0800896d   Thumb Code    24  system.o(i.uart_framing_fill_payload_byte)
    uart_framing_fill_protocol_field         0x08008989   Thumb Code    84  system.o(i.uart_framing_fill_protocol_field)
    uart_send_byte                           0x080089e1   Thumb Code    18  mcu_api.o(i.uart_send_byte)
    uart_send_bytes                          0x080089f9   Thumb Code    28  mcu_api.o(i.uart_send_bytes)
    uart_send_frame                          0x08008a15   Thumb Code    10  mcu_api.o(i.uart_send_frame)
    uart_service_parse                       0x08008a25   Thumb Code   204  mcu_api.o(i.uart_service_parse)
    uart_servive_rx_store                    0x08008af9   Thumb Code     4  mcu_api.o(i.uart_servive_rx_store)
    _get_lc_ctype                            0x08008afd   Thumb Code    44  lc_ctype_c.o(locale$$code)
    _get_lc_numeric                          0x08008b29   Thumb Code    44  lc_numeric_c.o(locale$$code)
    _printf_fp_dec                           0x08008b55   Thumb Code     4  printf1.o(x$fpl$printf1)
    _printf_fp_hex                           0x08008b59   Thumb Code     4  printf2.o(x$fpl$printf2)
    __I$use$fp                               0x08008b5c   Number         0  usenofp.o(x$fpl$usenofp)
    AHBPrescTable                            0x08008c04   Data          16  system_stm32f1xx.o(.constdata)
    APBPrescTable                            0x08008c14   Data           8  system_stm32f1xx.o(.constdata)
    download_cmd                             0x08008c30   Data          90  protocol.o(.constdata)
    Region$$Table$$Base                      0x080097e4   Number         0  anon$$obj.o(Region$$Table)
    Region$$Table$$Limit                     0x08009804   Number         0  anon$$obj.o(Region$$Table)
    __ctype                                  0x08009811   Data           0  lc_ctype_c.o(locale$$data)
    SystemCoreClock                          0x20000008   Data           4  system_stm32f1xx.o(.data)
    uwTickFreq                               0x2000000c   Data           1  stm32f1xx_hal.o(.data)
    uwTickPrio                               0x20000010   Data           4  stm32f1xx_hal.o(.data)
    uwTick                                   0x20000014   Data           4  stm32f1xx_hal.o(.data)
    g_dp_send_type                           0x200000a9   Data           1  protocol.o(.data)
    g_group_id_send_dp_msg                   0x200000ac   Data           2  protocol.o(.data)
    sg_queue_tail                            0x200000e0   Data           4  system.o(.data)
    sg_queue_head                            0x200000e4   Data           4  system.o(.data)
    huart1                                   0x200000e8   Data          72  usart.o(.bss)
    huart2                                   0x20000130   Data          72  usart.o(.bss)
    huart3                                   0x20000178   Data          72  usart.o(.bss)
    g_uart_rx_buf                            0x2000054c   Data         256  system.o(.bss)
    g_uart_tx_buf                            0x2000064c   Data         256  system.o(.bss)
    sg_queue_buf                             0x2000074c   Data         512  system.o(.bss)
    __libspace_start                         0x2000094c   Data          96  libspace.o(.bss)
    __temporary_stack_top$libspace           0x200009ac   Data           0  libspace.o(.bss)



==============================================================================

Memory Map of the image

  Image Entry point : 0x080000ed

  Load Region LR_IROM1 (Base: 0x08000000, Size: 0x00009a18, Max: 0x00010000, ABSOLUTE)

    Execution Region ER_IROM1 (Exec base: 0x08000000, Load base: 0x08000000, Size: 0x00009930, Max: 0x00010000, ABSOLUTE)

    Exec Addr    Load Addr    Size         Type   Attr      Idx    E Section Name        Object

    0x08000000   0x08000000   0x000000ec   Data   RO            3    RESET               startup_stm32f103xb.o
    0x080000ec   0x080000ec   0x00000008   Code   RO         6190  * !!!main             c_w.l(__main.o)
    0x080000f4   0x080000f4   0x00000034   Code   RO         6489    !!!scatter          c_w.l(__scatter.o)
    0x08000128   0x08000128   0x0000001a   Code   RO         6491    !!handler_copy      c_w.l(__scatter_copy.o)
    0x08000142   0x08000142   0x00000002   PAD
    0x08000144   0x08000144   0x0000001c   Code   RO         6493    !!handler_zi        c_w.l(__scatter_zi.o)
    0x08000160   0x08000160   0x00000000   Code   RO         6173    .ARM.Collect$$_printf_percent$$00000000  c_w.l(_printf_percent.o)
    0x08000160   0x08000160   0x00000006   Code   RO         6247    .ARM.Collect$$_printf_percent$$00000001  c_w.l(_printf_n.o)
    0x08000166   0x08000166   0x00000006   Code   RO         6249    .ARM.Collect$$_printf_percent$$00000002  c_w.l(_printf_p.o)
    0x0800016c   0x0800016c   0x00000006   Code   RO         6253    .ARM.Collect$$_printf_percent$$00000003  c_w.l(_printf_f.o)
    0x08000172   0x08000172   0x00000006   Code   RO         6254    .ARM.Collect$$_printf_percent$$00000004  c_w.l(_printf_e.o)
    0x08000178   0x08000178   0x00000006   Code   RO         6255    .ARM.Collect$$_printf_percent$$00000005  c_w.l(_printf_g.o)
    0x0800017e   0x0800017e   0x00000006   Code   RO         6256    .ARM.Collect$$_printf_percent$$00000006  c_w.l(_printf_a.o)
    0x08000184   0x08000184   0x0000000a   Code   RO         6261    .ARM.Collect$$_printf_percent$$00000007  c_w.l(_printf_ll.o)
    0x0800018e   0x0800018e   0x00000006   Code   RO         6251    .ARM.Collect$$_printf_percent$$00000008  c_w.l(_printf_i.o)
    0x08000194   0x08000194   0x00000006   Code   RO         6252    .ARM.Collect$$_printf_percent$$00000009  c_w.l(_printf_d.o)
    0x0800019a   0x0800019a   0x00000006   Code   RO         6172    .ARM.Collect$$_printf_percent$$0000000A  c_w.l(_printf_u.o)
    0x080001a0   0x080001a0   0x00000006   Code   RO         6250    .ARM.Collect$$_printf_percent$$0000000B  c_w.l(_printf_o.o)
    0x080001a6   0x080001a6   0x00000006   Code   RO         6248    .ARM.Collect$$_printf_percent$$0000000C  c_w.l(_printf_x.o)
    0x080001ac   0x080001ac   0x00000006   Code   RO         6258    .ARM.Collect$$_printf_percent$$0000000D  c_w.l(_printf_lli.o)
    0x080001b2   0x080001b2   0x00000006   Code   RO         6259    .ARM.Collect$$_printf_percent$$0000000E  c_w.l(_printf_lld.o)
    0x080001b8   0x080001b8   0x00000006   Code   RO         6260    .ARM.Collect$$_printf_percent$$0000000F  c_w.l(_printf_llu.o)
    0x080001be   0x080001be   0x00000006   Code   RO         6265    .ARM.Collect$$_printf_percent$$00000010  c_w.l(_printf_llo.o)
    0x080001c4   0x080001c4   0x00000006   Code   RO         6266    .ARM.Collect$$_printf_percent$$00000011  c_w.l(_printf_llx.o)
    0x080001ca   0x080001ca   0x0000000a   Code   RO         6262    .ARM.Collect$$_printf_percent$$00000012  c_w.l(_printf_l.o)
    0x080001d4   0x080001d4   0x00000006   Code   RO         6246    .ARM.Collect$$_printf_percent$$00000013  c_w.l(_printf_c.o)
    0x080001da   0x080001da   0x00000006   Code   RO         6171    .ARM.Collect$$_printf_percent$$00000014  c_w.l(_printf_s.o)
    0x080001e0   0x080001e0   0x00000006   Code   RO         6263    .ARM.Collect$$_printf_percent$$00000015  c_w.l(_printf_lc.o)
    0x080001e6   0x080001e6   0x00000006   Code   RO         6264    .ARM.Collect$$_printf_percent$$00000016  c_w.l(_printf_ls.o)
    0x080001ec   0x080001ec   0x00000004   Code   RO         6257    .ARM.Collect$$_printf_percent$$00000017  c_w.l(_printf_percent_end.o)
    0x080001f0   0x080001f0   0x00000002   Code   RO         6357    .ARM.Collect$$libinit$$00000000  c_w.l(libinit.o)
    0x080001f2   0x080001f2   0x00000000   Code   RO         6359    .ARM.Collect$$libinit$$00000002  c_w.l(libinit2.o)
    0x080001f2   0x080001f2   0x00000000   Code   RO         6361    .ARM.Collect$$libinit$$00000004  c_w.l(libinit2.o)
    0x080001f2   0x080001f2   0x00000000   Code   RO         6364    .ARM.Collect$$libinit$$0000000A  c_w.l(libinit2.o)
    0x080001f2   0x080001f2   0x00000000   Code   RO         6366    .ARM.Collect$$libinit$$0000000C  c_w.l(libinit2.o)
    0x080001f2   0x080001f2   0x00000000   Code   RO         6368    .ARM.Collect$$libinit$$0000000E  c_w.l(libinit2.o)
    0x080001f2   0x080001f2   0x00000006   Code   RO         6369    .ARM.Collect$$libinit$$0000000F  c_w.l(libinit2.o)
    0x080001f8   0x080001f8   0x00000000   Code   RO         6371    .ARM.Collect$$libinit$$00000011  c_w.l(libinit2.o)
    0x080001f8   0x080001f8   0x0000000c   Code   RO         6372    .ARM.Collect$$libinit$$00000012  c_w.l(libinit2.o)
    0x08000204   0x08000204   0x00000000   Code   RO         6373    .ARM.Collect$$libinit$$00000013  c_w.l(libinit2.o)
    0x08000204   0x08000204   0x00000000   Code   RO         6375    .ARM.Collect$$libinit$$00000015  c_w.l(libinit2.o)
    0x08000204   0x08000204   0x0000000a   Code   RO         6376    .ARM.Collect$$libinit$$00000016  c_w.l(libinit2.o)
    0x0800020e   0x0800020e   0x00000000   Code   RO         6377    .ARM.Collect$$libinit$$00000017  c_w.l(libinit2.o)
    0x0800020e   0x0800020e   0x00000000   Code   RO         6379    .ARM.Collect$$libinit$$00000019  c_w.l(libinit2.o)
    0x0800020e   0x0800020e   0x00000000   Code   RO         6381    .ARM.Collect$$libinit$$0000001B  c_w.l(libinit2.o)
    0x0800020e   0x0800020e   0x00000000   Code   RO         6383    .ARM.Collect$$libinit$$0000001D  c_w.l(libinit2.o)
    0x0800020e   0x0800020e   0x00000000   Code   RO         6385    .ARM.Collect$$libinit$$0000001F  c_w.l(libinit2.o)
    0x0800020e   0x0800020e   0x00000000   Code   RO         6387    .ARM.Collect$$libinit$$00000021  c_w.l(libinit2.o)
    0x0800020e   0x0800020e   0x00000000   Code   RO         6389    .ARM.Collect$$libinit$$00000023  c_w.l(libinit2.o)
    0x0800020e   0x0800020e   0x00000000   Code   RO         6391    .ARM.Collect$$libinit$$00000025  c_w.l(libinit2.o)
    0x0800020e   0x0800020e   0x00000000   Code   RO         6395    .ARM.Collect$$libinit$$0000002C  c_w.l(libinit2.o)
    0x0800020e   0x0800020e   0x00000000   Code   RO         6397    .ARM.Collect$$libinit$$0000002E  c_w.l(libinit2.o)
    0x0800020e   0x0800020e   0x00000000   Code   RO         6399    .ARM.Collect$$libinit$$00000030  c_w.l(libinit2.o)
    0x0800020e   0x0800020e   0x00000000   Code   RO         6401    .ARM.Collect$$libinit$$00000032  c_w.l(libinit2.o)
    0x0800020e   0x0800020e   0x00000002   Code   RO         6402    .ARM.Collect$$libinit$$00000033  c_w.l(libinit2.o)
    0x08000210   0x08000210   0x00000002   Code   RO         6435    .ARM.Collect$$libshutdown$$00000000  c_w.l(libshutdown.o)
    0x08000212   0x08000212   0x00000000   Code   RO         6446    .ARM.Collect$$libshutdown$$00000002  c_w.l(libshutdown2.o)
    0x08000212   0x08000212   0x00000000   Code   RO         6448    .ARM.Collect$$libshutdown$$00000004  c_w.l(libshutdown2.o)
    0x08000212   0x08000212   0x00000000   Code   RO         6450    .ARM.Collect$$libshutdown$$00000006  c_w.l(libshutdown2.o)
    0x08000212   0x08000212   0x00000000   Code   RO         6453    .ARM.Collect$$libshutdown$$00000009  c_w.l(libshutdown2.o)
    0x08000212   0x08000212   0x00000000   Code   RO         6456    .ARM.Collect$$libshutdown$$0000000C  c_w.l(libshutdown2.o)
    0x08000212   0x08000212   0x00000000   Code   RO         6458    .ARM.Collect$$libshutdown$$0000000E  c_w.l(libshutdown2.o)
    0x08000212   0x08000212   0x00000000   Code   RO         6461    .ARM.Collect$$libshutdown$$00000011  c_w.l(libshutdown2.o)
    0x08000212   0x08000212   0x00000002   Code   RO         6462    .ARM.Collect$$libshutdown$$00000012  c_w.l(libshutdown2.o)
    0x08000214   0x08000214   0x00000000   Code   RO         6192    .ARM.Collect$$rtentry$$00000000  c_w.l(__rtentry.o)
    0x08000214   0x08000214   0x00000000   Code   RO         6281    .ARM.Collect$$rtentry$$00000002  c_w.l(__rtentry2.o)
    0x08000214   0x08000214   0x00000006   Code   RO         6293    .ARM.Collect$$rtentry$$00000004  c_w.l(__rtentry4.o)
    0x0800021a   0x0800021a   0x00000000   Code   RO         6283    .ARM.Collect$$rtentry$$00000009  c_w.l(__rtentry2.o)
    0x0800021a   0x0800021a   0x00000004   Code   RO         6284    .ARM.Collect$$rtentry$$0000000A  c_w.l(__rtentry2.o)
    0x0800021e   0x0800021e   0x00000000   Code   RO         6286    .ARM.Collect$$rtentry$$0000000C  c_w.l(__rtentry2.o)
    0x0800021e   0x0800021e   0x00000008   Code   RO         6287    .ARM.Collect$$rtentry$$0000000D  c_w.l(__rtentry2.o)
    0x08000226   0x08000226   0x00000002   Code   RO         6408    .ARM.Collect$$rtexit$$00000000  c_w.l(rtexit.o)
    0x08000228   0x08000228   0x00000000   Code   RO         6415    .ARM.Collect$$rtexit$$00000002  c_w.l(rtexit2.o)
    0x08000228   0x08000228   0x00000004   Code   RO         6416    .ARM.Collect$$rtexit$$00000003  c_w.l(rtexit2.o)
    0x0800022c   0x0800022c   0x00000006   Code   RO         6417    .ARM.Collect$$rtexit$$00000004  c_w.l(rtexit2.o)
    0x08000232   0x08000232   0x00000002   PAD
    0x08000234   0x08000234   0x00000040   Code   RO            4    .text               startup_stm32f103xb.o
    0x08000274   0x08000274   0x00000034   Code   RO         6137    .text               c_w.l(vsnprintf.o)
    0x080002a8   0x080002a8   0x00000038   Code   RO         6139    .text               c_w.l(__2snprintf.o)
    0x080002e0   0x080002e0   0x0000004e   Code   RO         6145    .text               c_w.l(_printf_pad.o)
    0x0800032e   0x0800032e   0x00000052   Code   RO         6147    .text               c_w.l(_printf_str.o)
    0x08000380   0x08000380   0x00000078   Code   RO         6149    .text               c_w.l(_printf_dec.o)
    0x080003f8   0x080003f8   0x00000188   Code   RO         6168    .text               c_w.l(__printf_flags_ss_wp.o)
    0x08000580   0x08000580   0x00000072   Code   RO         6174    .text               c_w.l(strtoul.o)
    0x080005f2   0x080005f2   0x0000003e   Code   RO         6176    .text               c_w.l(strlen.o)
    0x08000630   0x08000630   0x0000008a   Code   RO         6178    .text               c_w.l(rt_memcpy_v6.o)
    0x080006ba   0x080006ba   0x00000064   Code   RO         6180    .text               c_w.l(rt_memcpy_w.o)
    0x0800071e   0x0800071e   0x00000044   Code   RO         6182    .text               c_w.l(rt_memclr.o)
    0x08000762   0x08000762   0x0000004e   Code   RO         6184    .text               c_w.l(rt_memclr_w.o)
    0x080007b0   0x080007b0   0x00000080   Code   RO         6186    .text               c_w.l(strcmpv7m.o)
    0x08000830   0x08000830   0x00000006   Code   RO         6188    .text               c_w.l(heapauxi.o)
    0x08000836   0x08000836   0x00000002   PAD
    0x08000838   0x08000838   0x00000010   Code   RO         6193    .text               c_w.l(rt_ctype_table.o)
    0x08000848   0x08000848   0x00000008   Code   RO         6198    .text               c_w.l(rt_errno_addr_intlibspace.o)
    0x08000850   0x08000850   0x00000024   Code   RO         6200    .text               c_w.l(_printf_truncate.o)
    0x08000874   0x08000874   0x000000b2   Code   RO         6202    .text               c_w.l(_printf_intcommon.o)
    0x08000926   0x08000926   0x00000028   Code   RO         6204    .text               c_w.l(_printf_charcount.o)
    0x0800094e   0x0800094e   0x00000002   PAD
    0x08000950   0x08000950   0x00000030   Code   RO         6206    .text               c_w.l(_printf_char_common.o)
    0x08000980   0x08000980   0x0000000a   Code   RO         6208    .text               c_w.l(_sputc.o)
    0x0800098a   0x0800098a   0x00000010   Code   RO         6210    .text               c_w.l(_snputc.o)
    0x0800099a   0x0800099a   0x0000002c   Code   RO         6212    .text               c_w.l(_printf_char.o)
    0x080009c6   0x080009c6   0x00000002   PAD
    0x080009c8   0x080009c8   0x000000bc   Code   RO         6214    .text               c_w.l(_printf_wctomb.o)
    0x08000a84   0x08000a84   0x0000007c   Code   RO         6217    .text               c_w.l(_printf_longlong_dec.o)
    0x08000b00   0x08000b00   0x00000070   Code   RO         6223    .text               c_w.l(_printf_oct_int_ll.o)
    0x08000b70   0x08000b70   0x00000094   Code   RO         6243    .text               c_w.l(_printf_hex_int_ll_ptr.o)
    0x08000c04   0x08000c04   0x0000009e   Code   RO         6267    .text               c_w.l(_strtoul.o)
    0x08000ca2   0x08000ca2   0x00000002   PAD
    0x08000ca4   0x08000ca4   0x00000008   Code   RO         6277    .text               c_w.l(libspace.o)
    0x08000cac   0x08000cac   0x00000008   Code   RO         6298    .text               c_w.l(rt_locale_intlibspace.o)
    0x08000cb4   0x08000cb4   0x0000008a   Code   RO         6300    .text               c_w.l(lludiv10.o)
    0x08000d3e   0x08000d3e   0x0000041e   Code   RO         6302    .text               c_w.l(_printf_fp_dec.o)
    0x0800115c   0x0800115c   0x000002fc   Code   RO         6304    .text               c_w.l(_printf_fp_hex.o)
    0x08001458   0x08001458   0x0000002c   Code   RO         6309    .text               c_w.l(_printf_wchar.o)
    0x08001484   0x08001484   0x0000001c   Code   RO         6311    .text               c_w.l(_chval.o)
    0x080014a0   0x080014a0   0x00000040   Code   RO         6313    .text               c_w.l(_wcrtomb.o)
    0x080014e0   0x080014e0   0x0000004a   Code   RO         6318    .text               c_w.l(sys_stackheap_outer.o)
    0x0800152a   0x0800152a   0x00000002   PAD
    0x0800152c   0x0800152c   0x00000080   Code   RO         6320    .text               c_w.l(_printf_fp_infnan.o)
    0x080015ac   0x080015ac   0x000000e4   Code   RO         6322    .text               c_w.l(bigflt0.o)
    0x08001690   0x08001690   0x00000012   Code   RO         6350    .text               c_w.l(exit.o)
    0x080016a2   0x080016a2   0x0000003e   Code   RO         6325    CL$$btod_d2e        c_w.l(btod.o)
    0x080016e0   0x080016e0   0x00000046   Code   RO         6327    CL$$btod_d2e_denorm_low  c_w.l(btod.o)
    0x08001726   0x08001726   0x00000060   Code   RO         6326    CL$$btod_d2e_norm_op1  c_w.l(btod.o)
    0x08001786   0x08001786   0x00000338   Code   RO         6335    CL$$btod_div_common  c_w.l(btod.o)
    0x08001abe   0x08001abe   0x000000dc   Code   RO         6332    CL$$btod_e2e        c_w.l(btod.o)
    0x08001b9a   0x08001b9a   0x0000002a   Code   RO         6329    CL$$btod_ediv       c_w.l(btod.o)
    0x08001bc4   0x08001bc4   0x0000002a   Code   RO         6328    CL$$btod_emul       c_w.l(btod.o)
    0x08001bee   0x08001bee   0x00000244   Code   RO         6334    CL$$btod_mult_common  c_w.l(btod.o)
    0x08001e32   0x08001e32   0x00000002   Code   RO          365    i.BusFault_Handler  stm32f1xx_it.o
    0x08001e34   0x08001e34   0x00000002   Code   RO          366    i.DebugMon_Handler  stm32f1xx_it.o
    0x08001e36   0x08001e36   0x00000004   Code   RO           13    i.Error_Handler     main.o
    0x08001e3a   0x08001e3a   0x00000046   Code   RO         1566    i.HAL_DMA_Abort     stm32f1xx_hal_dma.o
    0x08001e80   0x08001e80   0x00000098   Code   RO         1567    i.HAL_DMA_Abort_IT  stm32f1xx_hal_dma.o
    0x08001f18   0x08001f18   0x00000024   Code   RO         1192    i.HAL_Delay         stm32f1xx_hal.o
    0x08001f3c   0x08001f3c   0x000001e0   Code   RO         1502    i.HAL_GPIO_Init     stm32f1xx_hal_gpio.o
    0x0800211c   0x0800211c   0x0000000c   Code   RO         1196    i.HAL_GetTick       stm32f1xx_hal.o
    0x08002128   0x08002128   0x00000010   Code   RO         1202    i.HAL_IncTick       stm32f1xx_hal.o
    0x08002138   0x08002138   0x00000024   Code   RO         1203    i.HAL_Init          stm32f1xx_hal.o
    0x0800215c   0x0800215c   0x00000040   Code   RO         1204    i.HAL_InitTick      stm32f1xx_hal.o
    0x0800219c   0x0800219c   0x0000003c   Code   RO          462    i.HAL_MspInit       stm32f1xx_hal_msp.o
    0x080021d8   0x080021d8   0x0000001a   Code   RO         1662    i.HAL_NVIC_EnableIRQ  stm32f1xx_hal_cortex.o
    0x080021f2   0x080021f2   0x00000002   PAD
    0x080021f4   0x080021f4   0x00000040   Code   RO         1668    i.HAL_NVIC_SetPriority  stm32f1xx_hal_cortex.o
    0x08002234   0x08002234   0x00000024   Code   RO         1669    i.HAL_NVIC_SetPriorityGrouping  stm32f1xx_hal_cortex.o
    0x08002258   0x08002258   0x0000012c   Code   RO         1360    i.HAL_RCC_ClockConfig  stm32f1xx_hal_rcc.o
    0x08002384   0x08002384   0x00000020   Code   RO         1367    i.HAL_RCC_GetPCLK1Freq  stm32f1xx_hal_rcc.o
    0x080023a4   0x080023a4   0x00000020   Code   RO         1368    i.HAL_RCC_GetPCLK2Freq  stm32f1xx_hal_rcc.o
    0x080023c4   0x080023c4   0x0000004c   Code   RO         1369    i.HAL_RCC_GetSysClockFreq  stm32f1xx_hal_rcc.o
    0x08002410   0x08002410   0x00000320   Code   RO         1372    i.HAL_RCC_OscConfig  stm32f1xx_hal_rcc.o
    0x08002730   0x08002730   0x00000028   Code   RO         1673    i.HAL_SYSTICK_Config  stm32f1xx_hal_cortex.o
    0x08002758   0x08002758   0x00000002   Code   RO          834    i.HAL_UARTEx_RxEventCallback  stm32f1xx_hal_uart.o
    0x0800275a   0x0800275a   0x00000002   Code   RO          848    i.HAL_UART_ErrorCallback  stm32f1xx_hal_uart.o
    0x0800275c   0x0800275c   0x0000026c   Code   RO          851    i.HAL_UART_IRQHandler  stm32f1xx_hal_uart.o
    0x080029c8   0x080029c8   0x00000064   Code   RO          852    i.HAL_UART_Init     stm32f1xx_hal_uart.o
    0x08002a2c   0x08002a2c   0x00000134   Code   RO          312    i.HAL_UART_MspInit  usart.o
    0x08002b60   0x08002b60   0x00000002   Code   RO          858    i.HAL_UART_RxCpltCallback  stm32f1xx_hal_uart.o
    0x08002b62   0x08002b62   0x000000a0   Code   RO          860    i.HAL_UART_Transmit  stm32f1xx_hal_uart.o
    0x08002c02   0x08002c02   0x00000002   Code   RO          863    i.HAL_UART_TxCpltCallback  stm32f1xx_hal_uart.o
    0x08002c04   0x08002c04   0x00000004   Code   RO         3650    i.HOOCH_PROTOCOL_AirConditioner_DispatchFrame  hooch_air_conditioner_dispatch.o
    0x08002c08   0x08002c08   0x0000000e   Code   RO         3686    i.HOOCH_PROTOCOL_AirConditioner_IsValidControlItem  hooch_air_conditioner_report.o
    0x08002c16   0x08002c16   0x0000000e   Code   RO         3687    i.HOOCH_PROTOCOL_AirConditioner_IsValidFanSpeed  hooch_air_conditioner_report.o
    0x08002c24   0x08002c24   0x0000000e   Code   RO         3688    i.HOOCH_PROTOCOL_AirConditioner_IsValidMode  hooch_air_conditioner_report.o
    0x08002c32   0x08002c32   0x0000000e   Code   RO         3689    i.HOOCH_PROTOCOL_AirConditioner_IsValidPower  hooch_air_conditioner_report.o
    0x08002c40   0x08002c40   0x00000080   Code   RO           14    i.HOOCH_PROTOCOL_AirConditioner_Process  main.o
    0x08002cc0   0x08002cc0   0x0000000c   Code   RO         3651    i.HOOCH_PROTOCOL_AirConditioner_RegisterCallback  hooch_air_conditioner_dispatch.o
    0x08002ccc   0x08002ccc   0x0000000c   Code   RO         3691    i.HOOCH_PROTOCOL_AirConditioner_RegisterReportCallback  hooch_air_conditioner_report.o
    0x08002cd8   0x08002cd8   0x0000000c   Code   RO         3692    i.HOOCH_PROTOCOL_AirConditioner_RegisterReportCallback2  hooch_air_conditioner_report.o
    0x08002ce4   0x08002ce4   0x000000d0   Code   RO         3652    i.HOOCH_PROTOCOL_AirConditioner_SetDispatchFrameInternal  hooch_air_conditioner_dispatch.o
    0x08002db4   0x08002db4   0x000000f0   Code   RO           15    i.HOOCH_PROTOCOL_CodeMatchDispatch_Process  main.o
    0x08002ea4   0x08002ea4   0x0000000c   Code   RO         4119    i.HOOCH_PROTOCOL_CodeMatchDispatch_RegisterCallback  hooch_code_match_dispatch_dispatch.o
    0x08002eb0   0x08002eb0   0x00000018   Code   RO         3919    i.HOOCH_PROTOCOL_Curtain_NotifyReportCallback1  hooch_curtain_report.o
    0x08002ec8   0x08002ec8   0x00000064   Code   RO           16    i.HOOCH_PROTOCOL_Curtain_Process  main.o
    0x08002f2c   0x08002f2c   0x0000000c   Code   RO         3856    i.HOOCH_PROTOCOL_Curtain_RegisterCallback  hooch_curtain_dispatch.o
    0x08002f38   0x08002f38   0x0000000c   Code   RO         3924    i.HOOCH_PROTOCOL_Curtain_RegisterReportCallback3  hooch_curtain_report.o
    0x08002f44   0x08002f44   0x00000004   Code   RO         3927    i.HOOCH_PROTOCOL_Curtain_SendAngle  hooch_curtain_report.o
    0x08002f48   0x08002f48   0x00000004   Code   RO         3930    i.HOOCH_PROTOCOL_Curtain_SendPercent  hooch_curtain_report.o
    0x08002f4c   0x08002f4c   0x00000004   Code   RO         3933    i.HOOCH_PROTOCOL_Curtain_SendStop  hooch_curtain_report.o
    0x08002f50   0x08002f50   0x00000004   Code   RO         3936    i.HOOCH_PROTOCOL_Curtain_SendSwitch  hooch_curtain_report.o
    0x08002f54   0x08002f54   0x00000018   Code   RO         3939    i.HOOCH_PROTOCOL_Curtain_SetAngle  hooch_curtain_report.o
    0x08002f6c   0x08002f6c   0x0000002c   Code   RO         3941    i.HOOCH_PROTOCOL_Curtain_SetItem  hooch_curtain_report.o
    0x08002f98   0x08002f98   0x00000018   Code   RO         3942    i.HOOCH_PROTOCOL_Curtain_SetPercent  hooch_curtain_report.o
    0x08002fb0   0x08002fb0   0x00000018   Code   RO         3944    i.HOOCH_PROTOCOL_Curtain_SetStop  hooch_curtain_report.o
    0x08002fc8   0x08002fc8   0x00000018   Code   RO         3945    i.HOOCH_PROTOCOL_Curtain_SetValue  hooch_curtain_report.o
    0x08002fe0   0x08002fe0   0x00000008   Code   RO         2226    i.HOOCH_PROTOCOL_DimmerLight_GetFrame  hooch_dimmer_light_report.o
    0x08002fe8   0x08002fe8   0x0000000e   Code   RO         2227    i.HOOCH_PROTOCOL_DimmerLight_IsValidKey  hooch_dimmer_light_report.o
    0x08002ff6   0x08002ff6   0x0000000e   Code   RO         2228    i.HOOCH_PROTOCOL_DimmerLight_IsValidSwitchState  hooch_dimmer_light_report.o
    0x08003004   0x08003004   0x00000018   Code   RO         2229    i.HOOCH_PROTOCOL_DimmerLight_NotifyReportCallback1  hooch_dimmer_light_report.o
    0x0800301c   0x0800301c   0x00000068   Code   RO           17    i.HOOCH_PROTOCOL_DimmerLight_Process  main.o
    0x08003084   0x08003084   0x0000000c   Code   RO         2176    i.HOOCH_PROTOCOL_DimmerLight_RegisterCallback  hooch_dimmer_light_dispatch.o
    0x08003090   0x08003090   0x0000000c   Code   RO         2234    i.HOOCH_PROTOCOL_DimmerLight_RegisterReportCallback3  hooch_dimmer_light_report.o
    0x0800309c   0x0800309c   0x0000002c   Code   RO         2236    i.HOOCH_PROTOCOL_DimmerLight_SendBrightness  hooch_dimmer_light_report.o
    0x080030c8   0x080030c8   0x0000002c   Code   RO         2239    i.HOOCH_PROTOCOL_DimmerLight_SendColorTemperature  hooch_dimmer_light_report.o
    0x080030f4   0x080030f4   0x00000038   Code   RO         2244    i.HOOCH_PROTOCOL_DimmerLight_SendSwitch  hooch_dimmer_light_report.o
    0x0800312c   0x0800312c   0x00000004   Code   RO         2397    i.HOOCH_PROTOCOL_FloorHeating_DispatchFrame  hooch_floor_heating_dispatch.o
    0x08003130   0x08003130   0x0000000e   Code   RO         2448    i.HOOCH_PROTOCOL_FloorHeating_IsValidControlItem  hooch_floor_heating_report.o
    0x0800313e   0x0800313e   0x0000000e   Code   RO         2449    i.HOOCH_PROTOCOL_FloorHeating_IsValidMode  hooch_floor_heating_report.o
    0x0800314c   0x0800314c   0x0000000e   Code   RO         2450    i.HOOCH_PROTOCOL_FloorHeating_IsValidPower  hooch_floor_heating_report.o
    0x0800315a   0x0800315a   0x00000002   PAD
    0x0800315c   0x0800315c   0x00000018   Code   RO         2398    i.HOOCH_PROTOCOL_FloorHeating_NotifyDispatchCallback  hooch_floor_heating_dispatch.o
    0x08003174   0x08003174   0x0000007c   Code   RO           18    i.HOOCH_PROTOCOL_FloorHeating_Process  main.o
    0x080031f0   0x080031f0   0x0000000c   Code   RO         2399    i.HOOCH_PROTOCOL_FloorHeating_RegisterCallback  hooch_floor_heating_dispatch.o
    0x080031fc   0x080031fc   0x0000000c   Code   RO         2452    i.HOOCH_PROTOCOL_FloorHeating_RegisterReportCallback  hooch_floor_heating_report.o
    0x08003208   0x08003208   0x000000ac   Code   RO         2400    i.HOOCH_PROTOCOL_FloorHeating_SetDispatchFrameInternal  hooch_floor_heating_dispatch.o
    0x080032b4   0x080032b4   0x00000004   Code   RO         2608    i.HOOCH_PROTOCOL_FreshAir_DispatchFrame  hooch_fresh_air_dispatch.o
    0x080032b8   0x080032b8   0x0000000e   Code   RO         2659    i.HOOCH_PROTOCOL_FreshAir_IsValidControlItem  hooch_fresh_air_report.o
    0x080032c6   0x080032c6   0x0000000e   Code   RO         2660    i.HOOCH_PROTOCOL_FreshAir_IsValidFanSpeed  hooch_fresh_air_report.o
    0x080032d4   0x080032d4   0x0000000e   Code   RO         2661    i.HOOCH_PROTOCOL_FreshAir_IsValidMode  hooch_fresh_air_report.o
    0x080032e2   0x080032e2   0x0000000e   Code   RO         2662    i.HOOCH_PROTOCOL_FreshAir_IsValidPower  hooch_fresh_air_report.o
    0x080032f0   0x080032f0   0x00000018   Code   RO         2609    i.HOOCH_PROTOCOL_FreshAir_NotifyDispatchCallback  hooch_fresh_air_dispatch.o
    0x08003308   0x08003308   0x00000074   Code   RO           19    i.HOOCH_PROTOCOL_FreshAir_Process  main.o
    0x0800337c   0x0800337c   0x0000000c   Code   RO         2610    i.HOOCH_PROTOCOL_FreshAir_RegisterCallback  hooch_fresh_air_dispatch.o
    0x08003388   0x08003388   0x0000000c   Code   RO         2664    i.HOOCH_PROTOCOL_FreshAir_RegisterReportCallback  hooch_fresh_air_report.o
    0x08003394   0x08003394   0x000000b8   Code   RO         2611    i.HOOCH_PROTOCOL_FreshAir_SetDispatchFrameInternal  hooch_fresh_air_dispatch.o
    0x0800344c   0x0800344c   0x0000000e   Code   RO         3559    i.HOOCH_PROTOCOL_KeyMode_IsValidKey  hooch_key_mode.o
    0x0800345a   0x0800345a   0x00000012   Code   RO         3560    i.HOOCH_PROTOCOL_KeyMode_IsValidPowerOnStatus  hooch_key_mode.o
    0x0800346c   0x0800346c   0x00000014   Code   RO         3562    i.HOOCH_PROTOCOL_KeyMode_NotifyCallback  hooch_key_mode.o
    0x08003480   0x08003480   0x00000064   Code   RO           20    i.HOOCH_PROTOCOL_KeyMode_Process  main.o
    0x080034e4   0x080034e4   0x0000000c   Code   RO         3563    i.HOOCH_PROTOCOL_KeyMode_RegisterCallback  hooch_key_mode.o
    0x080034f0   0x080034f0   0x00000004   Code   RO         3564    i.HOOCH_PROTOCOL_KeyMode_Send  hooch_key_mode.o
    0x080034f4   0x080034f4   0x00000044   Code   RO         3565    i.HOOCH_PROTOCOL_KeyMode_Set  hooch_key_mode.o
    0x08003538   0x08003538   0x0000001a   Code   RO         2965    i.HOOCH_PROTOCOL_KeyName_CopyName  hooch_key_name.o
    0x08003552   0x08003552   0x00000002   PAD
    0x08003554   0x08003554   0x00000018   Code   RO         2969    i.HOOCH_PROTOCOL_KeyName_NotifyCallback  hooch_key_name.o
    0x0800356c   0x0800356c   0x00000074   Code   RO           21    i.HOOCH_PROTOCOL_KeyName_Process  main.o
    0x080035e0   0x080035e0   0x0000000c   Code   RO         2970    i.HOOCH_PROTOCOL_KeyName_RegisterCallback  hooch_key_name.o
    0x080035ec   0x080035ec   0x00000044   Code   RO         2971    i.HOOCH_PROTOCOL_KeyName_SetFrame  hooch_key_name.o
    0x08003630   0x08003630   0x00000064   Code   RO           22    i.HOOCH_PROTOCOL_KeyStatusReport_Process  main.o
    0x08003694   0x08003694   0x00000050   Code   RO         3036    i.HOOCH_PROTOCOL_KeyStatus_DispatchFrame  hooch_key_status_dispatch.o
    0x080036e4   0x080036e4   0x00000018   Code   RO         3038    i.HOOCH_PROTOCOL_KeyStatus_NotifyDispatchCallback  hooch_key_status_dispatch.o
    0x080036fc   0x080036fc   0x00000018   Code   RO         3077    i.HOOCH_PROTOCOL_KeyStatus_NotifyReportCallback  hooch_key_status_report.o
    0x08003714   0x08003714   0x0000000c   Code   RO         3039    i.HOOCH_PROTOCOL_KeyStatus_RegisterCallback  hooch_key_status_dispatch.o
    0x08003720   0x08003720   0x0000000c   Code   RO         3078    i.HOOCH_PROTOCOL_KeyStatus_RegisterReportCallback  hooch_key_status_report.o
    0x0800372c   0x0800372c   0x00000034   Code   RO         3079    i.HOOCH_PROTOCOL_KeyStatus_ReportState  hooch_key_status_report.o
    0x08003760   0x08003760   0x00000018   Code   RO         3200    i.HOOCH_PROTOCOL_SceneDispatch_NotifyCallback  hooch_scene_dispatch.o
    0x08003778   0x08003778   0x00000068   Code   RO           23    i.HOOCH_PROTOCOL_SceneDispatch_Process  main.o
    0x080037e0   0x080037e0   0x0000000c   Code   RO         3201    i.HOOCH_PROTOCOL_SceneDispatch_RegisterCallback  hooch_scene_dispatch.o
    0x080037ec   0x080037ec   0x00000004   Code   RO         3202    i.HOOCH_PROTOCOL_SceneDispatch_Send  hooch_scene_dispatch.o
    0x080037f0   0x080037f0   0x00000028   Code   RO         3203    i.HOOCH_PROTOCOL_SceneDispatch_Set  hooch_scene_dispatch.o
    0x08003818   0x08003818   0x00000018   Code   RO         3279    i.HOOCH_PROTOCOL_SceneReport_NotifyCallback  hooch_scene_report.o
    0x08003830   0x08003830   0x00000018   Code   RO         3280    i.HOOCH_PROTOCOL_SceneReport_NotifyReportCallback1  hooch_scene_report.o
    0x08003848   0x08003848   0x0000000c   Code   RO         3282    i.HOOCH_PROTOCOL_SceneReport_RegisterReportCallback  hooch_scene_report.o
    0x08003854   0x08003854   0x00000006   Code   RO         3286    i.HOOCH_PROTOCOL_SceneReport_Send  hooch_scene_report.o
    0x0800385a   0x0800385a   0x00000002   PAD
    0x0800385c   0x0800385c   0x0000002c   Code   RO         3292    i.HOOCH_PROTOCOL_SceneReport_SetAction  hooch_scene_report.o
    0x08003888   0x08003888   0x0000000c   Code   RO         3496    i.HOOCH_PROTOCOL_SettingReport_RegisterCallback  hooch_setting_report.o
    0x08003894   0x08003894   0x00000004   Code   RO         3497    i.HOOCH_PROTOCOL_SettingReport_Send  hooch_setting_report.o
    0x08003898   0x08003898   0x00000028   Code   RO         3498    i.HOOCH_PROTOCOL_SettingReport_SetEvent  hooch_setting_report.o
    0x080038c0   0x080038c0   0x00000018   Code   RO         3432    i.HOOCH_PROTOCOL_Setting_NotifyCallback  hooch_setting.o
    0x080038d8   0x080038d8   0x00000178   Code   RO           24    i.HOOCH_PROTOCOL_Setting_Process  main.o
    0x08003a50   0x08003a50   0x0000000c   Code   RO         3433    i.HOOCH_PROTOCOL_Setting_RegisterCallback  hooch_setting.o
    0x08003a5c   0x08003a5c   0x00000024   Code   RO         3435    i.HOOCH_PROTOCOL_Setting_SetFrame  hooch_setting.o
    0x08003a80   0x08003a80   0x00000002   Code   RO          367    i.HardFault_Handler  stm32f1xx_it.o
    0x08003a82   0x08003a82   0x00000002   PAD
    0x08003a84   0x08003a84   0x000000c8   Code   RO          554    i.Hooch_CLI_Init    hooch_cli_driver.o
    0x08003b4c   0x08003b4c   0x0000016c   Code   RO          555    i.Hooch_CLI_Process  hooch_cli_driver.o
    0x08003cb8   0x08003cb8   0x00000024   Code   RO          556    i.Hooch_CLI_RxCallback  hooch_cli_driver.o
    0x08003cdc   0x08003cdc   0x00000044   Code   RO          489    i.Log_Init          user_printf.o
    0x08003d20   0x08003d20   0x00000028   Code   RO          490    i.Log_Printf        user_printf.o
    0x08003d48   0x08003d48   0x0000003c   Code   RO          287    i.MX_GPIO_Init      gpio.o
    0x08003d84   0x08003d84   0x00000038   Code   RO          313    i.MX_USART1_UART_Init  usart.o
    0x08003dbc   0x08003dbc   0x00000038   Code   RO          314    i.MX_USART2_UART_Init  usart.o
    0x08003df4   0x08003df4   0x00000038   Code   RO          315    i.MX_USART3_UART_Init  usart.o
    0x08003e2c   0x08003e2c   0x00000002   Code   RO          368    i.MemManage_Handler  stm32f1xx_it.o
    0x08003e2e   0x08003e2e   0x00000002   Code   RO          369    i.NMI_Handler       stm32f1xx_it.o
    0x08003e30   0x08003e30   0x00000002   Code   RO          370    i.PendSV_Handler    stm32f1xx_it.o
    0x08003e32   0x08003e32   0x00000002   Code   RO          371    i.SVC_Handler       stm32f1xx_it.o
    0x08003e34   0x08003e34   0x00000004   Code   RO          372    i.SysTick_Handler   stm32f1xx_it.o
    0x08003e38   0x08003e38   0x0000005e   Code   RO           25    i.SystemClock_Config  main.o
    0x08003e96   0x08003e96   0x00000002   Code   RO          713    i.SystemInit        system_stm32f1xx.o
    0x08003e98   0x08003e98   0x00000014   Code   RO          491    i.UART1_SendChar    user_printf.o
    0x08003eac   0x08003eac   0x00000024   Code   RO          493    i.UART1_SendString  user_printf.o
    0x08003ed0   0x08003ed0   0x00000010   Code   RO          865    i.UART_DMAAbortOnError  stm32f1xx_hal_uart.o
    0x08003ee0   0x08003ee0   0x0000004e   Code   RO          875    i.UART_EndRxTransfer  stm32f1xx_hal_uart.o
    0x08003f2e   0x08003f2e   0x000000c2   Code   RO          877    i.UART_Receive_IT   stm32f1xx_hal_uart.o
    0x08003ff0   0x08003ff0   0x000000b8   Code   RO          878    i.UART_SetConfig    stm32f1xx_hal_uart.o
    0x080040a8   0x080040a8   0x00000072   Code   RO          881    i.UART_WaitOnFlagUntilTimeout  stm32f1xx_hal_uart.o
    0x0800411a   0x0800411a   0x00000002   PAD
    0x0800411c   0x0800411c   0x00000038   Code   RO          373    i.USART1_IRQHandler  stm32f1xx_it.o
    0x08004154   0x08004154   0x00000034   Code   RO          374    i.USART2_IRQHandler  stm32f1xx_it.o
    0x08004188   0x08004188   0x0000000c   Code   RO          375    i.USART3_IRQHandler  stm32f1xx_it.o
    0x08004194   0x08004194   0x00000002   Code   RO          376    i.UsageFault_Handler  stm32f1xx_it.o
    0x08004196   0x08004196   0x00000028   Code   RO         6406    i.__ARM_fpclassify  m_ws.l(fpclassify.o)
    0x080041be   0x080041be   0x00000020   Code   RO         1675    i.__NVIC_SetPriority  stm32f1xx_hal_cortex.o
    0x080041de   0x080041de   0x00000002   PAD
    0x080041e0   0x080041e0   0x000000d0   Code   RO         4504    i.__calculate_week_and_date  protocol.o
    0x080042b0   0x080042b0   0x00000058   Code   RO         4505    i.__check_ota_data  protocol.o
    0x08004308   0x08004308   0x00000050   Code   RO         4506    i.__dp_send_type_handle  protocol.o
    0x08004358   0x08004358   0x00000062   Code   RO         4507    i.__get_native_mcu_fw_ver  protocol.o
    0x080043ba   0x080043ba   0x00000026   Code   RO         4508    i.__is_leap_year    protocol.o
    0x080043e0   0x080043e0   0x0000002c   Code   RO         4509    i.__send_mcu_fw_ver  protocol.o
    0x0800440c   0x0800440c   0x0000000e   Code   RO         6161    i._is_digit         c_w.l(__printf_wp.o)
    0x0800441a   0x0800441a   0x00000002   Code   RO          494    i._sys_exit         user_printf.o
    0x0800441c   0x0800441c   0x00000018   Code   RO         4817    i.ascii_to_hex      system.o
    0x08004434   0x08004434   0x0000001a   Code   RO         4818    i.byte_to_int       system.o
    0x0800444e   0x0800444e   0x00000002   PAD
    0x08004450   0x08004450   0x000000a0   Code   RO          557    i.cli_cmd_help      hooch_cli_driver.o
    0x080044f0   0x080044f0   0x000000f0   Code   RO          558    i.cli_cmd_mi_brightness  hooch_cli_driver.o
    0x080045e0   0x080045e0   0x0000016c   Code   RO          559    i.cli_cmd_mi_color_temp  hooch_cli_driver.o
    0x0800474c   0x0800474c   0x000000f4   Code   RO          560    i.cli_cmd_mi_curtain_angle  hooch_cli_driver.o
    0x08004840   0x08004840   0x000000fc   Code   RO          561    i.cli_cmd_mi_curtain_percent  hooch_cli_driver.o
    0x0800493c   0x0800493c   0x000000f0   Code   RO          562    i.cli_cmd_mi_curtain_stop  hooch_cli_driver.o
    0x08004a2c   0x08004a2c   0x000000f4   Code   RO          563    i.cli_cmd_mi_curtain_switch  hooch_cli_driver.o
    0x08004b20   0x08004b20   0x00000028   Code   RO          564    i.cli_cmd_mi_get_weather  hooch_cli_driver.o
    0x08004b48   0x08004b48   0x00000098   Code   RO          565    i.cli_cmd_mi_human_presence  hooch_cli_driver.o
    0x08004be0   0x08004be0   0x00000100   Code   RO          566    i.cli_cmd_mi_key_status  hooch_cli_driver.o
    0x08004ce0   0x08004ce0   0x000000b4   Code   RO          567    i.cli_cmd_mi_scene_report  hooch_cli_driver.o
    0x08004d94   0x08004d94   0x0000011c   Code   RO          568    i.cli_cmd_mi_setting_report  hooch_cli_driver.o
    0x08004eb0   0x08004eb0   0x000000e8   Code   RO          569    i.cli_cmd_mi_switch  hooch_cli_driver.o
    0x08004f98   0x08004f98   0x0000004c   Code   RO          570    i.cli_cmd_reboot    hooch_cli_driver.o
    0x08004fe4   0x08004fe4   0x00000022   Code   RO          571    i.cli_parse_curtain_key  hooch_cli_driver.o
    0x08005006   0x08005006   0x00000022   Code   RO          572    i.cli_parse_dimmer_key  hooch_cli_driver.o
    0x08005028   0x08005028   0x0000002c   Code   RO          573    i.cli_parse_u8_arg  hooch_cli_driver.o
    0x08005054   0x08005054   0x00000098   Code   RO          574    i.cli_print_curtain_send_result  hooch_cli_driver.o
    0x080050ec   0x080050ec   0x000000a0   Code   RO          575    i.cli_print_dimmer_send_result  hooch_cli_driver.o
    0x0800518c   0x0800518c   0x000000ac   Code   RO          576    i.cli_print_key_status_send_result  hooch_cli_driver.o
    0x08005238   0x08005238   0x0000008c   Code   RO          577    i.cli_print_scene_send_result  hooch_cli_driver.o
    0x080052c4   0x080052c4   0x000000a4   Code   RO          578    i.cli_print_setting_report_send_result  hooch_cli_driver.o
    0x08005368   0x08005368   0x0000003a   Code   RO         5097    i.dispatch_air_frame  tuya_device_air.o
    0x080053a2   0x080053a2   0x00000038   Code   RO         5132    i.dispatch_floor_frame  tuya_device_floor.o
    0x080053da   0x080053da   0x00000038   Code   RO         5160    i.dispatch_fresh_air_frame  tuya_device_freshair.o
    0x08005412   0x08005412   0x00000002   PAD
    0x08005414   0x08005414   0x00000030   Code   RO         4510    i.dp_info_check     protocol.o
    0x08005444   0x08005444   0x00000850   Code   RO         4511    i.dp_msg_handle     protocol.o
    0x08005c94   0x08005c94   0x000003f8   Code   RO         4512    i.frame_rx_handle   protocol.o
    0x0800608c   0x0800608c   0x00000020   Code   RO         4819    i.get_seq_num       system.o
    0x080060ac   0x080060ac   0x00000024   Code   RO         4820    i.get_u8_checksum   system.o
    0x080060d0   0x080060d0   0x00000092   Code   RO         5098    i.handle_ac_temp_limit  tuya_device_air.o
    0x08006162   0x08006162   0x0000008a   Code   RO         5071    i.handle_adv_set    tuya_basic_setting.o
    0x080061ec   0x080061ec   0x00000060   Code   RO         5161    i.handle_fan_info   tuya_device_freshair.o
    0x0800624c   0x0800624c   0x0000008e   Code   RO         5133    i.handle_heat_limit  tuya_device_floor.o
    0x080062da   0x080062da   0x000000cc   Code   RO         5195    i.handle_key_mode   tuya_device_key.o
    0x080063a6   0x080063a6   0x00000064   Code   RO         5196    i.handle_key_name   tuya_device_key.o
    0x0800640a   0x0800640a   0x00000002   Code   RO         2159    i.hooch_cpu1_set_detected_protocol  hooch_protocol_common.o
    0x0800640c   0x0800640c   0x0000001a   Code   RO         5072    i.init_setting_frame  tuya_basic_setting.o
    0x08006426   0x08006426   0x00000002   PAD
    0x08006428   0x08006428   0x000001f8   Code   RO           26    i.main              main.o
    0x08006620   0x08006620   0x00000022   Code   RO         5099    i.map_fan_speed     tuya_device_air.o
    0x08006642   0x08006642   0x00000026   Code   RO         5100    i.map_mode          tuya_device_air.o
    0x08006668   0x08006668   0x00000016   Code   RO         5162    i.map_mode          tuya_device_freshair.o
    0x0800667e   0x0800667e   0x00000014   Code   RO         5163    i.map_supply_speed  tuya_device_freshair.o
    0x08006692   0x08006692   0x00000044   Code   RO         4514    i.mcu_dp_bool_update  protocol.o
    0x080066d6   0x080066d6   0x0000003e   Code   RO         4515    i.mcu_dp_enum_update  protocol.o
    0x08006714   0x08006714   0x00000042   Code   RO         4517    i.mcu_dp_raw_update  protocol.o
    0x08006756   0x08006756   0x0000005a   Code   RO         4519    i.mcu_dp_value_update  protocol.o
    0x080067b0   0x080067b0   0x00000008   Code   RO         4520    i.mcu_get_dp_download_bool  protocol.o
    0x080067b8   0x080067b8   0x00000008   Code   RO         4521    i.mcu_get_dp_download_enum  protocol.o
    0x080067c0   0x080067c0   0x0000000a   Code   RO         4522    i.mcu_get_dp_download_value  protocol.o
    0x080067ca   0x080067ca   0x00000004   Code   RO         4261    i.mcu_recv_beacon_notify_cb  mcu_api.o
    0x080067ce   0x080067ce   0x00000066   Code   RO         4262    i.mcu_recv_city_response_cb  mcu_api.o
    0x08006834   0x08006834   0x00000002   Code   RO         4263    i.mcu_recv_double_dongle_test_data_cb  mcu_api.o
    0x08006836   0x08006836   0x00000002   Code   RO         4264    i.mcu_recv_double_dongle_test_notify_cb  mcu_api.o
    0x08006838   0x08006838   0x0000002e   Code   RO         4265    i.mcu_recv_factory_recovery_cb  mcu_api.o
    0x08006866   0x08006866   0x00000002   Code   RO         4266    i.mcu_recv_gpio_config_result_cb  mcu_api.o
    0x08006868   0x08006868   0x00000002   Code   RO         4267    i.mcu_recv_gpio_irq_cb  mcu_api.o
    0x0800686a   0x0800686a   0x00000002   Code   RO         4268    i.mcu_recv_gpio_read_result_cb  mcu_api.o
    0x0800686c   0x0800686c   0x00000002   Code   RO         4269    i.mcu_recv_gpio_write_result_cb  mcu_api.o
    0x0800686e   0x0800686e   0x00000002   Code   RO         4270    i.mcu_recv_gw_nwk_status_cb  mcu_api.o
    0x08006870   0x08006870   0x00000002   Code   RO         4271    i.mcu_recv_ota_data_cb  mcu_api.o
    0x08006872   0x08006872   0x00000002   Code   RO         4272    i.mcu_recv_ota_notify_cb  mcu_api.o
    0x08006874   0x08006874   0x00000002   Code   RO         4273    i.mcu_recv_rf_test_result_cb  mcu_api.o
    0x08006876   0x08006876   0x00000044   Code   RO         4274    i.mcu_recv_scene_config_cb  mcu_api.o
    0x080068ba   0x080068ba   0x00000002   PAD
    0x080068bc   0x080068bc   0x00000068   Code   RO         4275    i.mcu_recv_time_sync_cb  mcu_api.o
    0x08006924   0x08006924   0x00000034   Code   RO         4276    i.mcu_recv_weather_area_cb  mcu_api.o
    0x08006958   0x08006958   0x00000034   Code   RO         4277    i.mcu_recv_weather_city_cb  mcu_api.o
    0x0800698c   0x0800698c   0x0000003c   Code   RO         4278    i.mcu_recv_weather_forecast_cb  mcu_api.o
    0x080069c8   0x080069c8   0x0000008c   Code   RO         4279    i.mcu_recv_weather_response_cb  mcu_api.o
    0x08006a54   0x08006a54   0x00000054   Code   RO         4280    i.mcu_recv_weather_wind_cb  mcu_api.o
    0x08006aa8   0x08006aa8   0x00000002   Code   RO         4281    i.mcu_recv_zg_auth_cb  mcu_api.o
    0x08006aaa   0x08006aaa   0x00000002   Code   RO         4282    i.mcu_recv_zg_mac_addr_cb  mcu_api.o
    0x08006aac   0x08006aac   0x00000030   Code   RO         4283    i.mcu_recv_zg_nwk_status_notify_cb  mcu_api.o
    0x08006adc   0x08006adc   0x00000002   Code   RO         4284    i.mcu_recv_zg_nwk_status_response_cb  mcu_api.o
    0x08006ade   0x08006ade   0x00000002   Code   RO         4285    i.mcu_recv_zg_sw_ver_cb  mcu_api.o
    0x08006ae0   0x08006ae0   0x00000118   Code   RO         4523    i.mcu_rx_common_dp_msg  protocol.o
    0x08006bf8   0x08006bf8   0x00000068   Code   RO         4524    i.mcu_rx_group_dp_msg  protocol.o
    0x08006c60   0x08006c60   0x000000bc   Code   RO         4525    i.mcu_rx_ota_data   protocol.o
    0x08006d1c   0x08006d1c   0x00000104   Code   RO         4526    i.mcu_rx_ota_notify  protocol.o
    0x08006e20   0x08006e20   0x000000dc   Code   RO         4527    i.mcu_rx_product_info_request  protocol.o
    0x08006efc   0x08006efc   0x0000005e   Code   RO         4528    i.mcu_rx_zg_info    protocol.o
    0x08006f5a   0x08006f5a   0x00000002   PAD
    0x08006f5c   0x08006f5c   0x00000108   Code   RO         4286    i.mcu_send_dp_msg_cb  mcu_api.o
    0x08007064   0x08007064   0x00000026   Code   RO         4536    i.mcu_tx_let_zigbee_start_join  protocol.o
    0x0800708a   0x0800708a   0x00000002   PAD
    0x0800708c   0x0800708c   0x00000044   Code   RO         4537    i.mcu_tx_ota_result  protocol.o
    0x080070d0   0x080070d0   0x00000018   Code   RO         4542    i.mcu_tx_request_time_sync  protocol.o
    0x080070e8   0x080070e8   0x00000098   Code   RO         4287    i.mcu_weather_code_to_hooch  mcu_api.o
    0x08007180   0x08007180   0x0000003c   Code   RO         4823    i.my_memcpy         system.o
    0x080071bc   0x080071bc   0x00000016   Code   RO         4824    i.my_memset         system.o
    0x080071d2   0x080071d2   0x00000016   Code   RO         4827    i.my_strlen         system.o
    0x080071e8   0x080071e8   0x00000032   Code   RO         4828    i.my_strncmp        system.o
    0x0800721a   0x0800721a   0x00000002   PAD
    0x0800721c   0x0800721c   0x00000034   Code   RO         4829    i.queue_dequeue_byte  system.o
    0x08007250   0x08007250   0x0000003c   Code   RO         4830    i.queue_enqueue_byte  system.o
    0x0800728c   0x0800728c   0x000000fa   Code   RO         4939    i.tuya_air_conditioner_control  tuya_report_callbacks.o
    0x08007386   0x08007386   0x00000002   PAD
    0x08007388   0x08007388   0x000000b8   Code   RO         4940    i.tuya_air_conditioner_report_callback  tuya_report_callbacks.o
    0x08007440   0x08007440   0x000000ec   Code   RO         4941    i.tuya_air_conditioner_report_callback2  tuya_report_callbacks.o
    0x0800752c   0x0800752c   0x00000024   Code   RO         4942    i.tuya_air_fan_speed_from_hooch  tuya_report_callbacks.o
    0x08007550   0x08007550   0x00000026   Code   RO         4943    i.tuya_air_mode_from_hooch  tuya_report_callbacks.o
    0x08007576   0x08007576   0x00000072   Code   RO         4944    i.tuya_curtain_adjust  tuya_report_callbacks.o
    0x080075e8   0x080075e8   0x00000058   Code   RO         4945    i.tuya_curtain_pause  tuya_report_callbacks.o
    0x08007640   0x08007640   0x00000048   Code   RO         4946    i.tuya_curtain_report_callback  tuya_report_callbacks.o
    0x08007688   0x08007688   0x00000060   Code   RO         4947    i.tuya_curtain_switch  tuya_report_callbacks.o
    0x080076e8   0x080076e8   0x00000062   Code   RO         4948    i.tuya_dimmer_light_adjust  tuya_report_callbacks.o
    0x0800774a   0x0800774a   0x0000004a   Code   RO         4949    i.tuya_dimmer_light_callback  tuya_report_callbacks.o
    0x08007794   0x08007794   0x0000008c   Code   RO         4950    i.tuya_dimmer_light_color_temp  tuya_report_callbacks.o
    0x08007820   0x08007820   0x00000050   Code   RO         4951    i.tuya_dimmer_light_switch  tuya_report_callbacks.o
    0x08007870   0x08007870   0x000000ee   Code   RO         5101    i.tuya_dp_dispatch_air  tuya_device_air.o
    0x0800795e   0x0800795e   0x00000078   Code   RO         5134    i.tuya_dp_dispatch_floor  tuya_device_floor.o
    0x080079d6   0x080079d6   0x000000a2   Code   RO         5164    i.tuya_dp_dispatch_freshair  tuya_device_freshair.o
    0x08007a78   0x08007a78   0x0000001a   Code   RO         5197    i.tuya_dp_dispatch_key  tuya_device_key.o
    0x08007a92   0x08007a92   0x0000003e   Code   RO         5220    i.tuya_dp_dispatch_scene  tuya_device_scene.o
    0x08007ad0   0x08007ad0   0x00000150   Code   RO         5073    i.tuya_dp_dispatch_setting  tuya_basic_setting.o
    0x08007c20   0x08007c20   0x00000080   Code   RO         5235    i.tuya_dp_dispatch_switch  tuya_device_switch.o
    0x08007ca0   0x08007ca0   0x00000064   Code   RO         4952    i.tuya_floor_heating_report_callback  tuya_report_callbacks.o
    0x08007d04   0x08007d04   0x000000b0   Code   RO         4953    i.tuya_fresh_air_report_callback  tuya_report_callbacks.o
    0x08007db4   0x08007db4   0x0000030c   Code   RO         4552    i.tuya_get_cmd_name  protocol.o
    0x080080c0   0x080080c0   0x00000364   Code   RO         4553    i.tuya_get_dp_name  protocol.o
    0x08008424   0x08008424   0x0000008c   Code   RO         4954    i.tuya_key_status_report_callback  tuya_report_callbacks.o
    0x080084b0   0x080084b0   0x00000070   Code   RO         4554    i.tuya_log_payload_hex  protocol.o
    0x08008520   0x08008520   0x0000011c   Code   RO         4955    i.tuya_query_weather  tuya_report_callbacks.o
    0x0800863c   0x0800863c   0x00000020   Code   RO         4956    i.tuya_scene_report_callback  tuya_report_callbacks.o
    0x0800865c   0x0800865c   0x00000230   Code   RO         4957    i.tuya_setting_report_callback  tuya_report_callbacks.o
    0x0800888c   0x0800888c   0x00000060   Code   RO         4958    i.tuya_uart_init    tuya_report_callbacks.o
    0x080088ec   0x080088ec   0x00000050   Code   RO         4831    i.uart_framing_fill_payload_add_group_id  system.o
    0x0800893c   0x0800893c   0x00000030   Code   RO         4832    i.uart_framing_fill_payload_buff  system.o
    0x0800896c   0x0800896c   0x0000001c   Code   RO         4833    i.uart_framing_fill_payload_byte  system.o
    0x08008988   0x08008988   0x00000058   Code   RO         4834    i.uart_framing_fill_protocol_field  system.o
    0x080089e0   0x080089e0   0x00000018   Code   RO         4288    i.uart_send_byte    mcu_api.o
    0x080089f8   0x080089f8   0x0000001c   Code   RO         4289    i.uart_send_bytes   mcu_api.o
    0x08008a14   0x08008a14   0x00000010   Code   RO         4290    i.uart_send_frame   mcu_api.o
    0x08008a24   0x08008a24   0x000000d4   Code   RO         4291    i.uart_service_parse  mcu_api.o
    0x08008af8   0x08008af8   0x00000004   Code   RO         4292    i.uart_servive_rx_store  mcu_api.o
    0x08008afc   0x08008afc   0x0000002c   Code   RO         6316    locale$$code        c_w.l(lc_ctype_c.o)
    0x08008b28   0x08008b28   0x0000002c   Code   RO         6348    locale$$code        c_w.l(lc_numeric_c.o)
    0x08008b54   0x08008b54   0x00000004   Code   RO         6269    x$fpl$printf1       fz_ws.l(printf1.o)
    0x08008b58   0x08008b58   0x00000004   Code   RO         6271    x$fpl$printf2       fz_ws.l(printf2.o)
    0x08008b5c   0x08008b5c   0x00000000   Code   RO         6405    x$fpl$usenofp       fz_ws.l(usenofp.o)
    0x08008b5c   0x08008b5c   0x000000a8   Data   RO          580    .constdata          hooch_cli_driver.o
    0x08008c04   0x08008c04   0x00000010   Data   RO          714    .constdata          system_stm32f1xx.o
    0x08008c14   0x08008c14   0x00000008   Data   RO          715    .constdata          system_stm32f1xx.o
    0x08008c1c   0x08008c1c   0x00000012   Data   RO         1373    .constdata          stm32f1xx_hal_rcc.o
    0x08008c2e   0x08008c2e   0x00000002   PAD
    0x08008c30   0x08008c30   0x0000006c   Data   RO         4556    .constdata          protocol.o
    0x08008c9c   0x08008c9c   0x00000020   Data   RO         5074    .constdata          tuya_basic_setting.o
    0x08008cbc   0x08008cbc   0x00000011   Data   RO         6169    .constdata          c_w.l(__printf_flags_ss_wp.o)
    0x08008ccd   0x08008ccd   0x00000003   PAD
    0x08008cd0   0x08008cd0   0x00000008   Data   RO         6215    .constdata          c_w.l(_printf_wctomb.o)
    0x08008cd8   0x08008cd8   0x00000028   Data   RO         6244    .constdata          c_w.l(_printf_hex_int_ll_ptr.o)
    0x08008d00   0x08008d00   0x00000026   Data   RO         6305    .constdata          c_w.l(_printf_fp_hex.o)
    0x08008d26   0x08008d26   0x00000002   PAD
    0x08008d28   0x08008d28   0x00000094   Data   RO         6323    .constdata          c_w.l(bigflt0.o)
    0x08008dbc   0x08008dbc   0x000004d6   Data   RO           27    .conststring        main.o
    0x08009292   0x08009292   0x00000002   PAD
    0x08009294   0x08009294   0x00000352   Data   RO          581    .conststring        hooch_cli_driver.o
    0x080095e6   0x080095e6   0x00000002   PAD
    0x080095e8   0x080095e8   0x0000009e   Data   RO         4293    .conststring        mcu_api.o
    0x08009686   0x08009686   0x00000002   PAD
    0x08009688   0x08009688   0x0000015b   Data   RO         4959    .conststring        tuya_report_callbacks.o
    0x080097e3   0x080097e3   0x00000001   PAD
    0x080097e4   0x080097e4   0x00000020   Data   RO         6487    Region$$Table       anon$$obj.o
    0x08009804   0x08009804   0x00000110   Data   RO         6315    locale$$data        c_w.l(lc_ctype_c.o)
    0x08009914   0x08009914   0x0000001c   Data   RO         6347    locale$$data        c_w.l(lc_numeric_c.o)


    Execution Region RW_IRAM1 (Exec base: 0x20000000, Load base: 0x08009930, Size: 0x00000fb0, Max: 0x00005000, ABSOLUTE)

    Exec Addr    Load Addr    Size         Type   Attr      Idx    E Section Name        Object

    0x20000000   0x08009930   0x00000006   Data   RW          582    .data               hooch_cli_driver.o
    0x20000006   0x08009936   0x00000002   PAD
    0x20000008   0x08009938   0x00000004   Data   RW          716    .data               system_stm32f1xx.o
    0x2000000c   0x0800993c   0x0000000c   Data   RW         1210    .data               stm32f1xx_hal.o
    0x20000018   0x08009948   0x00000004   Data   RW         2179    .data               hooch_dimmer_light_dispatch.o
    0x2000001c   0x0800994c   0x0000000c   Data   RW         2253    .data               hooch_dimmer_light_report.o
    0x20000028   0x08009958   0x00000004   Data   RW         2404    .data               hooch_floor_heating_dispatch.o
    0x2000002c   0x0800995c   0x00000008   Data   RW         2472    .data               hooch_floor_heating_report.o
    0x20000034   0x08009964   0x00000004   Data   RW         2615    .data               hooch_fresh_air_dispatch.o
    0x20000038   0x08009968   0x00000008   Data   RW         2682    .data               hooch_fresh_air_report.o
    0x20000040   0x08009970   0x00000004   Data   RW         2975    .data               hooch_key_name.o
    0x20000044   0x08009974   0x00000004   Data   RW         3042    .data               hooch_key_status_dispatch.o
    0x20000048   0x08009978   0x00000004   Data   RW         3083    .data               hooch_key_status_report.o
    0x2000004c   0x0800997c   0x00000004   Data   RW         3209    .data               hooch_scene_dispatch.o
    0x20000050   0x08009980   0x00000014   Data   RW         3301    .data               hooch_scene_report.o
    0x20000064   0x08009994   0x00000004   Data   RW         3440    .data               hooch_setting.o
    0x20000068   0x08009998   0x0000000c   Data   RW         3501    .data               hooch_setting_report.o
    0x20000074   0x080099a4   0x00000009   Data   RW         3570    .data               hooch_key_mode.o
    0x2000007d   0x080099ad   0x00000003   PAD
    0x20000080   0x080099b0   0x00000004   Data   RW         3655    .data               hooch_air_conditioner_dispatch.o
    0x20000084   0x080099b4   0x00000008   Data   RW         3711    .data               hooch_air_conditioner_report.o
    0x2000008c   0x080099bc   0x00000004   Data   RW         3861    .data               hooch_curtain_dispatch.o
    0x20000090   0x080099c0   0x0000000c   Data   RW         3950    .data               hooch_curtain_report.o
    0x2000009c   0x080099cc   0x00000009   Data   RW         4123    .data               hooch_code_match_dispatch_dispatch.o
    0x200000a5   0x080099d5   0x00000001   PAD
    0x200000a6   0x080099d6   0x00000002   Data   RW         4294    .data               mcu_api.o
    0x200000a8   0x080099d8   0x00000032   Data   RW         4557    .data               protocol.o
    0x200000da   0x08009a0a   0x00000002   PAD
    0x200000dc   0x08009a0c   0x0000000c   Data   RW         4837    .data               system.o
    0x200000e8        -       0x000000d8   Zero   RW          316    .bss                usart.o
    0x200001c0        -       0x00000100   Zero   RW          495    .bss                user_printf.o
    0x200002c0        -       0x000000c0   Zero   RW          579    .bss                hooch_cli_driver.o
    0x20000380        -       0x0000002c   Zero   RW         2252    .bss                hooch_dimmer_light_report.o
    0x200003ac        -       0x00000028   Zero   RW         2403    .bss                hooch_floor_heating_dispatch.o
    0x200003d4        -       0x00000028   Zero   RW         2614    .bss                hooch_fresh_air_dispatch.o
    0x200003fc        -       0x00000028   Zero   RW         2974    .bss                hooch_key_name.o
    0x20000424        -       0x00000028   Zero   RW         3041    .bss                hooch_key_status_dispatch.o
    0x2000044c        -       0x00000028   Zero   RW         3082    .bss                hooch_key_status_report.o
    0x20000474        -       0x0000001e   Zero   RW         3208    .bss                hooch_scene_dispatch.o
    0x20000492        -       0x0000000a   Zero   RW         3300    .bss                hooch_scene_report.o
    0x2000049c        -       0x0000001c   Zero   RW         3439    .bss                hooch_setting.o
    0x200004b8        -       0x00000020   Zero   RW         3569    .bss                hooch_key_mode.o
    0x200004d8        -       0x0000002a   Zero   RW         3654    .bss                hooch_air_conditioner_dispatch.o
    0x20000502        -       0x00000032   Zero   RW         3949    .bss                hooch_curtain_report.o
    0x20000534        -       0x00000018   Zero   RW         4555    .bss                protocol.o
    0x2000054c        -       0x00000100   Zero   RW         4835    .bss                system.o
    0x2000064c        -       0x00000300   Zero   RW         4836    .bss                system.o
    0x2000094c        -       0x00000060   Zero   RW         6278    .bss                c_w.l(libspace.o)
    0x200009ac   0x08009a18   0x00000004   PAD
    0x200009b0        -       0x00000200   Zero   RW            2    HEAP                startup_stm32f103xb.o
    0x20000bb0        -       0x00000400   Zero   RW            1    STACK               startup_stm32f103xb.o


==============================================================================

Image component sizes


      Code (inc. data)   RO Data    RW Data    ZI Data      Debug   Object Name

        60          6          0          0          0        783   gpio.o
       224         28          0          4         42       2903   hooch_air_conditioner_dispatch.o
        80         12          0          8          0       5319   hooch_air_conditioner_report.o
      4464       2726       1018          6        192      44987   hooch_cli_driver.o
        12          6          0          9          0        896   hooch_code_match_dispatch_dispatch.o
        12          6          0          4          0        838   hooch_curtain_dispatch.o
       192         34          0         12         50       7794   hooch_curtain_report.o
        12          6          0          4          0        866   hooch_dimmer_light_dispatch.o
       216         32          0         12         44       6093   hooch_dimmer_light_report.o
       212         34          0          4         40       3315   hooch_floor_heating_dispatch.o
        54          6          0          8          0       3926   hooch_floor_heating_report.o
       224         32          0          4         40       3095   hooch_fresh_air_dispatch.o
        68          6          0          8          0       4342   hooch_fresh_air_report.o
       136         20          0          9         32       4536   hooch_key_mode.o
       130         22          0          4         40       2812   hooch_key_name.o
       116         22          0          4         40       2545   hooch_key_status_dispatch.o
        88         22          0          4         40       2725   hooch_key_status_report.o
         2          0          0          0          0        531   hooch_protocol_common.o
        80         20          0          4         30       3004   hooch_scene_dispatch.o
       110         30          0         20         10       3937   hooch_scene_report.o
        72         20          0          4         28       2180   hooch_setting.o
        56         12          0         12          0       2957   hooch_setting_report.o
      2210       1180       1238          0          0     440416   main.o
      1488        296        158          2          0      25324   mcu_api.o
      7096       2378        108         50         24      44053   protocol.o
        64         26        236          0       1536        792   startup_stm32f103xb.o
       164         28          0         12          0       5761   stm32f1xx_hal.o
       198         14          0          0          0      28839   stm32f1xx_hal_cortex.o
       222          4          0          0          0       1719   stm32f1xx_hal_dma.o
       480         34          0          0          0       2228   stm32f1xx_hal_gpio.o
        60          8          0          0          0        834   stm32f1xx_hal_msp.o
      1240         84         18          0          0       5016   stm32f1xx_hal_rcc.o
      1474         10          0          0          0       9860   stm32f1xx_hal_uart.o
       140         14          0          0          0       6950   stm32f1xx_it.o
       628         48          0         12       1024      11237   system.o
         2          0         24          4          0       1067   system_stm32f1xx.o
       500         16         32          0          0       4407   tuya_basic_setting.o
       514          6          0          0          0       5371   tuya_device_air.o
       318          0          0          0          0       3593   tuya_device_floor.o
       356          0          0          0          0       5192   tuya_device_freshair.o
       330          0          0          0          0       3271   tuya_device_key.o
        62         10          0          0          0        765   tuya_device_scene.o
       128          0          0          0          0        970   tuya_device_switch.o
      2894        566        347          0          0      16332   tuya_report_callbacks.o
       476         50          0          0        216       2948   usart.o
       166         74          0          0        256       4788   user_printf.o

    ----------------------------------------------------------------------
     27860       7948       3220        232       3684     742117   Object Totals
         0          0         32          0          0          0   (incl. Generated)
        30          0          9          8          0          0   (incl. Padding)

    ----------------------------------------------------------------------

      Code (inc. data)   RO Data    RW Data    ZI Data      Debug   Library Member Name

        56          6          0          0          0         88   __2snprintf.o
         8          0          0          0          0         68   __main.o
       392          4         17          0          0         92   __printf_flags_ss_wp.o
        14          0          0          0          0         68   __printf_wp.o
         0          0          0          0          0          0   __rtentry.o
        12          0          0          0          0          0   __rtentry2.o
         6          0          0          0          0          0   __rtentry4.o
        52          8          0          0          0          0   __scatter.o
        26          0          0          0          0          0   __scatter_copy.o
        28          0          0          0          0          0   __scatter_zi.o
        28          0          0          0          0         68   _chval.o
         6          0          0          0          0          0   _printf_a.o
         6          0          0          0          0          0   _printf_c.o
        44          0          0          0          0        108   _printf_char.o
        48          6          0          0          0         96   _printf_char_common.o
        40          0          0          0          0         68   _printf_charcount.o
         6          0          0          0          0          0   _printf_d.o
       120         16          0          0          0         92   _printf_dec.o
         6          0          0          0          0          0   _printf_e.o
         6          0          0          0          0          0   _printf_f.o
      1054          0          0          0          0        216   _printf_fp_dec.o
       764          8         38          0          0        100   _printf_fp_hex.o
       128         16          0          0          0         84   _printf_fp_infnan.o
         6          0          0          0          0          0   _printf_g.o
       148          4         40          0          0        160   _printf_hex_int_ll_ptr.o
         6          0          0          0          0          0   _printf_i.o
       178          0          0          0          0         88   _printf_intcommon.o
        10          0          0          0          0          0   _printf_l.o
         6          0          0          0          0          0   _printf_lc.o
        10          0          0          0          0          0   _printf_ll.o
         6          0          0          0          0          0   _printf_lld.o
         6          0          0          0          0          0   _printf_lli.o
         6          0          0          0          0          0   _printf_llo.o
         6          0          0          0          0          0   _printf_llu.o
         6          0          0          0          0          0   _printf_llx.o
       124         16          0          0          0         92   _printf_longlong_dec.o
         6          0          0          0          0          0   _printf_ls.o
         6          0          0          0          0          0   _printf_n.o
         6          0          0          0          0          0   _printf_o.o
       112         10          0          0          0        124   _printf_oct_int_ll.o
         6          0          0          0          0          0   _printf_p.o
        78          0          0          0          0        108   _printf_pad.o
         0          0          0          0          0          0   _printf_percent.o
         4          0          0          0          0          0   _printf_percent_end.o
         6          0          0          0          0          0   _printf_s.o
        82          0          0          0          0         80   _printf_str.o
        36          0          0          0          0         84   _printf_truncate.o
         6          0          0          0          0          0   _printf_u.o
        44          0          0          0          0        108   _printf_wchar.o
       188          6          8          0          0         92   _printf_wctomb.o
         6          0          0          0          0          0   _printf_x.o
        16          0          0          0          0         68   _snputc.o
        10          0          0          0          0         68   _sputc.o
       158          0          0          0          0         92   _strtoul.o
        64          0          0          0          0         92   _wcrtomb.o
       228          4        148          0          0         96   bigflt0.o
      1936        128          0          0          0        672   btod.o
        18          0          0          0          0         80   exit.o
         6          0          0          0          0        152   heapauxi.o
        44         10        272          0          0         76   lc_ctype_c.o
        44         10         28          0          0         76   lc_numeric_c.o
         2          0          0          0          0          0   libinit.o
        30          0          0          0          0          0   libinit2.o
         2          0          0          0          0          0   libshutdown.o
         2          0          0          0          0          0   libshutdown2.o
         8          4          0          0         96         68   libspace.o
       138          0          0          0          0         80   lludiv10.o
        16          4          0          0          0         76   rt_ctype_table.o
         8          4          0          0          0         68   rt_errno_addr_intlibspace.o
         8          4          0          0          0         68   rt_locale_intlibspace.o
        68          0          0          0          0         68   rt_memclr.o
        78          0          0          0          0         80   rt_memclr_w.o
       138          0          0          0          0         68   rt_memcpy_v6.o
       100          0          0          0          0         80   rt_memcpy_w.o
         2          0          0          0          0          0   rtexit.o
        10          0          0          0          0          0   rtexit2.o
       128          0          0          0          0         68   strcmpv7m.o
        62          0          0          0          0         76   strlen.o
       114          0          0          0          0         92   strtoul.o
        74          0          0          0          0         80   sys_stackheap_outer.o
        52          4          0          0          0         80   vsnprintf.o
         4          0          0          0          0         68   printf1.o
         4          0          0          0          0         68   printf2.o
         0          0          0          0          0          0   usenofp.o
        40          0          0          0          0         68   fpclassify.o

    ----------------------------------------------------------------------
      7580        272        556          0        100       4812   Library Totals
        14          0          5          0          4          0   (incl. Padding)

    ----------------------------------------------------------------------

      Code (inc. data)   RO Data    RW Data    ZI Data      Debug   Library Name

      7518        272        551          0         96       4608   c_w.l
         8          0          0          0          0        136   fz_ws.l
        40          0          0          0          0         68   m_ws.l

    ----------------------------------------------------------------------
      7580        272        556          0        100       4812   Library Totals

    ----------------------------------------------------------------------

==============================================================================


      Code (inc. data)   RO Data    RW Data    ZI Data      Debug   

     35440       8220       3776        232       3784     729557   Grand Totals
     35440       8220       3776        232       3784     729557   ELF Image Totals
     35440       8220       3776        232          0          0   ROM Totals

==============================================================================

    Total RO  Size (Code + RO Data)                39216 (  38.30kB)
    Total RW  Size (RW Data + ZI Data)              4016 (   3.92kB)
    Total ROM Size (Code + RO Data + RW Data)      39448 (  38.52kB)

==============================================================================

